Component: ARM Compiler 5.06 update 7 (build 960) Tool: armlink [4d3601]

==============================================================================

Section Cross References

    startup_stm32f427xx.o(RESET) refers to startup_stm32f427xx.o(STACK) for __initial_sp
    startup_stm32f427xx.o(RESET) refers to startup_stm32f427xx.o(.text) for Reset_Handler
    startup_stm32f427xx.o(RESET) refers to stm32f4xx_it.o(i.NMI_Handler) for NMI_Handler
    startup_stm32f427xx.o(RESET) refers to stm32f4xx_it.o(i.HardFault_Handler) for HardFault_Handler
    startup_stm32f427xx.o(RESET) refers to stm32f4xx_it.o(i.MemManage_Handler) for MemManage_Handler
    startup_stm32f427xx.o(RESET) refers to stm32f4xx_it.o(i.BusFault_Handler) for BusFault_Handler
    startup_stm32f427xx.o(RESET) refers to stm32f4xx_it.o(i.UsageFault_Handler) for UsageFault_Handler
    startup_stm32f427xx.o(RESET) refers to port.o(.emb_text) for SVC_Handler
    startup_stm32f427xx.o(RESET) refers to stm32f4xx_it.o(i.DebugMon_Handler) for DebugMon_Handler
    startup_stm32f427xx.o(RESET) refers to port.o(i.SysTick_Handler) for SysTick_Handler
    startup_stm32f427xx.o(RESET) refers to stm32f4xx_it.o(i.DMA1_Stream1_IRQHandler) for DMA1_Stream1_IRQHandler
    startup_stm32f427xx.o(RESET) refers to stm32f4xx_it.o(i.CAN1_TX_IRQHandler) for CAN1_TX_IRQHandler
    startup_stm32f427xx.o(RESET) refers to stm32f4xx_it.o(i.CAN1_RX0_IRQHandler) for CAN1_RX0_IRQHandler
    startup_stm32f427xx.o(RESET) refers to stm32f4xx_it.o(i.EXTI9_5_IRQHandler) for EXTI9_5_IRQHandler
    startup_stm32f427xx.o(RESET) refers to stm32f4xx_it.o(i.TIM2_IRQHandler) for TIM2_IRQHandler
    startup_stm32f427xx.o(RESET) refers to stm32f4xx_it.o(i.USART1_IRQHandler) for USART1_IRQHandler
    startup_stm32f427xx.o(RESET) refers to stm32f4xx_it.o(i.DMA2_Stream2_IRQHandler) for DMA2_Stream2_IRQHandler
    startup_stm32f427xx.o(RESET) refers to stm32f4xx_it.o(i.DMA2_Stream3_IRQHandler) for DMA2_Stream3_IRQHandler
    startup_stm32f427xx.o(RESET) refers to stm32f4xx_it.o(i.DMA2_Stream4_IRQHandler) for DMA2_Stream4_IRQHandler
    startup_stm32f427xx.o(RESET) refers to stm32f4xx_it.o(i.DMA2_Stream5_IRQHandler) for DMA2_Stream5_IRQHandler
    startup_stm32f427xx.o(RESET) refers to stm32f4xx_it.o(i.USART6_IRQHandler) for USART6_IRQHandler
    startup_stm32f427xx.o(RESET) refers to stm32f4xx_it.o(i.UART7_IRQHandler) for UART7_IRQHandler
    startup_stm32f427xx.o(.text) refers to system_stm32f4xx.o(i.SystemInit) for SystemInit
    startup_stm32f427xx.o(.text) refers to entry.o(.ARM.Collect$$$$00000000) for __main
    main.o(i.HAL_TIM_PeriodElapsedCallback) refers to stm32f4xx_hal.o(i.HAL_IncTick) for HAL_IncTick
    main.o(i.SystemClock_Config) refers to memseta.o(.text) for __aeabi_memclr4
    main.o(i.SystemClock_Config) refers to stm32f4xx_hal_rcc.o(i.HAL_RCC_OscConfig) for HAL_RCC_OscConfig
    main.o(i.SystemClock_Config) refers to stm32f4xx_hal_pwr_ex.o(i.HAL_PWREx_EnableOverDrive) for HAL_PWREx_EnableOverDrive
    main.o(i.SystemClock_Config) refers to stm32f4xx_hal_rcc.o(i.HAL_RCC_ClockConfig) for HAL_RCC_ClockConfig
    main.o(i.main) refers to stm32f4xx_hal.o(i.HAL_Init) for HAL_Init
    main.o(i.main) refers to main.o(i.SystemClock_Config) for SystemClock_Config
    main.o(i.main) refers to gpio.o(i.MX_GPIO_Init) for MX_GPIO_Init
    main.o(i.main) refers to dma.o(i.MX_DMA_Init) for MX_DMA_Init
    main.o(i.main) refers to can.o(i.MX_CAN1_Init) for MX_CAN1_Init
    main.o(i.main) refers to usart.o(i.MX_USART1_UART_Init) for MX_USART1_UART_Init
    main.o(i.main) refers to usart.o(i.MX_USART6_UART_Init) for MX_USART6_UART_Init
    main.o(i.main) refers to usart.o(i.MX_UART7_Init) for MX_UART7_Init
    main.o(i.main) refers to spi.o(i.MX_SPI1_Init) for MX_SPI1_Init
    main.o(i.main) refers to spi.o(i.MX_SPI5_Init) for MX_SPI5_Init
    main.o(i.main) refers to tim.o(i.MX_TIM3_Init) for MX_TIM3_Init
    main.o(i.main) refers to bsp_usart.o(i.USART_DMA_Enable) for USART_DMA_Enable
    main.o(i.main) refers to bsp_usart.o(i.USART_Enable) for USART_Enable
    main.o(i.main) refers to bsp_can.o(i.CAN_Enable) for CAN_Enable
    main.o(i.main) refers to bsp_dubs.o(i.dubs_data_init) for dubs_data_init
    main.o(i.main) refers to bsp_io.o(i.io_init) for io_init
    main.o(i.main) refers to bsp_dwt.o(i.DWT_Init) for DWT_Init
    main.o(i.main) refers to bsp_imu.o(i.mpu_device_init) for mpu_device_init
    main.o(i.main) refers to freertos.o(i.MX_FREERTOS_Init) for MX_FREERTOS_Init
    main.o(i.main) refers to cmsis_os.o(i.osKernelStart) for osKernelStart
    main.o(i.main) refers to bsp_usart.o(.bss) for usart1_rx_buffer
    main.o(i.main) refers to usart.o(.bss) for hdma_usart1_rx
    main.o(i.main) refers to bsp_usart.o(.data) for usart7_rx_buffer
    main.o(i.main) refers to can.o(.bss) for hcan1
    main.o(i.main) refers to spi.o(.bss) for hspi5
    gpio.o(i.MX_GPIO_Init) refers to memseta.o(.text) for __aeabi_memclr4
[...]
    HAL_CAN_RxFifo0MsgPendingCallback        0x08002451   Thumb Code   254  bsp_can.o(i.HAL_CAN_RxFifo0MsgPendingCallback)
    HAL_CAN_RxFifo1FullCallback              0x0800256d   Thumb Code     2  stm32f4xx_hal_can.o(i.HAL_CAN_RxFifo1FullCallback)
    HAL_CAN_RxFifo1MsgPendingCallback        0x0800256f   Thumb Code     2  stm32f4xx_hal_can.o(i.HAL_CAN_RxFifo1MsgPendingCallback)
    HAL_CAN_SleepCallback                    0x08002571   Thumb Code     2  stm32f4xx_hal_can.o(i.HAL_CAN_SleepCallback)
    HAL_CAN_Start                            0x08002575   Thumb Code    88  stm32f4xx_hal_can.o(i.HAL_CAN_Start)
    HAL_CAN_TxMailbox0AbortCallback          0x080025cd   Thumb Code     2  stm32f4xx_hal_can.o(i.HAL_CAN_TxMailbox0AbortCallback)
    HAL_CAN_TxMailbox0CompleteCallback       0x080025cf   Thumb Code     2  stm32f4xx_hal_can.o(i.HAL_CAN_TxMailbox0CompleteCallback)
    HAL_CAN_TxMailbox1AbortCallback          0x080025d1   Thumb Code     2  stm32f4xx_hal_can.o(i.HAL_CAN_TxMailbox1AbortCallback)
    HAL_CAN_TxMailbox1CompleteCallback       0x080025d3   Thumb Code     2  stm32f4xx_hal_can.o(i.HAL_CAN_TxMailbox1CompleteCallback)
    HAL_CAN_TxMailbox2AbortCallback          0x080025d5   Thumb Code     2  stm32f4xx_hal_can.o(i.HAL_CAN_TxMailbox2AbortCallback)
    HAL_CAN_TxMailbox2CompleteCallback       0x080025d7   Thumb Code     2  stm32f4xx_hal_can.o(i.HAL_CAN_TxMailbox2CompleteCallback)
    HAL_CAN_WakeUpFromRxMsgCallback          0x080025d9   Thumb Code     2  stm32f4xx_hal_can.o(i.HAL_CAN_WakeUpFromRxMsgCallback)
    HAL_DMA_Abort                            0x080025db   Thumb Code   146  stm32f4xx_hal_dma.o(i.HAL_DMA_Abort)
    HAL_DMA_Abort_IT                         0x0800266d   Thumb Code    36  stm32f4xx_hal_dma.o(i.HAL_DMA_Abort_IT)
    HAL_DMA_IRQHandler                       0x08002691   Thumb Code   412  stm32f4xx_hal_dma.o(i.HAL_DMA_IRQHandler)
    HAL_DMA_Init                             0x08002831   Thumb Code   206  stm32f4xx_hal_dma.o(i.HAL_DMA_Init)
    HAL_DMA_Start_IT                         0x08002905   Thumb Code   110  stm32f4xx_hal_dma.o(i.HAL_DMA_Start_IT)
    HAL_Delay                                0x08002975   Thumb Code    32  stm32f4xx_hal.o(i.HAL_Delay)
    HAL_GPIO_EXTI_Callback                   0x08002999   Thumb Code     2  stm32f4xx_hal_gpio.o(i.HAL_GPIO_EXTI_Callback)
    HAL_GPIO_EXTI_IRQHandler                 0x0800299d   Thumb Code    18  stm32f4xx_hal_gpio.o(i.HAL_GPIO_EXTI_IRQHandler)
    HAL_GPIO_Init                            0x080029b5   Thumb Code   510  stm32f4xx_hal_gpio.o(i.HAL_GPIO_Init)
    HAL_GPIO_WritePin                        0x08002be9   Thumb Code    10  stm32f4xx_hal_gpio.o(i.HAL_GPIO_WritePin)
    HAL_GetTick                              0x08002bf5   Thumb Code     6  stm32f4xx_hal.o(i.HAL_GetTick)
    HAL_IncTick                              0x08002c01   Thumb Code    12  stm32f4xx_hal.o(i.HAL_IncTick)
    HAL_Init                                 0x08002c11   Thumb Code    48  stm32f4xx_hal.o(i.HAL_Init)
    HAL_InitTick                             0x08002c45   Thumb Code   134  stm32f4xx_hal_timebase_tim.o(i.HAL_InitTick)
    HAL_MspInit                              0x08002cdd   Thumb Code    52  stm32f4xx_hal_msp.o(i.HAL_MspInit)
    HAL_NVIC_EnableIRQ                       0x08002d15   Thumb Code    26  stm32f4xx_hal_cortex.o(i.HAL_NVIC_EnableIRQ)
    HAL_NVIC_SetPriority                     0x08002d31   Thumb Code    60  stm32f4xx_hal_cortex.o(i.HAL_NVIC_SetPriority)
    HAL_NVIC_SetPriorityGrouping             0x08002d71   Thumb Code    26  stm32f4xx_hal_cortex.o(i.HAL_NVIC_SetPriorityGrouping)
    HAL_PWREx_EnableOverDrive                0x08002d95   Thumb Code    98  stm32f4xx_hal_pwr_ex.o(i.HAL_PWREx_EnableOverDrive)
    HAL_RCC_ClockConfig                      0x08002e05   Thumb Code   288  stm32f4xx_hal_rcc.o(i.HAL_RCC_ClockConfig)
    HAL_RCC_GetClockConfig                   0x08002f39   Thumb Code    54  stm32f4xx_hal_rcc.o(i.HAL_RCC_GetClockConfig)
    HAL_RCC_GetPCLK1Freq                     0x08002f79   Thumb Code    20  stm32f4xx_hal_rcc.o(i.HAL_RCC_GetPCLK1Freq)
    HAL_RCC_GetPCLK2Freq                     0x08002f99   Thumb Code    20  stm32f4xx_hal_rcc.o(i.HAL_RCC_GetPCLK2Freq)
    HAL_RCC_GetSysClockFreq                  0x08002fb9   Thumb Code    88  stm32f4xx_hal_rcc.o(i.HAL_RCC_GetSysClockFreq)
    HAL_RCC_OscConfig                        0x0800301d   Thumb Code   856  stm32f4xx_hal_rcc.o(i.HAL_RCC_OscConfig)
    HAL_SPI_ErrorCallback                    0x08003389   Thumb Code     2  stm32f4xx_hal_spi.o(i.HAL_SPI_ErrorCallback)
    HAL_SPI_Init                             0x0800338b   Thumb Code   188  stm32f4xx_hal_spi.o(i.HAL_SPI_Init)
    HAL_SPI_MspInit                          0x08003449   Thumb Code   344  spi.o(i.HAL_SPI_MspInit)
    HAL_SPI_TransmitReceive                  0x080035c1   Thumb Code   482  stm32f4xx_hal_spi.o(i.HAL_SPI_TransmitReceive)
    HAL_SPI_Transmit_DMA                     0x080037a5   Thumb Code   202  stm32f4xx_hal_spi.o(i.HAL_SPI_Transmit_DMA)
    HAL_SPI_TxCpltCallback                   0x0800387d   Thumb Code     2  stm32f4xx_hal_spi.o(i.HAL_SPI_TxCpltCallback)
    HAL_SPI_TxHalfCpltCallback               0x0800387f   Thumb Code     2  stm32f4xx_hal_spi.o(i.HAL_SPI_TxHalfCpltCallback)
    HAL_TIMEx_BreakCallback                  0x08003881   Thumb Code     2  stm32f4xx_hal_tim_ex.o(i.HAL_TIMEx_BreakCallback)
    HAL_TIMEx_CommutCallback                 0x08003883   Thumb Code     2  stm32f4xx_hal_tim_ex.o(i.HAL_TIMEx_CommutCallback)
    HAL_TIMEx_MasterConfigSynchronization    0x08003885   Thumb Code   116  stm32f4xx_hal_tim_ex.o(i.HAL_TIMEx_MasterConfigSynchronization)
    HAL_TIM_Base_Init                        0x08003915   Thumb Code    90  stm32f4xx_hal_tim.o(i.HAL_TIM_Base_Init)
    HAL_TIM_Base_MspInit                     0x0800396f   Thumb Code     2  stm32f4xx_hal_tim.o(i.HAL_TIM_Base_MspInit)
    HAL_TIM_Base_Start_IT                    0x08003971   Thumb Code   100  stm32f4xx_hal_tim.o(i.HAL_TIM_Base_Start_IT)
    HAL_TIM_IC_CaptureCallback               0x080039f1   Thumb Code     2  stm32f4xx_hal_tim.o(i.HAL_TIM_IC_CaptureCallback)
    HAL_TIM_IRQHandler                       0x080039f3   Thumb Code   358  stm32f4xx_hal_tim.o(i.HAL_TIM_IRQHandler)
    HAL_TIM_MspPostInit                      0x08003b59   Thumb Code    68  tim.o(i.HAL_TIM_MspPostInit)
    HAL_TIM_OC_DelayElapsedCallback          0x08003ba9   Thumb Code     2  stm32f4xx_hal_tim.o(i.HAL_TIM_OC_DelayElapsedCallback)
    HAL_TIM_PWM_ConfigChannel                0x08003bab   Thumb Code   204  stm32f4xx_hal_tim.o(i.HAL_TIM_PWM_ConfigChannel)
    HAL_TIM_PWM_Init                         0x08003c77   Thumb Code    90  stm32f4xx_hal_tim.o(i.HAL_TIM_PWM_Init)
    HAL_TIM_PWM_MspInit                      0x08003cd1   Thumb Code    30  tim.o(i.HAL_TIM_PWM_MspInit)
    HAL_TIM_PWM_PulseFinishedCallback        0x08003cf9   Thumb Code     2  stm32f4xx_hal_tim.o(i.HAL_TIM_PWM_PulseFinishedCallback)
    HAL_TIM_PWM_Start                        0x08003cfd   Thumb Code   172  stm32f4xx_hal_tim.o(i.HAL_TIM_PWM_Start)
    HAL_TIM_PeriodElapsedCallback            0x08003dc5   Thumb Code    14  main.o(i.HAL_TIM_PeriodElapsedCallback)
    HAL_TIM_TriggerCallback                  0x08003dd3   Thumb Code     2  stm32f4xx_hal_tim.o(i.HAL_TIM_TriggerCallback)
    HAL_UARTEx_RxEventCallback               0x08003dd5   Thumb Code     2  stm32f4xx_hal_uart.o(i.HAL_UARTEx_RxEventCallback)
    HAL_UART_DMAStop                         0x08003dd7   Thumb Code   112  stm32f4xx_hal_uart.o(i.HAL_UART_DMAStop)
    HAL_UART_ErrorCallback                   0x08003e47   Thumb Code    18  bsp_usart.o(i.HAL_UART_ErrorCallback)
    HAL_UART_IRQHandler                      0x08003e59   Thumb Code   610  stm32f4xx_hal_uart.o(i.HAL_UART_IRQHandler)
    HAL_UART_Init                            0x080040c1   Thumb Code    98  stm32f4xx_hal_uart.o(i.HAL_UART_Init)
    HAL_UART_MspInit                         0x08004125   Thumb Code   368  usart.o(i.HAL_UART_MspInit)
    HAL_UART_Receive_DMA                     0x080042bd   Thumb Code    42  stm32f4xx_hal_uart.o(i.HAL_UART_Receive_DMA)
    HAL_UART_Receive_IT                      0x080042e7   Thumb Code    42  stm32f4xx_hal_uart.o(i.HAL_UART_Receive_IT)
    HAL_UART_RxCpltCallback                  0x08004311   Thumb Code    44  bsp_usart.o(i.HAL_UART_RxCpltCallback)
    HAL_UART_RxHalfCpltCallback              0x08004349   Thumb Code     2  stm32f4xx_hal_uart.o(i.HAL_UART_RxHalfCpltCallback)
    HAL_UART_Transmit_DMA                    0x0800434d   Thumb Code   126  stm32f4xx_hal_uart.o(i.HAL_UART_Transmit_DMA)
    HAL_UART_TxCpltCallback                  0x080043d9   Thumb Code     2  stm32f4xx_hal_uart.o(i.HAL_UART_TxCpltCallback)
    HAL_UART_TxHalfCpltCallback              0x080043db   Thumb Code     2  stm32f4xx_hal_uart.o(i.HAL_UART_TxHalfCpltCallback)
    HardFault_Handler                        0x080044d9   Thumb Code     2  stm32f4xx_it.o(i.HardFault_Handler)
    IMU_QuaternionEKF_Init                   0x08004879   Thumb Code   178  quaternionekf.o(i.IMU_QuaternionEKF_Init)
    IMU_QuaternionEKF_Update                 0x08004a4d   Thumb Code   992  quaternionekf.o(i.IMU_QuaternionEKF_Update)
    IMU_Temperature_Ctrl                     0x08005219   Thumb Code    72  ins_task.o(i.IMU_Temperature_Ctrl)
    INS_Init                                 0x08005279   Thumb Code   144  ins_task.o(i.INS_Init)
    INS_Task                                 0x08005331   Thumb Code   446  ins_task.o(i.INS_Task)
    JudgeData                                0x08005515   Thumb Code   266  judge.o(i.JudgeData)
    Kalman_Filter_Init                       0x0800562d   Thumb Code   994  kalman_filter.o(i.Kalman_Filter_Init)
    Kalman_Filter_Measure                    0x08005a15   Thumb Code    66  kalman_filter.o(i.Kalman_Filter_Measure)
    Kalman_Filter_P_Update                   0x08005a5d   Thumb Code   106  kalman_filter.o(i.Kalman_Filter_P_Update)
    Kalman_Filter_PminusUpdate               0x08005ac7   Thumb Code   108  kalman_filter.o(i.Kalman_Filter_PminusUpdate)
    Kalman_Filter_SetK                       0x08005b33   Thumb Code   204  kalman_filter.o(i.Kalman_Filter_SetK)
    Kalman_Filter_Update                     0x08005c01   Thumb Code   228  kalman_filter.o(i.Kalman_Filter_Update)
    Kalman_Filter_xhatMinusUpdate            0x08005ce9   Thumb Code   116  kalman_filter.o(i.Kalman_Filter_xhatMinusUpdate)
    Kalman_Filter_xhatUpdate                 0x08005d5d   Thumb Code   132  kalman_filter.o(i.Kalman_Filter_xhatUpdate)
    MX_CAN1_Init                             0x08005de1   Thumb Code    60  can.o(i.MX_CAN1_Init)
    MX_DMA_Init                              0x08005e25   Thumb Code   120  dma.o(i.MX_DMA_Init)
    MX_FREERTOS_Init                         0x08005ea1   Thumb Code    52  freertos.o(i.MX_FREERTOS_Init)
    MX_GPIO_Init                             0x08005edd   Thumb Code   414  gpio.o(i.MX_GPIO_Init)
    MX_SPI1_Init                             0x08006099   Thumb Code    60  spi.o(i.MX_SPI1_Init)
    MX_SPI5_Init                             0x080060dd   Thumb Code    62  spi.o(i.MX_SPI5_Init)
    MX_TIM3_Init                             0x08006125   Thumb Code   104  tim.o(i.MX_TIM3_Init)
    MX_UART7_Init                            0x08006195   Thumb Code    48  usart.o(i.MX_UART7_Init)
    MX_USART1_UART_Init                      0x080061cd   Thumb Code    46  usart.o(i.MX_USART1_UART_Init)
    MX_USART6_UART_Init                      0x08006209   Thumb Code    48  usart.o(i.MX_USART6_UART_Init)
    MemManage_Handler                        0x08006241   Thumb Code     2  stm32f4xx_it.o(i.MemManage_Handler)
    NMI_Handler                              0x08006243   Thumb Code     2  stm32f4xx_it.o(i.NMI_Handler)
    OLED_Clear                               0x08006245   Thumb Code    40  oled.o(i.OLED_Clear)
    OLED_ClearPoint                          0x08006271   Thumb Code    28  oled.o(i.OLED_ClearPoint)
    OLED_ColorTurn                           0x08006291   Thumb Code    24  oled.o(i.OLED_ColorTurn)
    OLED_DisplayTurn                         0x080062a9   Thumb Code    44  oled.o(i.OLED_DisplayTurn)
    OLED_DrawPoint                           0x080062d5   Thumb Code    24  oled.o(i.OLED_DrawPoint)
    OLED_DrawSquare                          0x080062f1   Thumb Code    42  oled.o(i.OLED_DrawSquare)
    OLED_Init                                0x0800631d   Thumb Code   266  oled.o(i.OLED_Init)
    OLED_Printf                              0x0800642d   Thumb Code    58  oled.o(i.OLED_Printf)
    OLED_Refresh                             0x08006471   Thumb Code    70  oled.o(i.OLED_Refresh)
    OLED_ShowChar                            0x080064bd   Thumb Code   160  oled.o(i.OLED_ShowChar)
    OLED_ShowString                          0x08006569   Thumb Code    64  oled.o(i.OLED_ShowString)
    OLED_WR_Byte                             0x080065a9   Thumb Code    48  oled.o(i.OLED_WR_Byte)
    OLS_Derivative                           0x080065e1   Thumb Code   496  user_lib.o(i.OLS_Derivative)
    OLS_Init                                 0x080067d5   Thumb Code    66  user_lib.o(i.OLS_Init)
    PID_AbsoluteMode                         0x08006817   Thumb Code   242  pid.o(i.PID_AbsoluteMode)
    PID_Calculate                            0x08006909   Thumb Code  1100  controller.o(i.PID_Calculate)
    PID_Init                                 0x08006d55   Thumb Code   110  controller.o(i.PID_Init)
    StartdebugTask                           0x08006f65   Thumb Code   436  debugtask.o(i.StartdebugTask)
    Startmotor_task                          0x08007159   Thumb Code   196  motortask.o(i.Startmotor_task)
    SysTick_Handler                          0x08007249   Thumb Code    38  port.o(i.SysTick_Handler)
    SystemClock_Config                       0x08007275   Thumb Code   128  main.o(i.SystemClock_Config)
    SystemInit                               0x080072fd   Thumb Code    12  system_stm32f4xx.o(i.SystemInit)
    TIM2_IRQHandler                          0x0800730d   Thumb Code     6  stm32f4xx_it.o(i.TIM2_IRQHandler)
    TIM_Base_SetConfig                       0x08007319   Thumb Code   156  stm32f4xx_hal_tim.o(i.TIM_Base_SetConfig)
    TIM_CCxChannelCmd                        0x080073e1   Thumb Code    26  stm32f4xx_hal_tim.o(i.TIM_CCxChannelCmd)
    TIM_OC2_SetConfig                        0x0800745d   Thumb Code    98  stm32f4xx_hal_tim.o(i.TIM_OC2_SetConfig)
    TIM_Set_PWM                              0x08007581   Thumb Code    42  bsp_pwm.o(i.TIM_Set_PWM)
    UART7_IRQHandler                         0x080075ad   Thumb Code     6  stm32f4xx_it.o(i.UART7_IRQHandler)
    UART_Start_Receive_DMA                   0x08007931   Thumb Code   134  stm32f4xx_hal_uart.o(i.UART_Start_Receive_DMA)
    UART_Start_Receive_IT                    0x080079c5   Thumb Code    58  stm32f4xx_hal_uart.o(i.UART_Start_Receive_IT)
    USART1_IDLE_IRQ                          0x08007a01   Thumb Code    48  bsp_usart.o(i.USART1_IDLE_IRQ)
    USART1_IRQHandler                        0x08007a39   Thumb Code     4  stm32f4xx_it.o(i.USART1_IRQHandler)
    USART6_IRQHandler                        0x08007a3d   Thumb Code     6  stm32f4xx_it.o(i.USART6_IRQHandler)
    USART_DMA_Enable                         0x08007a49   Thumb Code    36  bsp_usart.o(i.USART_DMA_Enable)
    USART_Enable                             0x08007a6d   Thumb Code    20  bsp_usart.o(i.USART_Enable)
    UsageFault_Handler                       0x08007a81   Thumb Code     2  stm32f4xx_it.o(i.UsageFault_Handler)
    Verify_CRC16_Check_Sum                   0x08007a85   Thumb Code    54  crc.o(i.Verify_CRC16_Check_Sum)
    Verify_CRC8_Check_Sum                    0x08007ac1   Thumb Code    38  crc.o(i.Verify_CRC8_Check_Sum)
    YL_error_correction                      0x08007ae9   Thumb Code    88  chassis_control.o(i.YL_error_correction)
    __0vsprintf                              0x08007b51   Thumb Code    30  printfa.o(i.__0vsprintf)
    __1vsprintf                              0x08007b51   Thumb Code     0  printfa.o(i.__0vsprintf)
    __2vsprintf                              0x08007b51   Thumb Code     0  printfa.o(i.__0vsprintf)
    __c89vsprintf                            0x08007b51   Thumb Code     0  printfa.o(i.__0vsprintf)
    vsprintf                                 0x08007b51   Thumb Code     0  printfa.o(i.__0vsprintf)
    __ARM_fpclassifyf                        0x08007b75   Thumb Code    38  fpclassifyf.o(i.__ARM_fpclassifyf)
    __hardfp_acosf                           0x08007bbd   Thumb Code   234  acosf.o(i.__hardfp_acosf)
    __hardfp_asinf                           0x08007cd5   Thumb Code   258  asinf.o(i.__hardfp_asinf)
    __hardfp_atan2f                          0x08007e01   Thumb Code   594  atan2f.o(i.__hardfp_atan2f)
    __hardfp_fmaxf                           0x080080ad   Thumb Code    72  fmaxf.o(i.__hardfp_fmaxf)
    __hardfp_fminf                           0x080080f5   Thumb Code    72  fminf.o(i.__hardfp_fminf)
    __hardfp_sqrtf                           0x0800813d   Thumb Code    58  sqrtf_full.o(i.__hardfp_sqrtf)
    __mathlib_flt_infnan                     0x08008177   Thumb Code     6  funder.o(i.__mathlib_flt_infnan)
    __mathlib_flt_infnan2                    0x0800817d   Thumb Code     6  funder.o(i.__mathlib_flt_infnan2)
    __mathlib_flt_invalid                    0x08008185   Thumb Code    10  funder.o(i.__mathlib_flt_invalid)
    __mathlib_flt_underflow                  0x08008195   Thumb Code    10  funder.o(i.__mathlib_flt_underflow)
    __scatterload_copy                       0x080081a5   Thumb Code    14  handlers.o(i.__scatterload_copy)
    __scatterload_null                       0x080081b3   Thumb Code     2  handlers.o(i.__scatterload_null)
    __scatterload_zeroinit                   0x080081b5   Thumb Code    14  handlers.o(i.__scatterload_zeroinit)
    __set_errno                              0x080081c5   Thumb Code     6  errno.o(i.__set_errno)
    angle_to_pitch                           0x08008a65   Thumb Code    44  chassis_behavior.o(i.angle_to_pitch)
    chassis_control_loop_init                0x08008aa1   Thumb Code   330  chassis_control.o(i.chassis_control_loop_init)
    chassis_control_loop_reset               0x08008c11   Thumb Code   272  chassis_control.o(i.chassis_control_loop_reset)
    chassis_motor_control_loop_pid_control   0x08008d61   Thumb Code   534  chassis_control.o(i.chassis_motor_control_loop_pid_control)
    dubs_data_init                           0x08008fa1   Thumb Code    24  bsp_dubs.o(i.dubs_data_init)
    float_constrain                          0x080091c5   Thumb Code    32  user_lib.o(i.float_constrain)
    float_rounding                           0x080091e5   Thumb Code    34  user_lib.o(i.float_rounding)
    game_model                               0x08009209   Thumb Code   390  chassis_behavior.o(i.game_model)
    get_dbus_data                            0x080093b5   Thumb Code   256  bsp_dubs.o(i.get_dbus_data)
    io_init                                  0x080094ed   Thumb Code   150  bsp_io.o(i.io_init)
    led_show                                 0x08009595   Thumb Code   426  bsp_io.o(i.led_show)
    led_show_color                           0x08009745   Thumb Code    54  bsp_io.o(i.led_show_color)
    main                                     0x08009785   Thumb Code   114  main.o(i.main)
    mpu_device_init                          0x08009829   Thumb Code   142  bsp_imu.o(i.mpu_device_init)
    mpu_get_data                             0x080098d9   Thumb Code   244  bsp_imu.o(i.mpu_get_data)
    mpu_read_byte                            0x080099d9   Thumb Code    68  bsp_imu.o(i.mpu_read_byte)
    mpu_read_bytes                           0x08009a25   Thumb Code    84  bsp_imu.o(i.mpu_read_bytes)
    mpu_set_accel_fsr                        0x08009a81   Thumb Code    10  bsp_imu.o(i.mpu_set_accel_fsr)
    mpu_set_gyro_fsr                         0x08009a8b   Thumb Code    10  bsp_imu.o(i.mpu_set_gyro_fsr)
    mpu_write_byte                           0x08009a95   Thumb Code    72  bsp_imu.o(i.mpu_write_byte)
    osDelay                                  0x08009ae5   Thumb Code    14  cmsis_os.o(i.osDelay)
    osKernelStart                            0x08009af3   Thumb Code    10  cmsis_os.o(i.osKernelStart)
    osThreadCreate                           0x08009afd   Thumb Code    84  cmsis_os.o(i.osThreadCreate)
    pid_abs_param_init                       0x08009b51   Thumb Code    60  pid.o(i.pid_abs_param_init)
    process_motor_encoder_to_serial          0x08009b8d   Thumb Code   132  chassis_behavior.o(i.process_motor_encoder_to_serial)
    pvPortMalloc                             0x0800a3b5   Thumb Code   216  heap_4.o(i.pvPortMalloc)
    pxPortInitialiseStack                    0x0800a491   Thumb Code    40  port.o(i.pxPortInitialiseStack)
    rc_to_motor                              0x0800a4bd   Thumb Code   278  chassis_behavior.o(i.rc_to_motor)
    rc_to_task                               0x0800a601   Thumb Code   134  chassis_behavior.o(i.rc_to_task)
    sqrtf                                    0x0800a6a5   Thumb Code    62  sqrtf_full.o(i.sqrtf)
    uart_dma_printf                          0x0800a6e5   Thumb Code    46  debugtask.o(i.uart_dma_printf)
    uxListRemove                             0x0800a71d   Thumb Code    38  list.o(i.uxListRemove)
    vApplicationGetIdleTaskMemory            0x0800a745   Thumb Code    16  freertos.o(i.vApplicationGetIdleTaskMemory)
    vApplicationGetTimerTaskMemory           0x0800a759   Thumb Code    18  freertos.o(i.vApplicationGetTimerTaskMemory)
    vListInitialise                          0x0800a771   Thumb Code    22  list.o(i.vListInitialise)
    vListInitialiseItem                      0x0800a787   Thumb Code     6  list.o(i.vListInitialiseItem)
    vListInsert                              0x0800a78d   Thumb Code    48  list.o(i.vListInsert)
    vListInsertEnd                           0x0800a7bd   Thumb Code    24  list.o(i.vListInsertEnd)
    vPortEnterCritical                       0x0800a7d5   Thumb Code    54  port.o(i.vPortEnterCritical)
    vPortExitCritical                        0x0800a815   Thumb Code    34  port.o(i.vPortExitCritical)
    vPortFree                                0x0800a83d   Thumb Code    94  heap_4.o(i.vPortFree)
    vPortSetupTimerInterrupt                 0x0800a8a1   Thumb Code    32  port.o(i.vPortSetupTimerInterrupt)
    vPortValidateInterruptPriority           0x0800a8c5   Thumb Code    74  port.o(i.vPortValidateInterruptPriority)
    vQueueAddToRegistry                      0x0800a919   Thumb Code    34  queue.o(i.vQueueAddToRegistry)
    vQueueWaitForMessageRestricted           0x0800a941   Thumb Code    68  queue.o(i.vQueueWaitForMessageRestricted)
    vTaskDelay                               0x0800a985   Thumb Code    66  tasks.o(i.vTaskDelay)
    vTaskInternalSetTimeOutState             0x0800a9d1   Thumb Code    12  tasks.o(i.vTaskInternalSetTimeOutState)
    vTaskMissedYield                         0x0800a9e1   Thumb Code     8  tasks.o(i.vTaskMissedYield)
    vTaskPlaceOnEventList                    0x0800a9ed   Thumb Code    44  tasks.o(i.vTaskPlaceOnEventList)
    vTaskPlaceOnEventListRestricted          0x0800aa1d   Thumb Code    52  tasks.o(i.vTaskPlaceOnEventListRestricted)
    vTaskStartScheduler                      0x0800aa55   Thumb Code   118  tasks.o(i.vTaskStartScheduler)
    vTaskSuspendAll                          0x0800aadd   Thumb Code    10  tasks.o(i.vTaskSuspendAll)
    vTaskSwitchContext                       0x0800aaed   Thumb Code    82  tasks.o(i.vTaskSwitchContext)
    xPortStartScheduler                      0x0800ab49   Thumb Code   222  port.o(i.xPortStartScheduler)
    xQueueGenericCreateStatic                0x0800ac3d   Thumb Code   102  queue.o(i.xQueueGenericCreateStatic)
    xQueueGenericReset                       0x0800aca5   Thumb Code   132  queue.o(i.xQueueGenericReset)
    xQueueGenericSend                        0x0800ad2d   Thumb Code   346  queue.o(i.xQueueGenericSend)
    xQueueGenericSendFromISR                 0x0800ae8d   Thumb Code   190  queue.o(i.xQueueGenericSendFromISR)
    xQueueReceive                            0x0800af4d   Thumb Code   308  queue.o(i.xQueueReceive)
    xTaskCheckForTimeOut                     0x0800b085   Thumb Code   132  tasks.o(i.xTaskCheckForTimeOut)
    xTaskCreate                              0x0800b10d   Thumb Code    90  tasks.o(i.xTaskCreate)
    xTaskCreateStatic                        0x0800b167   Thumb Code    86  tasks.o(i.xTaskCreateStatic)
    xTaskGetSchedulerState                   0x0800b1bd   Thumb Code    22  tasks.o(i.xTaskGetSchedulerState)
    xTaskGetTickCount                        0x0800b1d9   Thumb Code     6  tasks.o(i.xTaskGetTickCount)
    xTaskIncrementTick                       0x0800b1e5   Thumb Code   194  tasks.o(i.xTaskIncrementTick)
    xTaskPriorityDisinherit                  0x0800b2b1   Thumb Code   144  tasks.o(i.xTaskPriorityDisinherit)
    xTaskRemoveFromEventList                 0x0800b349   Thumb Code   108  tasks.o(i.xTaskRemoveFromEventList)
    xTaskResumeAll                           0x0800b3bd   Thumb Code   182  tasks.o(i.xTaskResumeAll)
    xTimerCreateTimerTask                    0x0800b481   Thumb Code    78  timers.o(i.xTimerCreateTimerTask)
    xTimerGenericCommand                     0x0800b4e1   Thumb Code    92  timers.o(i.xTimerGenericCommand)
    AHBPrescTable                            0x0800b580   Data          16  system_stm32f4xx.o(.constdata)
    APBPrescTable                            0x0800b590   Data           8  system_stm32f4xx.o(.constdata)
    asc2_1206                                0x0800b598   Data        1140  oled.o(.constdata)
    asc2_1608                                0x0800ba0c   Data        1520  oled.o(.constdata)
    asc2_2412                                0x0800bffc   Data        3420  oled.o(.constdata)
    xb                                       0x0800cd6c   Data          12  ins_task.o(.constdata)
    yb                                       0x0800cd78   Data          12  ins_task.o(.constdata)
    zb                                       0x0800cd84   Data          12  ins_task.o(.constdata)
    CRC8_TAB                                 0x0800cd9c   Data         256  crc.o(.constdata)
    wCRC_Table                               0x0800ce9c   Data         512  crc.o(.constdata)
    IMU_QuaternionEKF_F                      0x0800d09c   Data         144  quaternionekf.o(.constdata)
    sinTable_f32                             0x0800d12c   Data        2052  arm_common_tables.o(.constdata)
    Region$$Table$$Base                      0x0800d9b0   Number         0  anon$$obj.o(Region$$Table)
    Region$$Table$$Limit                     0x0800d9d0   Number         0  anon$$obj.o(Region$$Table)
    debugTaskHandle                          0x20000000   Data           4  freertos.o(.data)
    motor_taskHandle                         0x20000004   Data           4  freertos.o(.data)
    uwTickFreq                               0x20000008   Data           1  stm32f4xx_hal.o(.data)
    uwTickPrio                               0x2000000c   Data           4  stm32f4xx_hal.o(.data)
    uwTick                                   0x20000010   Data           4  stm32f4xx_hal.o(.data)
    SystemCoreClock                          0x20000014   Data           4  system_stm32f4xx.o(.data)
    pxCurrentTCB                             0x20000018   Data           4  tasks.o(.data)
    usart7_rx_buffer                         0x2000009a   Data           1  bsp_usart.o(.data)
    Hzk1                                     0x200000a4   Data         352  oled.o(.data)
    Hzk2                                     0x20000204   Data         216  oled.o(.data)
    Hzk3                                     0x200002dc   Data         512  oled.o(.data)
    Hzk4                                     0x200004dc   Data        4096  oled.o(.data)
    id                                       0x200014de   Data           1  bsp_imu.o(.data)
    caliCount                                0x200014e0   Data           2  bsp_imu.o(.data)
    MPU6500_ACCEL_SEN                        0x200014e8   Data           4  bsp_imu.o(.data)
    MPU6500_GYRO_SEN                         0x200014ec   Data           4  bsp_imu.o(.data)
    gNormDiff                                0x200014f4   Data           4  bsp_imu.o(.data)
    MPU6500_SPI                              0x200014f8   Data           4  bsp_imu.o(.data)
    SysTime                                  0x20001540   Data           8  bsp_dwt.o(.data)
    CYCCNT64                                 0x20001548   Data           8  bsp_dwt.o(.data)
    dart_num                                 0x20001550   Data           2  chassis_behavior.o(.data)
    last_dart_num                            0x20001552   Data           2  chassis_behavior.o(.data)
    flag_zero                                0x20001558   Data           4  chassis_behavior.o(.data)
    flag_zero_all                            0x2000155c   Data           4  chassis_behavior.o(.data)
    flag_first_position                      0x20001560   Data           4  chassis_behavior.o(.data)
    FL_V_Init_flag                           0x20001564   Data           4  chassis_behavior.o(.data)
    dart_num_Init_flag                       0x20001568   Data           4  chassis_behavior.o(.data)
    low_FLV_flag                             0x2000156c   Data           4  chassis_behavior.o(.data)
    yaw_first_position                       0x20001570   Data           4  chassis_behavior.o(.data)
    pitch_first_position                     0x20001574   Data           4  chassis_behavior.o(.data)
    motor_flag                               0x20001578   Data           4  chassis_behavior.o(.data)
    motor1                                   0x2000157c   Data           4  chassis_behavior.o(.data)
    dart_list                                0x20001580   Data          48  chassis_behavior.o(.data)
    F_P                                      0x200015b0   Data           4  chassis_control.o(.data)
    F_I                                      0x200015b4   Data           4  chassis_control.o(.data)
    F_D                                      0x200015b8   Data           4  chassis_control.o(.data)
    F_F                                      0x200015bc   Data           4  chassis_control.o(.data)
    INS_DWT_Count                            0x200015dc   Data           4  ins_task.o(.data)
    RefTemp                                  0x200015e8   Data           4  ins_task.o(.data)
    CRC_INIT                                 0x20001620   Data           2  crc.o(.data)
    datatype                                 0x20001628   Data           2  judge.o(.data)
    w2data                                   0x2000162a   Data           2  judge.o(.data)
    Judge_GameState                          0x2000162c   Data           3  judge.o(.data)
    JudgeReceivedNewData                     0x20001630   Data           4  judge.o(.data)
    fps                                      0x20001640   Data           4  judge.o(.data)
    w4data                                   0x20001644   Data           4  judge.o(.data)
    Judge_DartClientCmd                      0x20001648   Data           6  judge.o(.data)
    sizeof_float                             0x2000164e   Data           2  kalman_filter.o(.data)
    sizeof_double                            0x20001650   Data           2  kalman_filter.o(.data)
    IMU_QuaternionEKF_P                      0x200016ac   Data         144  quaternionekf.o(.data)
    hcan1                                    0x20001de8   Data          40  can.o(.bss)
    hspi1                                    0x20001e10   Data          88  spi.o(.bss)
    hspi5                                    0x20001e68   Data          88  spi.o(.bss)
    hdma_spi1_tx                             0x20001ec0   Data          96  spi.o(.bss)
    hdma_spi5_rx                             0x20001f20   Data          96  spi.o(.bss)
    hdma_spi5_tx                             0x20001f80   Data          96  spi.o(.bss)
    htim3                                    0x20001fe0   Data          72  tim.o(.bss)
    huart7                                   0x20002028   Data          68  usart.o(.bss)
    huart1                                   0x2000206c   Data          68  usart.o(.bss)
    huart6                                   0x200020b0   Data          68  usart.o(.bss)
    hdma_uart7_tx                            0x200020f4   Data          96  usart.o(.bss)
    hdma_usart1_rx                           0x20002154   Data          96  usart.o(.bss)
    htim2                                    0x200021b4   Data          72  stm32f4xx_hal_timebase_tim.o(.bss)
    xQueueRegistry                           0x200021fc   Data          64  queue.o(.bss)
    RC_Ctl                                   0x20008414   Data          22  bsp_dubs.o(.bss)
    usart6_rx_buffer                         0x2000842a   Data          30  bsp_usart.o(.bss)
    usart1_rx_buffer                         0x20008448   Data          18  bsp_usart.o(.bss)
    OLED_GRAM                                0x200084da   Data        1024  oled.o(.bss)
    mpu_buff                                 0x200088dc   Data          14  bsp_imu.o(.bss)
    gyroDiff                                 0x200088ec   Data          12  bsp_imu.o(.bss)
    MPU6500                                  0x200088f8   Data          52  bsp_imu.o(.bss)
    LL                                       0x2000892c   Data          12  chassis_behavior.o(.bss)
    PL                                       0x20008938   Data          12  chassis_behavior.o(.bss)
    YL                                       0x20008944   Data          12  chassis_behavior.o(.bss)
    FL                                       0x20008950   Data          12  chassis_behavior.o(.bss)
    MOTOR_S_PID                              0x20008960   Data          56  chassis_control.o(.bss)
    MOTOR_P_PID                              0x20008998   Data          56  chassis_control.o(.bss)
    YAW_S_PID                                0x200089d0   Data          56  chassis_control.o(.bss)
    YAW_P_PID                                0x20008a08   Data          56  chassis_control.o(.bss)
    PITCH_S_PID                              0x20008a40   Data          56  chassis_control.o(.bss)
    PITCH_P_PID                              0x20008a78   Data          56  chassis_control.o(.bss)
    FIRE_L_S_PID                             0x20008ab0   Data          56  chassis_control.o(.bss)
    FIRE_R_S_PID                             0x20008ae8   Data          56  chassis_control.o(.bss)
    DEVIATION_PID                            0x20008b20   Data          56  chassis_control.o(.bss)
    motor                                    0x20008b58   Data         104  chassis_control.o(.bss)
    yaw                                      0x20008bc0   Data         104  chassis_control.o(.bss)
    pitch                                    0x20008c28   Data         104  chassis_control.o(.bss)
    fire_r                                   0x20008c90   Data         104  chassis_control.o(.bss)
    fire_l                                   0x20008cf8   Data         104  chassis_control.o(.bss)
    TempCtrl                                 0x20008de0   Data         170  ins_task.o(.bss)
    INS                                      0x20008e8c   Data         152  ins_task.o(.bss)
    IMU_Param                                0x20008f24   Data          28  ins_task.o(.bss)
    JudgeReceivedNewDataSignal               0x20008f40   Data          16  judge.o(.bss)
    HeaderData                               0x20008f50   Data          20  judge.o(.bss)
    ReceiveData                              0x20008f64   Data         255  judge.o(.bss)
    UpData                                   0x20009063   Data          50  judge.o(.bss)
    Judge_GameRobotState                     0x20009095   Data          27  judge.o(.bss)
    QEKF_INS                                 0x200090b0   Data         480  quaternionekf.o(.bss)
    IMU_QuaternionEKF_K                      0x20009290   Data          72  quaternionekf.o(.bss)
    IMU_QuaternionEKF_H                      0x200092d8   Data          72  quaternionekf.o(.bss)
    __initial_sp                             0x20009720   Data           0  startup_stm32f427xx.o(STACK)



==============================================================================

Memory Map of the image

  Image Entry point : 0x080001ad

  Load Region LR_IROM1 (Base: 0x08000000, Size: 0x0000f110, Max: 0x00200000, ABSOLUTE, COMPRESSED[0x0000dbe0])

    Execution Region ER_IROM1 (Exec base: 0x08000000, Load base: 0x08000000, Size: 0x0000d9d0, Max: 0x00200000, ABSOLUTE)

    Exec Addr    Load Addr    Size         Type   Attr      Idx    E Section Name        Object

    0x08000000   0x08000000   0x000001ac   Data   RO            3    RESET               startup_stm32f427xx.o
    0x080001ac   0x080001ac   0x00000000   Code   RO         7786  * .ARM.Collect$$$$00000000  mc_w.l(entry.o)
    0x080001ac   0x080001ac   0x00000004   Code   RO         8098    .ARM.Collect$$$$00000001  mc_w.l(entry2.o)
    0x080001b0   0x080001b0   0x00000004   Code   RO         8101    .ARM.Collect$$$$00000004  mc_w.l(entry5.o)
    0x080001b4   0x080001b4   0x00000000   Code   RO         8103    .ARM.Collect$$$$00000008  mc_w.l(entry7b.o)
    0x080001b4   0x080001b4   0x00000000   Code   RO         8105    .ARM.Collect$$$$0000000A  mc_w.l(entry8b.o)
    0x080001b4   0x080001b4   0x00000008   Code   RO         8106    .ARM.Collect$$$$0000000B  mc_w.l(entry9a.o)
    0x080001bc   0x080001bc   0x00000004   Code   RO         8113    .ARM.Collect$$$$0000000E  mc_w.l(entry12b.o)
    0x080001c0   0x080001c0   0x00000000   Code   RO         8108    .ARM.Collect$$$$0000000F  mc_w.l(entry10a.o)
    0x080001c0   0x080001c0   0x00000000   Code   RO         8110    .ARM.Collect$$$$00000011  mc_w.l(entry11a.o)
    0x080001c0   0x080001c0   0x00000004   Code   RO         8099    .ARM.Collect$$$$00002712  mc_w.l(entry2.o)
    0x080001c4   0x080001c4   0x000000be   Code   RO         5316    .emb_text           port.o
    0x08000282   0x08000282   0x00000002   PAD
    0x08000284   0x08000284   0x00000024   Code   RO            4    .text               startup_stm32f427xx.o
    0x080002a8   0x080002a8   0x00000078   Code   RO         7421    .text               arm_cortexM4lf_math.lib(arm_cos_f32.o)
    0x08000320   0x08000320   0x00000094   Code   RO         7471    .text               arm_cortexM4lf_math.lib(arm_sin_f32.o)
    0x080003b4   0x080003b4   0x00000108   Code   RO         7495    .text               arm_cortexM4lf_math.lib(arm_mat_add_f32.o)
    0x080004bc   0x080004bc   0x00000008   Code   RO         7519    .text               arm_cortexM4lf_math.lib(arm_mat_init_f32.o)
    0x080004c4   0x080004c4   0x00000530   Code   RO         7543    .text               arm_cortexM4lf_math.lib(arm_mat_inverse_f32.o)
    0x080009f4   0x080009f4   0x0000013c   Code   RO         7567    .text               arm_cortexM4lf_math.lib(arm_mat_mult_f32.o)
    0x08000b30   0x08000b30   0x00000108   Code   RO         7591    .text               arm_cortexM4lf_math.lib(arm_mat_sub_f32.o)
    0x08000c38   0x08000c38   0x00000114   Code   RO         7615    .text               arm_cortexM4lf_math.lib(arm_mat_trans_f32.o)
    0x08000d4c   0x08000d4c   0x00000062   Code   RO         7789    .text               mc_w.l(uldiv.o)
    0x08000dae   0x08000dae   0x00000024   Code   RO         7791    .text               mc_w.l(memcpya.o)
    0x08000dd2   0x08000dd2   0x00000024   Code   RO         7795    .text               mc_w.l(memseta.o)
    0x08000df6   0x08000df6   0x0000014e   Code   RO         8062    .text               mf_w.l(dadd.o)
    0x08000f44   0x08000f44   0x000000e4   Code   RO         8064    .text               mf_w.l(dmul.o)
    0x08001028   0x08001028   0x000000de   Code   RO         8066    .text               mf_w.l(ddiv.o)
    0x08001106   0x08001106   0x0000002c   Code   RO         8070    .text               mf_w.l(ffltl.o)
    0x08001132   0x08001132   0x00000042   Code   RO         8076    .text               mf_w.l(ffixl.o)
    0x08001174   0x08001174   0x00000026   Code   RO         8078    .text               mf_w.l(f2d.o)
    0x0800119a   0x0800119a   0x00000038   Code   RO         8080    .text               mf_w.l(d2f.o)
    0x080011d2   0x080011d2   0x0000002c   Code   RO         8115    .text               mc_w.l(uidiv.o)
    0x080011fe   0x080011fe   0x0000001e   Code   RO         8117    .text               mc_w.l(llshl.o)
    0x0800121c   0x0800121c   0x00000020   Code   RO         8119    .text               mc_w.l(llushr.o)
    0x0800123c   0x0800123c   0x00000024   Code   RO         8121    .text               mc_w.l(llsshr.o)
    0x08001260   0x08001260   0x00000000   Code   RO         8130    .text               mc_w.l(iusefp.o)
    0x08001260   0x08001260   0x0000006e   Code   RO         8131    .text               mf_w.l(fepilogue.o)
    0x080012ce   0x080012ce   0x000000ba   Code   RO         8133    .text               mf_w.l(depilogue.o)
    0x08001388   0x08001388   0x00000030   Code   RO         8137    .text               mf_w.l(dfixul.o)
    0x080013b8   0x080013b8   0x00000030   Code   RO         8141    .text               mf_w.l(cdrcmple.o)
    0x080013e8   0x080013e8   0x00000036   Code   RO         8143    .text               mf_w.l(fcmp4.o)
    0x0800141e   0x0800141e   0x00000002   PAD
    0x08001420   0x08001420   0x00000024   Code   RO         8145    .text               mc_w.l(init.o)
    0x08001444   0x08001444   0x00000056   Code   RO         8155    .text               mc_w.l(__dczerorl2.o)
    0x0800149a   0x0800149a   0x000000ea   Code   RO         6421    i.BodyFrameToEarthFrame  ins_task.o
    0x08001584   0x08001584   0x00000002   Code   RO          569    i.BusFault_Handler  stm32f4xx_it.o
    0x08001586   0x08001586   0x00000002   PAD
    0x08001588   0x08001588   0x0000000c   Code   RO          570    i.CAN1_RX0_IRQHandler  stm32f4xx_it.o
    0x08001594   0x08001594   0x0000000c   Code   RO          571    i.CAN1_TX_IRQHandler  stm32f4xx_it.o
    0x080015a0   0x080015a0   0x0000003c   Code   RO         5423    i.CANFilter_Enable  bsp_can.o
    0x080015dc   0x080015dc   0x0000004a   Code   RO         5424    i.CANTx_SendCurrent  bsp_can.o
    0x08001626   0x08001626   0x0000001a   Code   RO         5425    i.CAN_Enable        bsp_can.o
    0x08001640   0x08001640   0x00000398   Code   RO         5940    i.Calibrate_MPU_Offset  bsp_imu.o
    0x080019d8   0x080019d8   0x0000000c   Code   RO          572    i.DMA1_Stream1_IRQHandler  stm32f4xx_it.o
    0x080019e4   0x080019e4   0x0000000c   Code   RO          573    i.DMA2_Stream2_IRQHandler  stm32f4xx_it.o
    0x080019f0   0x080019f0   0x0000000c   Code   RO          574    i.DMA2_Stream3_IRQHandler  stm32f4xx_it.o
    0x080019fc   0x080019fc   0x0000000c   Code   RO          575    i.DMA2_Stream4_IRQHandler  stm32f4xx_it.o
    0x08001a08   0x08001a08   0x0000000c   Code   RO          576    i.DMA2_Stream5_IRQHandler  stm32f4xx_it.o
    0x08001a14   0x08001a14   0x00000028   Code   RO         1511    i.DMA_CalcBaseAndBitshift  stm32f4xx_hal_dma.o
    0x08001a3c   0x08001a3c   0x00000054   Code   RO         1512    i.DMA_CheckFifoParam  stm32f4xx_hal_dma.o
    0x08001a90   0x08001a90   0x00000028   Code   RO         1513    i.DMA_SetConfig     stm32f4xx_hal_dma.o
    0x08001ab8   0x08001ab8   0x00000028   Code   RO         6060    i.DWT_CNT_Update    bsp_dwt.o
    0x08001ae0   0x08001ae0   0x00000034   Code   RO         6061    i.DWT_Delay         bsp_dwt.o
    0x08001b14   0x08001b14   0x00000044   Code   RO         6062    i.DWT_GetDeltaT     bsp_dwt.o
    0x08001b58   0x08001b58   0x00000044   Code   RO         6065    i.DWT_GetTimeline_s  bsp_dwt.o
    0x08001b9c   0x08001b9c   0x00000048   Code   RO         6067    i.DWT_Init          bsp_dwt.o
    0x08001be4   0x08001be4   0x00000094   Code   RO         6068    i.DWT_SysTimeUpdate  bsp_dwt.o
    0x08001c78   0x08001c78   0x00000002   Code   RO          577    i.DebugMon_Handler  stm32f4xx_it.o
    0x08001c7a   0x08001c7a   0x00000008   Code   RO          578    i.EXTI9_5_IRQHandler  stm32f4xx_it.o
    0x08001c82   0x08001c82   0x000000ea   Code   RO         6422    i.EarthFrameToBodyFrame  ins_task.o
    0x08001d6c   0x08001d6c   0x00000002   Code   RO           13    i.Error_Handler     main.o
    0x08001d6e   0x08001d6e   0x00000002   PAD
    0x08001d70   0x08001d70   0x0000002c   Code   RO         6934    i.Get_CRC16_Check_Sum  crc.o
    0x08001d9c   0x08001d9c   0x0000001c   Code   RO         6935    i.Get_CRC8_Check_Sum  crc.o
    0x08001db8   0x08001db8   0x00000024   Code   RO          767    i.HAL_CAN_ActivateNotification  stm32f4xx_hal_can.o
    0x08001ddc   0x08001ddc   0x000000dc   Code   RO          768    i.HAL_CAN_AddTxMessage  stm32f4xx_hal_can.o
    0x08001eb8   0x08001eb8   0x0000010c   Code   RO          769    i.HAL_CAN_ConfigFilter  stm32f4xx_hal_can.o
    0x08001fc4   0x08001fc4   0x00000002   Code   RO          772    i.HAL_CAN_ErrorCallback  stm32f4xx_hal_can.o
    0x08001fc6   0x08001fc6   0x000000e8   Code   RO          775    i.HAL_CAN_GetRxMessage  stm32f4xx_hal_can.o
    0x080020ae   0x080020ae   0x000001fc   Code   RO          779    i.HAL_CAN_IRQHandler  stm32f4xx_hal_can.o
    0x080022aa   0x080022aa   0x0000011a   Code   RO          780    i.HAL_CAN_Init      stm32f4xx_hal_can.o
    0x080023c4   0x080023c4   0x00000088   Code   RO          354    i.HAL_CAN_MspInit   can.o
    0x0800244c   0x0800244c   0x00000002   Code   RO          787    i.HAL_CAN_RxFifo0FullCallback  stm32f4xx_hal_can.o
    0x0800244e   0x0800244e   0x00000002   PAD
    0x08002450   0x08002450   0x0000011c   Code   RO         5426    i.HAL_CAN_RxFifo0MsgPendingCallback  bsp_can.o
    0x0800256c   0x0800256c   0x00000002   Code   RO          789    i.HAL_CAN_RxFifo1FullCallback  stm32f4xx_hal_can.o
    0x0800256e   0x0800256e   0x00000002   Code   RO          790    i.HAL_CAN_RxFifo1MsgPendingCallback  stm32f4xx_hal_can.o
    0x08002570   0x08002570   0x00000002   Code   RO          791    i.HAL_CAN_SleepCallback  stm32f4xx_hal_can.o
    0x08002572   0x08002572   0x00000002   PAD
    0x08002574   0x08002574   0x00000058   Code   RO          792    i.HAL_CAN_Start     stm32f4xx_hal_can.o
    0x080025cc   0x080025cc   0x00000002   Code   RO          794    i.HAL_CAN_TxMailbox0AbortCallback  stm32f4xx_hal_can.o
    0x080025ce   0x080025ce   0x00000002   Code   RO          795    i.HAL_CAN_TxMailbox0CompleteCallback  stm32f4xx_hal_can.o
    0x080025d0   0x080025d0   0x00000002   Code   RO          796    i.HAL_CAN_TxMailbox1AbortCallback  stm32f4xx_hal_can.o
    0x080025d2   0x080025d2   0x00000002   Code   RO          797    i.HAL_CAN_TxMailbox1CompleteCallback  stm32f4xx_hal_can.o
    0x080025d4   0x080025d4   0x00000002   Code   RO          798    i.HAL_CAN_TxMailbox2AbortCallback  stm32f4xx_hal_can.o
    0x080025d6   0x080025d6   0x00000002   Code   RO          799    i.HAL_CAN_TxMailbox2CompleteCallback  stm32f4xx_hal_can.o
    0x080025d8   0x080025d8   0x00000002   Code   RO          801    i.HAL_CAN_WakeUpFromRxMsgCallback  stm32f4xx_hal_can.o
    0x080025da   0x080025da   0x00000092   Code   RO         1514    i.HAL_DMA_Abort     stm32f4xx_hal_dma.o
    0x0800266c   0x0800266c   0x00000024   Code   RO         1515    i.HAL_DMA_Abort_IT  stm32f4xx_hal_dma.o
    0x08002690   0x08002690   0x000001a0   Code   RO         1519    i.HAL_DMA_IRQHandler  stm32f4xx_hal_dma.o
    0x08002830   0x08002830   0x000000d4   Code   RO         1520    i.HAL_DMA_Init      stm32f4xx_hal_dma.o
    0x08002904   0x08002904   0x0000006e   Code   RO         1524    i.HAL_DMA_Start_IT  stm32f4xx_hal_dma.o
    0x08002972   0x08002972   0x00000002   PAD
    0x08002974   0x08002974   0x00000024   Code   RO         1951    i.HAL_Delay         stm32f4xx_hal.o
    0x08002998   0x08002998   0x00000002   Code   RO         1405    i.HAL_GPIO_EXTI_Callback  stm32f4xx_hal_gpio.o
    0x0800299a   0x0800299a   0x00000002   PAD
    0x0800299c   0x0800299c   0x00000018   Code   RO         1406    i.HAL_GPIO_EXTI_IRQHandler  stm32f4xx_hal_gpio.o
    0x080029b4   0x080029b4   0x00000234   Code   RO         1407    i.HAL_GPIO_Init     stm32f4xx_hal_gpio.o
    0x08002be8   0x08002be8   0x0000000a   Code   RO         1411    i.HAL_GPIO_WritePin  stm32f4xx_hal_gpio.o
    0x08002bf2   0x08002bf2   0x00000002   PAD
    0x08002bf4   0x08002bf4   0x0000000c   Code   RO         1959    i.HAL_GetTick       stm32f4xx_hal.o
    0x08002c00   0x08002c00   0x00000010   Code   RO         1965    i.HAL_IncTick       stm32f4xx_hal.o
    0x08002c10   0x08002c10   0x00000034   Code   RO         1966    i.HAL_Init          stm32f4xx_hal.o
    0x08002c44   0x08002c44   0x00000098   Code   RO          727    i.HAL_InitTick      stm32f4xx_hal_timebase_tim.o
    0x08002cdc   0x08002cdc   0x00000038   Code   RO          703    i.HAL_MspInit       stm32f4xx_hal_msp.o
    0x08002d14   0x08002d14   0x0000001a   Code   RO         1814    i.HAL_NVIC_EnableIRQ  stm32f4xx_hal_cortex.o
    0x08002d2e   0x08002d2e   0x00000002   PAD
    0x08002d30   0x08002d30   0x00000040   Code   RO         1820    i.HAL_NVIC_SetPriority  stm32f4xx_hal_cortex.o
    0x08002d70   0x08002d70   0x00000024   Code   RO         1821    i.HAL_NVIC_SetPriorityGrouping  stm32f4xx_hal_cortex.o
    0x08002d94   0x08002d94   0x00000070   Code   RO         1743    i.HAL_PWREx_EnableOverDrive  stm32f4xx_hal_pwr_ex.o
    0x08002e04   0x08002e04   0x00000134   Code   RO         1001    i.HAL_RCC_ClockConfig  stm32f4xx_hal_rcc.o
    0x08002f38   0x08002f38   0x00000040   Code   RO         1005    i.HAL_RCC_GetClockConfig  stm32f4xx_hal_rcc.o
    0x08002f78   0x08002f78   0x00000020   Code   RO         1008    i.HAL_RCC_GetPCLK1Freq  stm32f4xx_hal_rcc.o
    0x08002f98   0x08002f98   0x00000020   Code   RO         1009    i.HAL_RCC_GetPCLK2Freq  stm32f4xx_hal_rcc.o
    0x08002fb8   0x08002fb8   0x00000064   Code   RO         1010    i.HAL_RCC_GetSysClockFreq  stm32f4xx_hal_rcc.o
    0x0800301c   0x0800301c   0x0000036c   Code   RO         1013    i.HAL_RCC_OscConfig  stm32f4xx_hal_rcc.o
    0x08003388   0x08003388   0x00000002   Code   RO         2221    i.HAL_SPI_ErrorCallback  stm32f4xx_hal_spi.o
    0x0800338a   0x0800338a   0x000000bc   Code   RO         2225    i.HAL_SPI_Init      stm32f4xx_hal_spi.o
    0x08003446   0x08003446   0x00000002   PAD
    0x08003448   0x08003448   0x00000178   Code   RO          420    i.HAL_SPI_MspInit   spi.o
    0x080035c0   0x080035c0   0x000001e2   Code   RO         2234    i.HAL_SPI_TransmitReceive  stm32f4xx_hal_spi.o
    0x080037a2   0x080037a2   0x00000002   PAD
    0x080037a4   0x080037a4   0x000000d8   Code   RO         2237    i.HAL_SPI_Transmit_DMA  stm32f4xx_hal_spi.o
    0x0800387c   0x0800387c   0x00000002   Code   RO         2239    i.HAL_SPI_TxCpltCallback  stm32f4xx_hal_spi.o
    0x0800387e   0x0800387e   0x00000002   Code   RO         2240    i.HAL_SPI_TxHalfCpltCallback  stm32f4xx_hal_spi.o
    0x08003880   0x08003880   0x00000002   Code   RO         3242    i.HAL_TIMEx_BreakCallback  stm32f4xx_hal_tim_ex.o
    0x08003882   0x08003882   0x00000002   Code   RO         3243    i.HAL_TIMEx_CommutCallback  stm32f4xx_hal_tim_ex.o
    0x08003884   0x08003884   0x00000090   Code   RO         3261    i.HAL_TIMEx_MasterConfigSynchronization  stm32f4xx_hal_tim_ex.o
    0x08003914   0x08003914   0x0000005a   Code   RO         2538    i.HAL_TIM_Base_Init  stm32f4xx_hal_tim.o
    0x0800396e   0x0800396e   0x00000002   Code   RO         2540    i.HAL_TIM_Base_MspInit  stm32f4xx_hal_tim.o
    0x08003970   0x08003970   0x00000080   Code   RO         2543    i.HAL_TIM_Base_Start_IT  stm32f4xx_hal_tim.o
    0x080039f0   0x080039f0   0x00000002   Code   RO         2572    i.HAL_TIM_IC_CaptureCallback  stm32f4xx_hal_tim.o
    0x080039f2   0x080039f2   0x00000166   Code   RO         2586    i.HAL_TIM_IRQHandler  stm32f4xx_hal_tim.o
    0x08003b58   0x08003b58   0x00000050   Code   RO          467    i.HAL_TIM_MspPostInit  tim.o
    0x08003ba8   0x08003ba8   0x00000002   Code   RO         2589    i.HAL_TIM_OC_DelayElapsedCallback  stm32f4xx_hal_tim.o
    0x08003baa   0x08003baa   0x000000cc   Code   RO         2610    i.HAL_TIM_PWM_ConfigChannel  stm32f4xx_hal_tim.o
    0x08003c76   0x08003c76   0x0000005a   Code   RO         2613    i.HAL_TIM_PWM_Init  stm32f4xx_hal_tim.o
    0x08003cd0   0x08003cd0   0x00000028   Code   RO          469    i.HAL_TIM_PWM_MspInit  tim.o
    0x08003cf8   0x08003cf8   0x00000002   Code   RO         2616    i.HAL_TIM_PWM_PulseFinishedCallback  stm32f4xx_hal_tim.o
    0x08003cfa   0x08003cfa   0x00000002   PAD
    0x08003cfc   0x08003cfc   0x000000c8   Code   RO         2618    i.HAL_TIM_PWM_Start  stm32f4xx_hal_tim.o
    0x08003dc4   0x08003dc4   0x0000000e   Code   RO           14    i.HAL_TIM_PeriodElapsedCallback  main.o
    0x08003dd2   0x08003dd2   0x00000002   Code   RO         2629    i.HAL_TIM_TriggerCallback  stm32f4xx_hal_tim.o
    0x08003dd4   0x08003dd4   0x00000002   Code   RO         3520    i.HAL_UARTEx_RxEventCallback  stm32f4xx_hal_uart.o
    0x08003dd6   0x08003dd6   0x00000070   Code   RO         3532    i.HAL_UART_DMAStop  stm32f4xx_hal_uart.o
    0x08003e46   0x08003e46   0x00000012   Code   RO         5524    i.HAL_UART_ErrorCallback  bsp_usart.o
    0x08003e58   0x08003e58   0x00000268   Code   RO         3537    i.HAL_UART_IRQHandler  stm32f4xx_hal_uart.o
    0x080040c0   0x080040c0   0x00000062   Code   RO         3538    i.HAL_UART_Init     stm32f4xx_hal_uart.o
    0x08004122   0x08004122   0x00000002   PAD
    0x08004124   0x08004124   0x00000198   Code   RO          516    i.HAL_UART_MspInit  usart.o
    0x080042bc   0x080042bc   0x0000002a   Code   RO         3542    i.HAL_UART_Receive_DMA  stm32f4xx_hal_uart.o
    0x080042e6   0x080042e6   0x0000002a   Code   RO         3543    i.HAL_UART_Receive_IT  stm32f4xx_hal_uart.o
    0x08004310   0x08004310   0x00000038   Code   RO         5525    i.HAL_UART_RxCpltCallback  bsp_usart.o
    0x08004348   0x08004348   0x00000002   Code   RO         3545    i.HAL_UART_RxHalfCpltCallback  stm32f4xx_hal_uart.o
    0x0800434a   0x0800434a   0x00000002   PAD
    0x0800434c   0x0800434c   0x0000008c   Code   RO         3547    i.HAL_UART_Transmit_DMA  stm32f4xx_hal_uart.o
    0x080043d8   0x080043d8   0x00000002   Code   RO         3549    i.HAL_UART_TxCpltCallback  stm32f4xx_hal_uart.o
    0x080043da   0x080043da   0x00000002   Code   RO         3550    i.HAL_UART_TxHalfCpltCallback  stm32f4xx_hal_uart.o
    0x080043dc   0x080043dc   0x000000fc   Code   RO         7035    i.H_K_R_Adjustment  kalman_filter.o
    0x080044d8   0x080044d8   0x00000002   Code   RO          579    i.HardFault_Handler  stm32f4xx_it.o
    0x080044da   0x080044da   0x00000002   PAD
    0x080044dc   0x080044dc   0x00000244   Code   RO         6424    i.IMU_Param_Correction  ins_task.o
    0x08004720   0x08004720   0x00000158   Code   RO         7357    i.IMU_QuaternionEKF_F_Linearization_P_Fading  quaternionekf.o
    0x08004878   0x08004878   0x000000dc   Code   RO         7358    i.IMU_QuaternionEKF_Init  quaternionekf.o
    0x08004954   0x08004954   0x00000034   Code   RO         7359    i.IMU_QuaternionEKF_Observe  quaternionekf.o
    0x08004988   0x08004988   0x000000c4   Code   RO         7360    i.IMU_QuaternionEKF_SetH  quaternionekf.o
    0x08004a4c   0x08004a4c   0x00000414   Code   RO         7361    i.IMU_QuaternionEKF_Update  quaternionekf.o
    0x08004e60   0x08004e60   0x000003b8   Code   RO         7362    i.IMU_QuaternionEKF_xhatUpdate  quaternionekf.o
    0x08005218   0x08005218   0x00000060   Code   RO         6425    i.IMU_Temperature_Ctrl  ins_task.o
    0x08005278   0x08005278   0x000000b8   Code   RO         6426    i.INS_Init          ins_task.o
    0x08005330   0x08005330   0x000001e4   Code   RO         6427    i.INS_Task          ins_task.o
    0x08005514   0x08005514   0x00000118   Code   RO         6993    i.JudgeData         judge.o
    0x0800562c   0x0800562c   0x000003e8   Code   RO         7036    i.Kalman_Filter_Init  kalman_filter.o
    0x08005a14   0x08005a14   0x00000048   Code   RO         7037    i.Kalman_Filter_Measure  kalman_filter.o
    0x08005a5c   0x08005a5c   0x0000006a   Code   RO         7038    i.Kalman_Filter_P_Update  kalman_filter.o
    0x08005ac6   0x08005ac6   0x0000006c   Code   RO         7039    i.Kalman_Filter_PminusUpdate  kalman_filter.o
    0x08005b32   0x08005b32   0x000000cc   Code   RO         7040    i.Kalman_Filter_SetK  kalman_filter.o
    0x08005bfe   0x08005bfe   0x00000002   PAD
    0x08005c00   0x08005c00   0x000000e8   Code   RO         7041    i.Kalman_Filter_Update  kalman_filter.o
    0x08005ce8   0x08005ce8   0x00000074   Code   RO         7042    i.Kalman_Filter_xhatMinusUpdate  kalman_filter.o
    0x08005d5c   0x08005d5c   0x00000084   Code   RO         7043    i.Kalman_Filter_xhatUpdate  kalman_filter.o
    0x08005de0   0x08005de0   0x00000044   Code   RO          355    i.MX_CAN1_Init      can.o
    0x08005e24   0x08005e24   0x0000007c   Code   RO          395    i.MX_DMA_Init       dma.o
    0x08005ea0   0x08005ea0   0x0000003c   Code   RO          291    i.MX_FREERTOS_Init  freertos.o
    0x08005edc   0x08005edc   0x000001bc   Code   RO          267    i.MX_GPIO_Init      gpio.o
    0x08006098   0x08006098   0x00000044   Code   RO          421    i.MX_SPI1_Init      spi.o
    0x080060dc   0x080060dc   0x00000048   Code   RO          422    i.MX_SPI5_Init      spi.o
    0x08006124   0x08006124   0x00000070   Code   RO          470    i.MX_TIM3_Init      tim.o
    0x08006194   0x08006194   0x00000038   Code   RO          517    i.MX_UART7_Init     usart.o
    0x080061cc   0x080061cc   0x0000003c   Code   RO          518    i.MX_USART1_UART_Init  usart.o
    0x08006208   0x08006208   0x00000038   Code   RO          519    i.MX_USART6_UART_Init  usart.o
    0x08006240   0x08006240   0x00000002   Code   RO          580    i.MemManage_Handler  stm32f4xx_it.o
    0x08006242   0x08006242   0x00000002   Code   RO          581    i.NMI_Handler       stm32f4xx_it.o
    0x08006244   0x08006244   0x0000002c   Code   RO         5779    i.OLED_Clear        oled.o
    0x08006270   0x08006270   0x00000020   Code   RO         5780    i.OLED_ClearPoint   oled.o
    0x08006290   0x08006290   0x00000018   Code   RO         5781    i.OLED_ColorTurn    oled.o
    0x080062a8   0x080062a8   0x0000002c   Code   RO         5784    i.OLED_DisplayTurn  oled.o
    0x080062d4   0x080062d4   0x0000001c   Code   RO         5787    i.OLED_DrawPoint    oled.o
    0x080062f0   0x080062f0   0x0000002a   Code   RO         5788    i.OLED_DrawSquare   oled.o
    0x0800631a   0x0800631a   0x00000002   PAD
    0x0800631c   0x0800631c   0x00000110   Code   RO         5789    i.OLED_Init         oled.o
    0x0800642c   0x0800642c   0x00000044   Code   RO         5791    i.OLED_Printf       oled.o
    0x08006470   0x08006470   0x0000004c   Code   RO         5792    i.OLED_Refresh      oled.o
    0x080064bc   0x080064bc   0x000000ac   Code   RO         5794    i.OLED_ShowChar     oled.o
    0x08006568   0x08006568   0x00000040   Code   RO         5798    i.OLED_ShowString   oled.o
    0x080065a8   0x080065a8   0x00000038   Code   RO         5800    i.OLED_WR_Byte      oled.o
    0x080065e0   0x080065e0   0x000001f4   Code   RO         7117    i.OLS_Derivative    user_lib.o
    0x080067d4   0x080067d4   0x00000042   Code   RO         7118    i.OLS_Init          user_lib.o
    0x08006816   0x08006816   0x000000f2   Code   RO         5393    i.PID_AbsoluteMode  pid.o
    0x08006908   0x08006908   0x0000044c   Code   RO         7257    i.PID_Calculate     controller.o
    0x08006d54   0x08006d54   0x0000006e   Code   RO         7258    i.PID_Init          controller.o
    0x08006dc2   0x08006dc2   0x00000022   Code   RO         2253    i.SPI_DMAError      stm32f4xx_hal_spi.o
    0x08006de4   0x08006de4   0x0000000a   Code   RO         2255    i.SPI_DMAHalfTransmitCplt  stm32f4xx_hal_spi.o
    0x08006dee   0x08006dee   0x00000064   Code   RO         2259    i.SPI_DMATransmitCplt  stm32f4xx_hal_spi.o
    0x08006e52   0x08006e52   0x00000002   PAD
    0x08006e54   0x08006e54   0x00000058   Code   RO         2263    i.SPI_EndRxTxTransaction  stm32f4xx_hal_spi.o
    0x08006eac   0x08006eac   0x000000b8   Code   RO         2268    i.SPI_WaitFlagStateUntilTimeout  stm32f4xx_hal_spi.o
    0x08006f64   0x08006f64   0x000001f4   Code   RO         6309    i.StartdebugTask    debugtask.o
    0x08007158   0x08007158   0x000000f0   Code   RO         6391    i.Startmotor_task   motortask.o
    0x08007248   0x08007248   0x0000002c   Code   RO         5317    i.SysTick_Handler   port.o
    0x08007274   0x08007274   0x00000088   Code   RO           15    i.SystemClock_Config  main.o
    0x080072fc   0x080072fc   0x00000010   Code   RO         3867    i.SystemInit        system_stm32f4xx.o
    0x0800730c   0x0800730c   0x0000000c   Code   RO          582    i.TIM2_IRQHandler   stm32f4xx_it.o
    0x08007318   0x08007318   0x000000c8   Code   RO         2631    i.TIM_Base_SetConfig  stm32f4xx_hal_tim.o
    0x080073e0   0x080073e0   0x0000001a   Code   RO         2632    i.TIM_CCxChannelCmd  stm32f4xx_hal_tim.o
    0x080073fa   0x080073fa   0x00000002   PAD
    0x080073fc   0x080073fc   0x00000060   Code   RO         2644    i.TIM_OC1_SetConfig  stm32f4xx_hal_tim.o
    0x0800745c   0x0800745c   0x0000006c   Code   RO         2645    i.TIM_OC2_SetConfig  stm32f4xx_hal_tim.o
    0x080074c8   0x080074c8   0x00000068   Code   RO         2646    i.TIM_OC3_SetConfig  stm32f4xx_hal_tim.o
    0x08007530   0x08007530   0x00000050   Code   RO         2647    i.TIM_OC4_SetConfig  stm32f4xx_hal_tim.o
    0x08007580   0x08007580   0x0000002a   Code   RO         6137    i.TIM_Set_PWM       bsp_pwm.o
    0x080075aa   0x080075aa   0x00000002   PAD
    0x080075ac   0x080075ac   0x0000000c   Code   RO          583    i.UART7_IRQHandler  stm32f4xx_it.o
    0x080075b8   0x080075b8   0x00000010   Code   RO         3551    i.UART_DMAAbortOnError  stm32f4xx_hal_uart.o
    0x080075c8   0x080075c8   0x0000004a   Code   RO         3552    i.UART_DMAError     stm32f4xx_hal_uart.o
    0x08007612   0x08007612   0x00000082   Code   RO         3553    i.UART_DMAReceiveCplt  stm32f4xx_hal_uart.o
    0x08007694   0x08007694   0x0000001a   Code   RO         3555    i.UART_DMARxHalfCplt  stm32f4xx_hal_uart.o
    0x080076ae   0x080076ae   0x00000042   Code   RO         3557    i.UART_DMATransmitCplt  stm32f4xx_hal_uart.o
    0x080076f0   0x080076f0   0x0000000a   Code   RO         3559    i.UART_DMATxHalfCplt  stm32f4xx_hal_uart.o
    0x080076fa   0x080076fa   0x0000004e   Code   RO         3561    i.UART_EndRxTransfer  stm32f4xx_hal_uart.o
    0x08007748   0x08007748   0x0000001c   Code   RO         3562    i.UART_EndTxTransfer  stm32f4xx_hal_uart.o
    0x08007764   0x08007764   0x000000c0   Code   RO         3563    i.UART_Receive_IT   stm32f4xx_hal_uart.o
    0x08007824   0x08007824   0x0000010c   Code   RO         3564    i.UART_SetConfig    stm32f4xx_hal_uart.o
    0x08007930   0x08007930   0x00000094   Code   RO         3565    i.UART_Start_Receive_DMA  stm32f4xx_hal_uart.o
    0x080079c4   0x080079c4   0x0000003a   Code   RO         3566    i.UART_Start_Receive_IT  stm32f4xx_hal_uart.o
    0x080079fe   0x080079fe   0x00000002   PAD
    0x08007a00   0x08007a00   0x00000038   Code   RO         5526    i.USART1_IDLE_IRQ   bsp_usart.o
    0x08007a38   0x08007a38   0x00000004   Code   RO          584    i.USART1_IRQHandler  stm32f4xx_it.o
    0x08007a3c   0x08007a3c   0x0000000c   Code   RO          585    i.USART6_IRQHandler  stm32f4xx_it.o
    0x08007a48   0x08007a48   0x00000024   Code   RO         5527    i.USART_DMA_Enable  bsp_usart.o
    0x08007a6c   0x08007a6c   0x00000014   Code   RO         5528    i.USART_Enable      bsp_usart.o
    0x08007a80   0x08007a80   0x00000002   Code   RO          586    i.UsageFault_Handler  stm32f4xx_it.o
    0x08007a82   0x08007a82   0x00000002   PAD
    0x08007a84   0x08007a84   0x0000003c   Code   RO         6936    i.Verify_CRC16_Check_Sum  crc.o
    0x08007ac0   0x08007ac0   0x00000026   Code   RO         6937    i.Verify_CRC8_Check_Sum  crc.o
    0x08007ae6   0x08007ae6   0x00000002   PAD
    0x08007ae8   0x08007ae8   0x00000068   Code   RO         6249    i.YL_error_correction  chassis_control.o
    0x08007b50   0x08007b50   0x00000024   Code   RO         8040    i.__0vsprintf       mc_w.l(printfa.o)
    0x08007b74   0x08007b74   0x00000026   Code   RO         8082    i.__ARM_fpclassifyf  m_wm.l(fpclassifyf.o)
    0x08007b9a   0x08007b9a   0x00000020   Code   RO         1827    i.__NVIC_SetPriority  stm32f4xx_hal_cortex.o
    0x08007bba   0x08007bba   0x00000002   PAD
    0x08007bbc   0x08007bbc   0x00000118   Code   RO         7718    i.__hardfp_acosf    m_wm.l(acosf.o)
    0x08007cd4   0x08007cd4   0x0000012c   Code   RO         7730    i.__hardfp_asinf    m_wm.l(asinf.o)
    0x08007e00   0x08007e00   0x000002ac   Code   RO         7742    i.__hardfp_atan2f   m_wm.l(atan2f.o)
    0x080080ac   0x080080ac   0x00000048   Code   RO         7754    i.__hardfp_fmaxf    m_wm.l(fmaxf.o)
    0x080080f4   0x080080f4   0x00000048   Code   RO         7758    i.__hardfp_fminf    m_wm.l(fminf.o)
    0x0800813c   0x0800813c   0x0000003a   Code   RO         7768    i.__hardfp_sqrtf    m_wm.l(sqrtf_full.o)
    0x08008176   0x08008176   0x00000006   Code   RO         8085    i.__mathlib_flt_infnan  m_wm.l(funder.o)
    0x0800817c   0x0800817c   0x00000006   Code   RO         8086    i.__mathlib_flt_infnan2  m_wm.l(funder.o)
    0x08008182   0x08008182   0x00000002   PAD
    0x08008184   0x08008184   0x00000010   Code   RO         8087    i.__mathlib_flt_invalid  m_wm.l(funder.o)
    0x08008194   0x08008194   0x00000010   Code   RO         8090    i.__mathlib_flt_underflow  m_wm.l(funder.o)
    0x080081a4   0x080081a4   0x0000000e   Code   RO         8149    i.__scatterload_copy  mc_w.l(handlers.o)
    0x080081b2   0x080081b2   0x00000002   Code   RO         8150    i.__scatterload_null  mc_w.l(handlers.o)
    0x080081b4   0x080081b4   0x0000000e   Code   RO         8151    i.__scatterload_zeroinit  mc_w.l(handlers.o)
    0x080081c2   0x080081c2   0x00000002   PAD
    0x080081c4   0x080081c4   0x0000000c   Code   RO         8125    i.__set_errno       mc_w.l(errno.o)
    0x080081d0   0x080081d0   0x00000184   Code   RO         8041    i._fp_digits        mc_w.l(printfa.o)
    0x08008354   0x08008354   0x000006b4   Code   RO         8042    i._printf_core      mc_w.l(printfa.o)
    0x08008a08   0x08008a08   0x00000024   Code   RO         8043    i._printf_post_padding  mc_w.l(printfa.o)
    0x08008a2c   0x08008a2c   0x0000002e   Code   RO         8044    i._printf_pre_padding  mc_w.l(printfa.o)
    0x08008a5a   0x08008a5a   0x0000000a   Code   RO         8046    i._sputc            mc_w.l(printfa.o)
    0x08008a64   0x08008a64   0x0000003c   Code   RO         6164    i.angle_to_pitch    chassis_behavior.o
    0x08008aa0   0x08008aa0   0x00000170   Code   RO         6250    i.chassis_control_loop_init  chassis_control.o
    0x08008c10   0x08008c10   0x00000150   Code   RO         6251    i.chassis_control_loop_reset  chassis_control.o
    0x08008d60   0x08008d60   0x00000240   Code   RO         6252    i.chassis_motor_control_loop_pid_control  chassis_control.o
    0x08008fa0   0x08008fa0   0x0000001c   Code   RO         5483    i.dubs_data_init    bsp_dubs.o
    0x08008fbc   0x08008fbc   0x000000b2   Code   RO         7261    i.f_Changing_Integration_Rate  controller.o
    0x0800906e   0x0800906e   0x00000002   PAD
    0x08009070   0x08009070   0x000000ba   Code   RO         7262    i.f_Derivative_On_Measurement  controller.o
    0x0800912a   0x0800912a   0x0000009a   Code   RO         7263    i.f_Integral_Limit  controller.o
    0x080091c4   0x080091c4   0x00000020   Code   RO         7123    i.float_constrain   user_lib.o
    0x080091e4   0x080091e4   0x00000022   Code   RO         7125    i.float_rounding    user_lib.o
    0x08009206   0x08009206   0x00000002   PAD
    0x08009208   0x08009208   0x000001ac   Code   RO         6165    i.game_model        chassis_behavior.o
    0x080093b4   0x080093b4   0x0000010c   Code   RO         5484    i.get_dbus_data     bsp_dubs.o
    0x080094c0   0x080094c0   0x0000002c   Code   RO         7363    i.invSqrt           quaternionekf.o
    0x080094ec   0x080094ec   0x000000a8   Code   RO         5614    i.io_init           bsp_io.o
    0x08009594   0x08009594   0x000001b0   Code   RO         5615    i.led_show          bsp_io.o
    0x08009744   0x08009744   0x00000040   Code   RO         5616    i.led_show_color    bsp_io.o
    0x08009784   0x08009784   0x00000098   Code   RO           16    i.main              main.o
    0x0800981c   0x0800981c   0x0000000c   Code   RO         4882    i.makeFreeRtosPriority  cmsis_os.o
    0x08009828   0x08009828   0x000000b0   Code   RO         5945    i.mpu_device_init   bsp_imu.o
    0x080098d8   0x080098d8   0x00000100   Code   RO         5946    i.mpu_get_data      bsp_imu.o
    0x080099d8   0x080099d8   0x0000004c   Code   RO         5948    i.mpu_read_byte     bsp_imu.o
    0x08009a24   0x08009a24   0x0000005c   Code   RO         5949    i.mpu_read_bytes    bsp_imu.o
    0x08009a80   0x08009a80   0x0000000a   Code   RO         5950    i.mpu_set_accel_fsr  bsp_imu.o
    0x08009a8a   0x08009a8a   0x0000000a   Code   RO         5951    i.mpu_set_gyro_fsr  bsp_imu.o
    0x08009a94   0x08009a94   0x00000050   Code   RO         5952    i.mpu_write_byte    bsp_imu.o
    0x08009ae4   0x08009ae4   0x0000000e   Code   RO         4884    i.osDelay           cmsis_os.o
    0x08009af2   0x08009af2   0x0000000a   Code   RO         4887    i.osKernelStart     cmsis_os.o
    0x08009afc   0x08009afc   0x00000054   Code   RO         4921    i.osThreadCreate    cmsis_os.o
    0x08009b50   0x08009b50   0x0000003c   Code   RO         5395    i.pid_abs_param_init  pid.o
    0x08009b8c   0x08009b8c   0x0000008c   Code   RO         6169    i.process_motor_encoder_to_serial  chassis_behavior.o
    0x08009c18   0x08009c18   0x00000078   Code   RO         4388    i.prvAddCurrentTaskToDelayedList  tasks.o
    0x08009c90   0x08009c90   0x000000d0   Code   RO         4389    i.prvAddNewTaskToReadyList  tasks.o
    0x08009d60   0x08009d60   0x00000058   Code   RO         4736    i.prvCheckForValidListAndQueue  timers.o
    0x08009db8   0x08009db8   0x00000026   Code   RO         4045    i.prvCopyDataFromQueue  queue.o
    0x08009dde   0x08009dde   0x0000006c   Code   RO         4046    i.prvCopyDataToQueue  queue.o
    0x08009e4a   0x08009e4a   0x00000034   Code   RO         4390    i.prvDeleteTCB      tasks.o
    0x08009e7e   0x08009e7e   0x00000002   PAD
    0x08009e80   0x08009e80   0x0000004c   Code   RO         5261    i.prvHeapInit       heap_4.o
    0x08009ecc   0x08009ecc   0x00000060   Code   RO         4391    i.prvIdleTask       tasks.o
    0x08009f2c   0x08009f2c   0x00000016   Code   RO         4048    i.prvInitialiseNewQueue  queue.o
    0x08009f42   0x08009f42   0x00000002   PAD
    0x08009f44   0x08009f44   0x000000b4   Code   RO         4392    i.prvInitialiseNewTask  tasks.o
    0x08009ff8   0x08009ff8   0x0000004c   Code   RO         5262    i.prvInsertBlockIntoFreeList  heap_4.o
    0x0800a044   0x0800a044   0x00000038   Code   RO         4738    i.prvInsertTimerInActiveList  timers.o
    0x0800a07c   0x0800a07c   0x0000001c   Code   RO         4049    i.prvIsQueueEmpty   queue.o
    0x0800a098   0x0800a098   0x000000f0   Code   RO         4739    i.prvProcessReceivedCommands  timers.o
    0x0800a188   0x0800a188   0x000000c0   Code   RO         4740    i.prvProcessTimerOrBlockTask  timers.o
    0x0800a248   0x0800a248   0x00000020   Code   RO         4393    i.prvResetNextTaskUnblockTime  tasks.o
    0x0800a268   0x0800a268   0x00000028   Code   RO         4741    i.prvSampleTimeNow  timers.o
    0x0800a290   0x0800a290   0x0000006c   Code   RO         4742    i.prvSwitchTimerLists  timers.o
    0x0800a2fc   0x0800a2fc   0x00000028   Code   RO         5318    i.prvTaskExitError  port.o
    0x0800a324   0x0800a324   0x00000024   Code   RO         4743    i.prvTimerTask      timers.o
    0x0800a348   0x0800a348   0x0000006a   Code   RO         4050    i.prvUnlockQueue    queue.o
    0x0800a3b2   0x0800a3b2   0x00000002   PAD
    0x0800a3b4   0x0800a3b4   0x000000dc   Code   RO         5263    i.pvPortMalloc      heap_4.o
    0x0800a490   0x0800a490   0x0000002c   Code   RO         5319    i.pxPortInitialiseStack  port.o
    0x0800a4bc   0x0800a4bc   0x00000144   Code   RO         6170    i.rc_to_motor       chassis_behavior.o
    0x0800a600   0x0800a600   0x000000a4   Code   RO         6171    i.rc_to_task        chassis_behavior.o
    0x0800a6a4   0x0800a6a4   0x0000003e   Code   RO         7770    i.sqrtf             m_wm.l(sqrtf_full.o)
    0x0800a6e2   0x0800a6e2   0x00000002   PAD
    0x0800a6e4   0x0800a6e4   0x00000038   Code   RO         6310    i.uart_dma_printf   debugtask.o
    0x0800a71c   0x0800a71c   0x00000026   Code   RO         4005    i.uxListRemove      list.o
    0x0800a742   0x0800a742   0x00000002   PAD
    0x0800a744   0x0800a744   0x00000014   Code   RO          294    i.vApplicationGetIdleTaskMemory  freertos.o
    0x0800a758   0x0800a758   0x00000018   Code   RO          295    i.vApplicationGetTimerTaskMemory  freertos.o
    0x0800a770   0x0800a770   0x00000016   Code   RO         4006    i.vListInitialise   list.o
    0x0800a786   0x0800a786   0x00000006   Code   RO         4007    i.vListInitialiseItem  list.o
    0x0800a78c   0x0800a78c   0x00000030   Code   RO         4008    i.vListInsert       list.o
    0x0800a7bc   0x0800a7bc   0x00000018   Code   RO         4009    i.vListInsertEnd    list.o
    0x0800a7d4   0x0800a7d4   0x00000040   Code   RO         5321    i.vPortEnterCritical  port.o
    0x0800a814   0x0800a814   0x00000028   Code   RO         5322    i.vPortExitCritical  port.o
    0x0800a83c   0x0800a83c   0x00000064   Code   RO         5264    i.vPortFree         heap_4.o
    0x0800a8a0   0x0800a8a0   0x00000024   Code   RO         5323    i.vPortSetupTimerInterrupt  port.o
    0x0800a8c4   0x0800a8c4   0x00000054   Code   RO         5324    i.vPortValidateInterruptPriority  port.o
    0x0800a918   0x0800a918   0x00000028   Code   RO         4054    i.vQueueAddToRegistry  queue.o
    0x0800a940   0x0800a940   0x00000044   Code   RO         4057    i.vQueueWaitForMessageRestricted  queue.o
    0x0800a984   0x0800a984   0x0000004c   Code   RO         4404    i.vTaskDelay        tasks.o
    0x0800a9d0   0x0800a9d0   0x00000010   Code   RO         4408    i.vTaskInternalSetTimeOutState  tasks.o
    0x0800a9e0   0x0800a9e0   0x0000000c   Code   RO         4409    i.vTaskMissedYield  tasks.o
    0x0800a9ec   0x0800a9ec   0x00000030   Code   RO         4411    i.vTaskPlaceOnEventList  tasks.o
    0x0800aa1c   0x0800aa1c   0x00000038   Code   RO         4412    i.vTaskPlaceOnEventListRestricted  tasks.o
    0x0800aa54   0x0800aa54   0x00000088   Code   RO         4419    i.vTaskStartScheduler  tasks.o
    0x0800aadc   0x0800aadc   0x00000010   Code   RO         4421    i.vTaskSuspendAll   tasks.o
    0x0800aaec   0x0800aaec   0x0000005c   Code   RO         4422    i.vTaskSwitchContext  tasks.o
    0x0800ab48   0x0800ab48   0x000000f4   Code   RO         5325    i.xPortStartScheduler  port.o
    0x0800ac3c   0x0800ac3c   0x00000066   Code   RO         4061    i.xQueueGenericCreateStatic  queue.o
    0x0800aca2   0x0800aca2   0x00000002   PAD
    0x0800aca4   0x0800aca4   0x00000088   Code   RO         4062    i.xQueueGenericReset  queue.o
    0x0800ad2c   0x0800ad2c   0x00000160   Code   RO         4063    i.xQueueGenericSend  queue.o
    0x0800ae8c   0x0800ae8c   0x000000be   Code   RO         4064    i.xQueueGenericSendFromISR  queue.o
    0x0800af4a   0x0800af4a   0x00000002   PAD
    0x0800af4c   0x0800af4c   0x00000138   Code   RO         4072    i.xQueueReceive     queue.o
    0x0800b084   0x0800b084   0x00000088   Code   RO         4425    i.xTaskCheckForTimeOut  tasks.o
    0x0800b10c   0x0800b10c   0x0000005a   Code   RO         4426    i.xTaskCreate       tasks.o
    0x0800b166   0x0800b166   0x00000056   Code   RO         4427    i.xTaskCreateStatic  tasks.o
    0x0800b1bc   0x0800b1bc   0x0000001c   Code   RO         4432    i.xTaskGetSchedulerState  tasks.o
    0x0800b1d8   0x0800b1d8   0x0000000c   Code   RO         4433    i.xTaskGetTickCount  tasks.o
    0x0800b1e4   0x0800b1e4   0x000000cc   Code   RO         4435    i.xTaskIncrementTick  tasks.o
    0x0800b2b0   0x0800b2b0   0x00000098   Code   RO         4438    i.xTaskPriorityDisinherit  tasks.o
    0x0800b348   0x0800b348   0x00000074   Code   RO         4440    i.xTaskRemoveFromEventList  tasks.o
    0x0800b3bc   0x0800b3bc   0x000000c4   Code   RO         4441    i.xTaskResumeAll    tasks.o
    0x0800b480   0x0800b480   0x00000060   Code   RO         4750    i.xTimerCreateTimerTask  timers.o
    0x0800b4e0   0x0800b4e0   0x00000060   Code   RO         4751    i.xTimerGenericCommand  timers.o
    0x0800b540   0x0800b540   0x00000038   Data   RO          297    .constdata          freertos.o
    0x0800b578   0x0800b578   0x00000008   Data   RO         1526    .constdata          stm32f4xx_hal_dma.o
    0x0800b580   0x0800b580   0x00000010   Data   RO         3868    .constdata          system_stm32f4xx.o
    0x0800b590   0x0800b590   0x00000008   Data   RO         3869    .constdata          system_stm32f4xx.o
    0x0800b598   0x0800b598   0x000017c0   Data   RO         5802    .constdata          oled.o
    0x0800cd58   0x0800cd58   0x00000014   Data   RO         5954    .constdata          bsp_imu.o
    0x0800cd6c   0x0800cd6c   0x00000030   Data   RO         6431    .constdata          ins_task.o
    0x0800cd9c   0x0800cd9c   0x00000300   Data   RO         6939    .constdata          crc.o
    0x0800d09c   0x0800d09c   0x00000090   Data   RO         7365    .constdata          quaternionekf.o
    0x0800d12c   0x0800d12c   0x00000804   Data   RO         7695    .constdata          arm_cortexM4lf_math.lib(arm_common_tables.o)
    0x0800d930   0x0800d930   0x00000017   Data   RO          298    .conststring        freertos.o
    0x0800d947   0x0800d947   0x00000001   PAD
    0x0800d948   0x0800d948   0x00000065   Data   RO         6312    .conststring        debugtask.o
    0x0800d9ad   0x0800d9ad   0x00000003   PAD
    0x0800d9b0   0x0800d9b0   0x00000020   Data   RO         8147    Region$$Table       anon$$obj.o


    Execution Region RW_IRAM2 (Exec base: 0x10000000, Load base: 0x0800dbe0, Size: 0x00000000, Max: 0x00010000, ABSOLUTE)

    **** No section assigned to this execution region ****


    Execution Region RW_IRAM1 (Exec base: 0x20000000, Load base: 0x0800d9d0, Size: 0x00009720, Max: 0x00030000, ABSOLUTE, COMPRESSED[0x00000210])

    Exec Addr    Load Addr    Size         Type   Attr      Idx    E Section Name        Object

    0x20000000   COMPRESSED   0x00000008   Data   RW          299    .data               freertos.o
    0x20000008   COMPRESSED   0x0000000c   Data   RW         1973    .data               stm32f4xx_hal.o
    0x20000014   COMPRESSED   0x00000004   Data   RW         3870    .data               system_stm32f4xx.o
    0x20000018   COMPRESSED   0x0000003c   Data   RW         4444    .data               tasks.o
    0x20000054   COMPRESSED   0x00000014   Data   RW         4757    .data               timers.o
    0x20000068   COMPRESSED   0x00000020   Data   RW         5270    .data               heap_4.o
    0x20000088   COMPRESSED   0x0000000c   Data   RW         5326    .data               port.o
    0x20000094   COMPRESSED   0x00000006   Data   RW         5486    .data               bsp_dubs.o
    0x2000009a   COMPRESSED   0x00000001   Data   RW         5533    .data               bsp_usart.o
    0x2000009b   COMPRESSED   0x00000001   PAD
    0x2000009c   COMPRESSED   0x00001440   Data   RW         5803    .data               oled.o
    0x200014dc   COMPRESSED   0x0000002e   Data   RW         5955    .data               bsp_imu.o
    0x2000150a   COMPRESSED   0x00000006   PAD
    0x20001510   COMPRESSED   0x00000040   Data   RW         6069    .data               bsp_dwt.o
    0x20001550   COMPRESSED   0x00000060   Data   RW         6173    .data               chassis_behavior.o
    0x200015b0   COMPRESSED   0x00000020   Data   RW         6254    .data               chassis_control.o
    0x200015d0   COMPRESSED   0x0000000c   Data   RW         6313    .data               debugtask.o
    0x200015dc   COMPRESSED   0x00000044   Data   RW         6432    .data               ins_task.o
    0x20001620   COMPRESSED   0x00000002   Data   RW         6940    .data               crc.o
    0x20001622   COMPRESSED   0x00000002   PAD
    0x20001624   COMPRESSED   0x0000002a   Data   RW         6998    .data               judge.o
    0x2000164e   COMPRESSED   0x00000004   Data   RW         7044    .data               kalman_filter.o
    0x20001652   COMPRESSED   0x00000002   PAD
    0x20001654   COMPRESSED   0x00000014   Data   RW         7134    .data               user_lib.o
    0x20001668   COMPRESSED   0x000000d4   Data   RW         7366    .data               quaternionekf.o
    0x2000173c   COMPRESSED   0x00000004   Data   RW         8126    .data               mc_w.l(errno.o)
    0x20001740        -       0x000006a8   Zero   RW          296    .bss                freertos.o
    0x20001de8        -       0x00000028   Zero   RW          356    .bss                can.o
    0x20001e10        -       0x000001d0   Zero   RW          423    .bss                spi.o
    0x20001fe0        -       0x00000048   Zero   RW          471    .bss                tim.o
    0x20002028        -       0x0000018c   Zero   RW          520    .bss                usart.o
    0x200021b4        -       0x00000048   Zero   RW          730    .bss                stm32f4xx_hal_timebase_tim.o
    0x200021fc        -       0x00000040   Zero   RW         4075    .bss                queue.o
    0x2000223c        -       0x000000f0   Zero   RW         4443    .bss                tasks.o
    0x2000232c        -       0x000000e8   Zero   RW         4756    .bss                timers.o
    0x20002414        -       0x00006000   Zero   RW         5269    .bss                heap_4.o
    0x20008414        -       0x00000016   Zero   RW         5485    .bss                bsp_dubs.o
    0x2000842a        -       0x00000030   Zero   RW         5532    .bss                bsp_usart.o
    0x2000845a        -       0x00000480   Zero   RW         5801    .bss                oled.o
    0x200088da   COMPRESSED   0x00000002   PAD
    0x200088dc        -       0x00000050   Zero   RW         5953    .bss                bsp_imu.o
    0x2000892c        -       0x00000030   Zero   RW         6172    .bss                chassis_behavior.o
    0x2000895c   COMPRESSED   0x00000004   PAD
    0x20008960        -       0x00000400   Zero   RW         6253    .bss                chassis_control.o
    0x20008d60        -       0x00000080   Zero   RW         6311    .bss                debugtask.o
    0x20008de0        -       0x00000160   Zero   RW         6430    .bss                ins_task.o
    0x20008f40        -       0x00000170   Zero   RW         6995    .bss                judge.o
    0x200090b0        -       0x00000270   Zero   RW         7364    .bss                quaternionekf.o
    0x20009320        -       0x00000400   Zero   RW            1    STACK               startup_stm32f427xx.o


==============================================================================

Image component sizes


      Code (inc. data)   RO Data    RW Data    ZI Data      Debug   Object Name

       444         46          0          0          0       5590   bsp_can.o
       296         16          0          6         22       2906   bsp_dubs.o
       448         68          0         64          0       4522   bsp_dwt.o
      1620        136         20         46         80       8739   bsp_imu.o
       664         44          0          0          0       1874   bsp_io.o
        42          0          0          0          0        902   bsp_pwm.o
       186         20          0          1         48       4016   bsp_usart.o
       204         22          0          0         40       1697   can.o
      1116        138          0         96         48       7677   chassis_behavior.o
      1384        160          0         32       1024       5172   chassis_control.o
       120          0          0          0          0      23181   cmsis_os.o
      1728         12          0          0          0       9240   controller.o
       170         16        768          2          0       3571   crc.o
       556         74        101         12        128       1775   debugtask.o
       124          4          0          0          0        838   dma.o
         0          0          0          0          0      19748   event_groups.o
       104         18         79          8       1704       2775   freertos.o
       444         30          0          0          0       1203   gpio.o
       472         24          0         32      24576       4867   heap_4.o
      1812        114         48         68        352      26399   ins_task.o
       280         14          0         42        368       4504   judge.o
      2222         20          0          4          0       9255   kalman_filter.o
       138          0          0          0          0       3546   list.o
       304         46          0          0          0     792640   main.o
       240         44          0          0          0        654   motortask.o
       922         54       6080       5184       1152       9908   oled.o
       302          0          0          0          0       2580   pid.o
       786         82          0         12          0      11825   port.o
      2852        168        144        212        624       8622   quaternionekf.o
      1502         20          0          0         64      17280   queue.o
       516         50          0          0        464       2701   spi.o
        36          8        428          0       1024        832   startup_stm32f427xx.o
       116         18          0         12          0       8850   stm32f4xx_hal.o
      1658          6          0          0          0      14223   stm32f4xx_hal_can.o
       158         14          0          0          0      33162   stm32f4xx_hal_cortex.o
      1084         16          8          0          0       7330   stm32f4xx_hal_dma.o
       600         60          0          0          0       3376   stm32f4xx_hal_gpio.o
        56          4          0          0          0        862   stm32f4xx_hal_msp.o
       112         14          0          0          0       1284   stm32f4xx_hal_pwr_ex.o
      1412         86          0          0          0       5885   stm32f4xx_hal_rcc.o
      1308         26          0          0          0       9362   stm32f4xx_hal_spi.o
      1694        136          0          0          0      13519   stm32f4xx_hal_tim.o
       148         28          0          0          0       2449   stm32f4xx_hal_tim_ex.o
       152         18          0          0         72       1475   stm32f4xx_hal_timebase_tim.o
      2152         44          0          0          0      16870   stm32f4xx_hal_uart.o
       144         60          0          0          0       8428   stm32f4xx_it.o
         0          0          0          0          0        416   stream_buffer.o
        16          4         24          4          0       1123   system_stm32f4xx.o
      2160        160          0         60        240      26812   tasks.o
       232         30          0          0         72       2291   tim.o
       952         80          0         20        232      29755   timers.o
       580         70          0          0        396       3291   usart.o
       632          4          0         20          0       6673   user_lib.o

    ----------------------------------------------------------------------
     37464       2326       7736       5948      32736    1198475   Object Totals
         0          0         32          0          0          0   (incl. Generated)
        64          0          4         11          6          0   (incl. Padding)

    ----------------------------------------------------------------------

      Code (inc. data)   RO Data    RW Data    ZI Data      Debug   Library Member Name

         0          0       2052          0          0       4704   arm_common_tables.o
       120         12          0          0          0      17170   arm_cos_f32.o
       264          0          0          0          0       1826   arm_mat_add_f32.o
         8          0          0          0          0        999   arm_mat_init_f32.o
      1328          4          0          0          0       4782   arm_mat_inverse_f32.o
       316          4          0          0          0       2375   arm_mat_mult_f32.o
       264          0          0          0          0       1826   arm_mat_sub_f32.o
       276          0          0          0          0       2240   arm_mat_trans_f32.o
       148         18          0          0          0        814   arm_sin_f32.o
       280         46          0          0          0        176   acosf.o
       300         42          0          0          0        176   asinf.o
       684         90          0          0          0        208   atan2f.o
        72          0          0          0          0        148   fmaxf.o
        72          0          0          0          0        148   fminf.o
        38          0          0          0          0        116   fpclassifyf.o
        44         12          0          0          0        464   funder.o
       120          0          0          0          0        272   sqrtf_full.o
        86          0          0          0          0          0   __dczerorl2.o
         0          0          0          0          0          0   entry.o
         0          0          0          0          0          0   entry10a.o
         0          0          0          0          0          0   entry11a.o
         4          0          0          0          0          0   entry12b.o
         8          4          0          0          0          0   entry2.o
         4          0          0          0          0          0   entry5.o
         0          0          0          0          0          0   entry7b.o
         0          0          0          0          0          0   entry8b.o
         8          4          0          0          0          0   entry9a.o
        12          6          0          4          0         68   errno.o
        30          0          0          0          0          0   handlers.o
        36          8          0          0          0         68   init.o
         0          0          0          0          0          0   iusefp.o
        30          0          0          0          0         68   llshl.o
        36          0          0          0          0         68   llsshr.o
        32          0          0          0          0         68   llushr.o
        36          0          0          0          0         68   memcpya.o
        36          0          0          0          0        108   memseta.o
      2232         86          0          0          0        528   printfa.o
        44          0          0          0          0         80   uidiv.o
        98          0          0          0          0         92   uldiv.o
        48          0          0          0          0         68   cdrcmple.o
        56          0          0          0          0         88   d2f.o
       334          0          0          0          0        148   dadd.o
       222          0          0          0          0        100   ddiv.o
       186          0          0          0          0        176   depilogue.o
        48          0          0          0          0         68   dfixul.o
       228          0          0          0          0         96   dmul.o
        38          0          0          0          0         68   f2d.o
        54          0          0          0          0         68   fcmp4.o
       110          0          0          0          0        168   fepilogue.o
        66          0          0          0          0         76   ffixl.o
        44          0          0          0          0         92   ffltl.o

    ----------------------------------------------------------------------
      8508        336       2052          4          0      40876   Library Totals
         8          0          0          0          0          0   (incl. Padding)

    ----------------------------------------------------------------------

      Code (inc. data)   RO Data    RW Data    ZI Data      Debug   Library Name

      2724         38       2052          0          0      36736   arm_cortexM4lf_math.lib
      1610        190          0          0          0       1708   m_wm.l
      2732        108          0          4          0       1216   mc_w.l
      1434          0          0          0          0       1216   mf_w.l

    ----------------------------------------------------------------------
      8508        336       2052          4          0      40876   Library Totals

    ----------------------------------------------------------------------

==============================================================================


      Code (inc. data)   RO Data    RW Data    ZI Data      Debug   

     45972       2662       9788       5952      32736    1208287   Grand Totals
     45972       2662       9788        528      32736    1208287   ELF Image Totals (compressed)
     45972       2662       9788        528          0          0   ROM Totals

==============================================================================

    Total RO  Size (Code + RO Data)                55760 (  54.45kB)
    Total RW  Size (RW Data + ZI Data)             38688 (  37.78kB)
    Total ROM Size (Code + RO Data + RW Data)      56288 (  54.97kB)

==============================================================================

