<html>
<body>
<pre>
<h1>µVision Build Log</h1>
<h2>Tool Versions:</h2>
IDE-Version: ¦ÌVision V5.36.0.0
Copyright (C) 2021 ARM Ltd and ARM Germany GmbH. All rights reserved.
License Information: 1 1, 1, LIC=65ISZ-J4J58-01FP1-CPM7F-SU4XV-EN41F
 
Tool Versions:
Toolchain:       MDK-ARM Plus  Version: 5.36.0.0
Toolchain Path:  D:\Program Files\keil_v5\ARM\ARMCC\Bin
C Compiler:      Armcc.exe V5.06 update 7 (build 960)
Assembler:       Armasm.exe V5.06 update 7 (build 960)
Linker/Locator:  ArmLink.exe V5.06 update 7 (build 960)
Library Manager: ArmAr.exe V5.06 update 7 (build 960)
Hex Converter:   FromElf.exe V5.06 update 7 (build 960)
CPU DLL:         SARMCM3.DLL V5.36.0.0
Dialog DLL:      DCM.DLL V1.17.3.0
Target DLL:      CMSIS_AGDI.dll V1.33.0.0
Dialog DLL:      TCM.DLL V1.53.0.0
 
<h2>Project:</h2>
D:\keil\DARTS_V1.2-2022\DARTS_V1.2\MDK-ARM\DARTS_V1.0.uvprojx
Project File Date:  05/08/2023

<h2>Output:</h2>
*** Using Compiler 'V5.06 update 7 (build 960)', folder: 'D:\Program Files\keil_v5\ARM\ARMCC\Bin'
Build target 'DARTS_V1'
compiling target_finder.c...
..\Packages\target_finder\target_finder.c(12): warning:  #223-D: function "memset" declared implicitly
      memset(instance, 0, sizeof(TargetInstance));
..\Packages\target_finder\target_finder.c(59): warning:  #174-D: expression has no effect
          target->target_state == TARGET_CONVERGING;
..\Packages\target_finder\target_finder.c(78): warning:  #174-D: expression has no effect
                  target->target_state == NO_TARGET;
..\Packages\target_finder\target_finder.c(82): warning:  #174-D: expression has no effect
                  target->target_state == READY_TO_FIRE;
..\Packages\target_finder\target_finder.c(87): warning:  #1035-D: single-precision operand implicitly converted to double-precision
                  target->target_data.find_out_step /= 1.5;
..\Packages\target_finder\target_finder.c(93): warning:  #174-D: expression has no effect
          target->target_state == TARGET_CONVERGING;
..\Packages\target_finder\target_finder.c(101): warning:  #167-D: argument of type "uint8_t *" is incompatible with parameter of type "const char *"
          *result = atof(data+3);
..\Packages\target_finder\target_finder.c(103): warning:  #940-D: missing return statement at end of non-void function "u8Arry2float" 
  }
..\Packages\target_finder\target_finder.c: 8 warnings, 0 errors
compiling chassis_behavior.c...
linking...
Program Size: Code=47524 RO-data=9916 RW-data=5932 ZI-data=33372  
FromELF: creating hex file...
"DARTS_V1.0\DARTS_V1.axf" - 0 Error(s), 8 Warning(s).

<h2>Software Packages used:</h2>

Package Vendor: ARM
                http://www.keil.com/pack/ARM.CMSIS.5.8.0.pack
                ARM.CMSIS.5.8.0
                CMSIS (Common Microcontroller Software Interface Standard)
   * Component: CORE Version: 5.5.0

Package Vendor: Keil
                http://www.keil.com/pack/Keil.STM32F4xx_DFP.2.15.0.pack
                Keil.STM32F4xx_DFP.2.15.0
                STMicroelectronics STM32F4 Series Device Support, Drivers and Examples

<h2>Collection of Component include folders:</h2>
  .\RTE\_DARTS_V1
  D:\Program Files\keil_v5\ARM\CMSIS\5.8.0\CMSIS\Core\Include
  D:\Program Files\keil_v5\Keil\STM32F4xx_DFP\2.15.0\Drivers\CMSIS\Device\ST\STM32F4xx\Include

<h2>Collection of Component Files used:</h2>

   * Component: ARM::CMSIS:CORE:5.5.0
      Include file:  CMSIS\Core\Include\tz_context.h
Build Time Elapsed:  00:00:04
</pre>
</body>
</html>
