Component: ARM Compiler 5.06 update 7 (build 960) Tool: armlink [4d3601]

==============================================================================

Section Cross References

    startup_stm32f427xx.o(RESET) refers to startup_stm32f427xx.o(STACK) for __initial_sp
    startup_stm32f427xx.o(RESET) refers to startup_stm32f427xx.o(.text) for Reset_Handler
    startup_stm32f427xx.o(RESET) refers to stm32f4xx_it.o(i.NMI_Handler) for NMI_Handler
    startup_stm32f427xx.o(RESET) refers to stm32f4xx_it.o(i.HardFault_Handler) for HardFault_Handler
    startup_stm32f427xx.o(RESET) refers to stm32f4xx_it.o(i.MemManage_Handler) for MemManage_Handler
    startup_stm32f427xx.o(RESET) refers to stm32f4xx_it.o(i.BusFault_Handler) for BusFault_Handler
    startup_stm32f427xx.o(RESET) refers to stm32f4xx_it.o(i.UsageFault_Handler) for UsageFault_Handler
    startup_stm32f427xx.o(RESET) refers to port.o(.emb_text) for SVC_Handler
    startup_stm32f427xx.o(RESET) refers to stm32f4xx_it.o(i.DebugMon_Handler) for DebugMon_Handler
    startup_stm32f427xx.o(RESET) refers to port.o(i.SysTick_Handler) for SysTick_Handler
    startup_stm32f427xx.o(RESET) refers to stm32f4xx_it.o(i.DMA1_Stream1_IRQHandler) for DMA1_Stream1_IRQHandler
    startup_stm32f427xx.o(RESET) refers to stm32f4xx_it.o(i.CAN1_TX_IRQHandler) for CAN1_TX_IRQHandler
    startup_stm32f427xx.o(RESET) refers to stm32f4xx_it.o(i.CAN1_RX0_IRQHandler) for CAN1_RX0_IRQHandler
    startup_stm32f427xx.o(RESET) refers to stm32f4xx_it.o(i.EXTI9_5_IRQHandler) for EXTI9_5_IRQHandler
    startup_stm32f427xx.o(RESET) refers to stm32f4xx_it.o(i.TIM2_IRQHandler) for TIM2_IRQHandler
    startup_stm32f427xx.o(RESET) refers to stm32f4xx_it.o(i.USART1_IRQHandler) for USART1_IRQHandler
    startup_stm32f427xx.o(RESET) refers to stm32f4xx_it.o(i.USART3_IRQHandler) for USART3_IRQHandler
    startup_stm32f427xx.o(RESET) refers to stm32f4xx_it.o(i.DMA2_Stream2_IRQHandler) for DMA2_Stream2_IRQHandler
    startup_stm32f427xx.o(RESET) refers to stm32f4xx_it.o(i.DMA2_Stream3_IRQHandler) for DMA2_Stream3_IRQHandler
    startup_stm32f427xx.o(RESET) refers to stm32f4xx_it.o(i.DMA2_Stream4_IRQHandler) for DMA2_Stream4_IRQHandler
    startup_stm32f427xx.o(RESET) refers to stm32f4xx_it.o(i.DMA2_Stream5_IRQHandler) for DMA2_Stream5_IRQHandler
    startup_stm32f427xx.o(RESET) refers to stm32f4xx_it.o(i.USART6_IRQHandler) for USART6_IRQHandler
    startup_stm32f427xx.o(RESET) refers to stm32f4xx_it.o(i.UART7_IRQHandler) for UART7_IRQHandler
    startup_stm32f427xx.o(.text) refers to system_stm32f4xx.o(i.SystemInit) for SystemInit
    startup_stm32f427xx.o(.text) refers to entry.o(.ARM.Collect$$$$00000000) for __main
    main.o(i.HAL_TIM_PeriodElapsedCallback) refers to stm32f4xx_hal.o(i.HAL_IncTick) for HAL_IncTick
    main.o(i.SystemClock_Config) refers to memseta.o(.text) for __aeabi_memclr4
    main.o(i.SystemClock_Config) refers to stm32f4xx_hal_rcc.o(i.HAL_RCC_OscConfig) for HAL_RCC_OscConfig
    main.o(i.SystemClock_Config) refers to stm32f4xx_hal_pwr_ex.o(i.HAL_PWREx_EnableOverDrive) for HAL_PWREx_EnableOverDrive
    main.o(i.SystemClock_Config) refers to stm32f4xx_hal_rcc.o(i.HAL_RCC_ClockConfig) for HAL_RCC_ClockConfig
    main.o(i.main) refers to stm32f4xx_hal.o(i.HAL_Init) for HAL_Init
    main.o(i.main) refers to main.o(i.SystemClock_Config) for SystemClock_Config
    main.o(i.main) refers to gpio.o(i.MX_GPIO_Init) for MX_GPIO_Init
    main.o(i.main) refers to dma.o(i.MX_DMA_Init) for MX_DMA_Init
    main.o(i.main) refers to can.o(i.MX_CAN1_Init) for MX_CAN1_Init
    main.o(i.main) refers to usart.o(i.MX_USART1_UART_Init) for MX_USART1_UART_Init
    main.o(i.main) refers to usart.o(i.MX_USART6_UART_Init) for MX_USART6_UART_Init
    main.o(i.main) refers to usart.o(i.MX_UART7_Init) for MX_UART7_Init
    main.o(i.main) refers to spi.o(i.MX_SPI1_Init) for MX_SPI1_Init
    main.o(i.main) refers to spi.o(i.MX_SPI5_Init) for MX_SPI5_Init
    main.o(i.main) refers to tim.o(i.MX_TIM3_Init) for MX_TIM3_Init
    main.o(i.main) refers to usart.o(i.MX_USART3_UART_Init) for MX_USART3_UART_Init
    main.o(i.main) refers to bsp_usart.o(i.USART_DMA_Enable) for USART_DMA_Enable
    main.o(i.main) refers to bsp_usart.o(i.USART_Enable) for USART_Enable
    main.o(i.main) refers to bsp_can.o(i.CAN_Enable) for CAN_Enable
    main.o(i.main) refers to bsp_dubs.o(i.dubs_data_init) for dubs_data_init
    main.o(i.main) refers to bsp_io.o(i.io_init) for io_init
    main.o(i.main) refers to bsp_dwt.o(i.DWT_Init) for DWT_Init
    main.o(i.main) refers to bsp_imu.o(i.mpu_device_init) for mpu_device_init
    main.o(i.main) refers to freertos.o(i.MX_FREERTOS_Init) for MX_FREERTOS_Init
    main.o(i.main) refers to cmsis_os.o(i.osKernelStart) for osKernelStart
    main.o(i.main) refers to bsp_usart.o(.bss) for usart1_rx_buffer
    main.o(i.main) refers to usart.o(.bss) for hdma_usart1_rx
    main.o(i.main) refers to bsp_usart.o(.data) for usart7_rx_buffer
    main.o(i.main) refers to can.o(.bss) for hcan1
[...]
    HAL_TIM_OC_DelayElapsedCallback          0x08004031   Thumb Code     2  stm32f4xx_hal_tim.o(i.HAL_TIM_OC_DelayElapsedCallback)
    HAL_TIM_PWM_ConfigChannel                0x08004033   Thumb Code   204  stm32f4xx_hal_tim.o(i.HAL_TIM_PWM_ConfigChannel)
    HAL_TIM_PWM_Init                         0x080040ff   Thumb Code    90  stm32f4xx_hal_tim.o(i.HAL_TIM_PWM_Init)
    HAL_TIM_PWM_MspInit                      0x08004159   Thumb Code    30  tim.o(i.HAL_TIM_PWM_MspInit)
    HAL_TIM_PWM_PulseFinishedCallback        0x08004181   Thumb Code     2  stm32f4xx_hal_tim.o(i.HAL_TIM_PWM_PulseFinishedCallback)
    HAL_TIM_PWM_Start                        0x08004185   Thumb Code   172  stm32f4xx_hal_tim.o(i.HAL_TIM_PWM_Start)
    HAL_TIM_PeriodElapsedCallback            0x0800424d   Thumb Code    14  main.o(i.HAL_TIM_PeriodElapsedCallback)
    HAL_TIM_TriggerCallback                  0x0800425b   Thumb Code     2  stm32f4xx_hal_tim.o(i.HAL_TIM_TriggerCallback)
    HAL_UARTEx_RxEventCallback               0x0800425d   Thumb Code     2  stm32f4xx_hal_uart.o(i.HAL_UARTEx_RxEventCallback)
    HAL_UART_DMAStop                         0x0800425f   Thumb Code   112  stm32f4xx_hal_uart.o(i.HAL_UART_DMAStop)
    HAL_UART_ErrorCallback                   0x080042cf   Thumb Code    18  bsp_usart.o(i.HAL_UART_ErrorCallback)
    HAL_UART_IRQHandler                      0x080042e1   Thumb Code   610  stm32f4xx_hal_uart.o(i.HAL_UART_IRQHandler)
    HAL_UART_Init                            0x08004549   Thumb Code    98  stm32f4xx_hal_uart.o(i.HAL_UART_Init)
    HAL_UART_MspInit                         0x080045ad   Thumb Code   430  usart.o(i.HAL_UART_MspInit)
    HAL_UART_Receive_DMA                     0x0800478d   Thumb Code    42  stm32f4xx_hal_uart.o(i.HAL_UART_Receive_DMA)
    HAL_UART_Receive_IT                      0x080047b7   Thumb Code    42  stm32f4xx_hal_uart.o(i.HAL_UART_Receive_IT)
    HAL_UART_RxCpltCallback                  0x080047e1   Thumb Code    78  bsp_usart.o(i.HAL_UART_RxCpltCallback)
    HAL_UART_RxHalfCpltCallback              0x08004849   Thumb Code     2  stm32f4xx_hal_uart.o(i.HAL_UART_RxHalfCpltCallback)
    HAL_UART_Transmit_DMA                    0x0800484d   Thumb Code   126  stm32f4xx_hal_uart.o(i.HAL_UART_Transmit_DMA)
    HAL_UART_TxCpltCallback                  0x080048d9   Thumb Code     2  stm32f4xx_hal_uart.o(i.HAL_UART_TxCpltCallback)
    HAL_UART_TxHalfCpltCallback              0x080048db   Thumb Code     2  stm32f4xx_hal_uart.o(i.HAL_UART_TxHalfCpltCallback)
    HardFault_Handler                        0x080049d9   Thumb Code     2  stm32f4xx_it.o(i.HardFault_Handler)
    IMU_QuaternionEKF_Init                   0x08004d79   Thumb Code   178  quaternionekf.o(i.IMU_QuaternionEKF_Init)
    IMU_QuaternionEKF_Update                 0x08004f4d   Thumb Code   992  quaternionekf.o(i.IMU_QuaternionEKF_Update)
    IMU_Temperature_Ctrl                     0x08005719   Thumb Code    72  ins_task.o(i.IMU_Temperature_Ctrl)
    INS_Init                                 0x08005779   Thumb Code   144  ins_task.o(i.INS_Init)
    INS_Task                                 0x08005835   Thumb Code   446  ins_task.o(i.INS_Task)
    JudgeData                                0x08005a19   Thumb Code   298  judge.o(i.JudgeData)
    Kalman_Filter_Init                       0x08005b51   Thumb Code   994  kalman_filter.o(i.Kalman_Filter_Init)
    Kalman_Filter_Measure                    0x08005f39   Thumb Code    66  kalman_filter.o(i.Kalman_Filter_Measure)
    Kalman_Filter_P_Update                   0x08005f81   Thumb Code   106  kalman_filter.o(i.Kalman_Filter_P_Update)
    Kalman_Filter_PminusUpdate               0x08005feb   Thumb Code   108  kalman_filter.o(i.Kalman_Filter_PminusUpdate)
    Kalman_Filter_SetK                       0x08006057   Thumb Code   204  kalman_filter.o(i.Kalman_Filter_SetK)
    Kalman_Filter_Update                     0x08006125   Thumb Code   228  kalman_filter.o(i.Kalman_Filter_Update)
    Kalman_Filter_xhatMinusUpdate            0x0800620d   Thumb Code   116  kalman_filter.o(i.Kalman_Filter_xhatMinusUpdate)
    Kalman_Filter_xhatUpdate                 0x08006281   Thumb Code   132  kalman_filter.o(i.Kalman_Filter_xhatUpdate)
    MX_CAN1_Init                             0x08006305   Thumb Code    60  can.o(i.MX_CAN1_Init)
    MX_DMA_Init                              0x08006349   Thumb Code   120  dma.o(i.MX_DMA_Init)
    MX_FREERTOS_Init                         0x080063c5   Thumb Code    52  freertos.o(i.MX_FREERTOS_Init)
    MX_GPIO_Init                             0x08006401   Thumb Code   414  gpio.o(i.MX_GPIO_Init)
    MX_SPI1_Init                             0x080065bd   Thumb Code    60  spi.o(i.MX_SPI1_Init)
    MX_SPI5_Init                             0x08006601   Thumb Code    62  spi.o(i.MX_SPI5_Init)
    MX_TIM3_Init                             0x08006649   Thumb Code   104  tim.o(i.MX_TIM3_Init)
    MX_UART7_Init                            0x080066b9   Thumb Code    48  usart.o(i.MX_UART7_Init)
    MX_USART1_UART_Init                      0x080066f1   Thumb Code    46  usart.o(i.MX_USART1_UART_Init)
    MX_USART3_UART_Init                      0x0800672d   Thumb Code    48  usart.o(i.MX_USART3_UART_Init)
    MX_USART6_UART_Init                      0x08006765   Thumb Code    48  usart.o(i.MX_USART6_UART_Init)
    MemManage_Handler                        0x0800679d   Thumb Code     2  stm32f4xx_it.o(i.MemManage_Handler)
    NMI_Handler                              0x0800679f   Thumb Code     2  stm32f4xx_it.o(i.NMI_Handler)
    OLED_Clear                               0x080067a1   Thumb Code    40  oled.o(i.OLED_Clear)
    OLED_ClearPoint                          0x080067cd   Thumb Code    28  oled.o(i.OLED_ClearPoint)
    OLED_ColorTurn                           0x080067ed   Thumb Code    24  oled.o(i.OLED_ColorTurn)
    OLED_DisplayTurn                         0x08006805   Thumb Code    44  oled.o(i.OLED_DisplayTurn)
    OLED_DrawPoint                           0x08006831   Thumb Code    24  oled.o(i.OLED_DrawPoint)
    OLED_DrawSquare                          0x0800684d   Thumb Code    42  oled.o(i.OLED_DrawSquare)
    OLED_Init                                0x08006879   Thumb Code   266  oled.o(i.OLED_Init)
    OLED_Printf                              0x08006989   Thumb Code    58  oled.o(i.OLED_Printf)
    OLED_Refresh                             0x080069cd   Thumb Code    70  oled.o(i.OLED_Refresh)
    OLED_ShowChar                            0x08006a19   Thumb Code   160  oled.o(i.OLED_ShowChar)
    OLED_ShowString                          0x08006ac5   Thumb Code    64  oled.o(i.OLED_ShowString)
    OLED_WR_Byte                             0x08006b05   Thumb Code    48  oled.o(i.OLED_WR_Byte)
    OLS_Derivative                           0x08006b3d   Thumb Code   496  user_lib.o(i.OLS_Derivative)
    OLS_Init                                 0x08006d31   Thumb Code    66  user_lib.o(i.OLS_Init)
    PID_AbsoluteMode                         0x08006d73   Thumb Code   242  pid.o(i.PID_AbsoluteMode)
    PID_Calculate                            0x08006e65   Thumb Code  1100  controller.o(i.PID_Calculate)
    PID_Init                                 0x080072b1   Thumb Code   110  controller.o(i.PID_Init)
    StartdebugTask                           0x080074c1   Thumb Code   612  debugtask.o(i.StartdebugTask)
    Startmotor_task                          0x080077a9   Thumb Code   196  motortask.o(i.Startmotor_task)
    SysTick_Handler                          0x08007899   Thumb Code    38  port.o(i.SysTick_Handler)
    SystemClock_Config                       0x080078c5   Thumb Code   128  main.o(i.SystemClock_Config)
    SystemInit                               0x0800794d   Thumb Code    12  system_stm32f4xx.o(i.SystemInit)
    TIM2_IRQHandler                          0x0800795d   Thumb Code     6  stm32f4xx_it.o(i.TIM2_IRQHandler)
    TIM_Base_SetConfig                       0x08007969   Thumb Code   156  stm32f4xx_hal_tim.o(i.TIM_Base_SetConfig)
    TIM_CCxChannelCmd                        0x08007a31   Thumb Code    26  stm32f4xx_hal_tim.o(i.TIM_CCxChannelCmd)
    TIM_OC2_SetConfig                        0x08007aad   Thumb Code    98  stm32f4xx_hal_tim.o(i.TIM_OC2_SetConfig)
    TIM_Set_PWM                              0x08007bd1   Thumb Code    42  bsp_pwm.o(i.TIM_Set_PWM)
    TargetFindOut                            0x08007bfd   Thumb Code   392  target_finder.o(i.TargetFindOut)
    TargetInit                               0x08007d95   Thumb Code    46  target_finder.o(i.TargetInit)
    UART7_IRQHandler                         0x08007dc5   Thumb Code     6  stm32f4xx_it.o(i.UART7_IRQHandler)
    UART_Start_Receive_DMA                   0x08008149   Thumb Code   134  stm32f4xx_hal_uart.o(i.UART_Start_Receive_DMA)
    UART_Start_Receive_IT                    0x080081dd   Thumb Code    58  stm32f4xx_hal_uart.o(i.UART_Start_Receive_IT)
    USART1_IDLE_IRQ                          0x08008219   Thumb Code    48  bsp_usart.o(i.USART1_IDLE_IRQ)
    USART1_IRQHandler                        0x08008251   Thumb Code     4  stm32f4xx_it.o(i.USART1_IRQHandler)
    USART3_IRQHandler                        0x08008255   Thumb Code     6  stm32f4xx_it.o(i.USART3_IRQHandler)
    USART6_IRQHandler                        0x08008261   Thumb Code     6  stm32f4xx_it.o(i.USART6_IRQHandler)
    USART_DMA_Enable                         0x0800826d   Thumb Code    36  bsp_usart.o(i.USART_DMA_Enable)
    USART_Enable                             0x08008291   Thumb Code    20  bsp_usart.o(i.USART_Enable)
    UsageFault_Handler                       0x080082a5   Thumb Code     2  stm32f4xx_it.o(i.UsageFault_Handler)
    Verify_CRC16_Check_Sum                   0x080082a9   Thumb Code    54  crc.o(i.Verify_CRC16_Check_Sum)
    Verify_CRC8_Check_Sum                    0x080082e5   Thumb Code    38  crc.o(i.Verify_CRC8_Check_Sum)
    __0vsprintf                              0x0800830d   Thumb Code    30  printfa.o(i.__0vsprintf)
    __1vsprintf                              0x0800830d   Thumb Code     0  printfa.o(i.__0vsprintf)
    __2vsprintf                              0x0800830d   Thumb Code     0  printfa.o(i.__0vsprintf)
    __c89vsprintf                            0x0800830d   Thumb Code     0  printfa.o(i.__0vsprintf)
    vsprintf                                 0x0800830d   Thumb Code     0  printfa.o(i.__0vsprintf)
    __ARM_fpclassifyf                        0x08008331   Thumb Code    38  fpclassifyf.o(i.__ARM_fpclassifyf)
    __hardfp_acosf                           0x08008379   Thumb Code   234  acosf.o(i.__hardfp_acosf)
    __hardfp_asinf                           0x08008491   Thumb Code   258  asinf.o(i.__hardfp_asinf)
    __hardfp_atan2f                          0x080085bd   Thumb Code   594  atan2f.o(i.__hardfp_atan2f)
    __hardfp_atof                            0x08008869   Thumb Code    44  atof.o(i.__hardfp_atof)
    __hardfp_fmaxf                           0x080088a1   Thumb Code    72  fmaxf.o(i.__hardfp_fmaxf)
    __hardfp_fminf                           0x080088e9   Thumb Code    72  fminf.o(i.__hardfp_fminf)
    __hardfp_sqrtf                           0x08008931   Thumb Code    58  sqrtf_full.o(i.__hardfp_sqrtf)
    __mathlib_flt_infnan                     0x0800896b   Thumb Code     6  funder.o(i.__mathlib_flt_infnan)
    __mathlib_flt_infnan2                    0x08008971   Thumb Code     6  funder.o(i.__mathlib_flt_infnan2)
    __mathlib_flt_invalid                    0x08008979   Thumb Code    10  funder.o(i.__mathlib_flt_invalid)
    __mathlib_flt_underflow                  0x08008989   Thumb Code    10  funder.o(i.__mathlib_flt_underflow)
    __read_errno                             0x08008999   Thumb Code     6  errno.o(i.__read_errno)
    __scatterload_copy                       0x080089a5   Thumb Code    14  handlers.o(i.__scatterload_copy)
    __scatterload_null                       0x080089b3   Thumb Code     2  handlers.o(i.__scatterload_null)
    __scatterload_zeroinit                   0x080089b5   Thumb Code    14  handlers.o(i.__scatterload_zeroinit)
    __set_errno                              0x080089c5   Thumb Code     6  errno.o(i.__set_errno)
    _is_digit                                0x08008b55   Thumb Code    14  scanf_fp.o(i._is_digit)
    chassis_control_loop_init                0x08009275   Thumb Code   330  chassis_control.o(i.chassis_control_loop_init)
    chassis_control_loop_reset               0x080093e5   Thumb Code   272  chassis_control.o(i.chassis_control_loop_reset)
    chassis_motor_control_loop_pid_control   0x08009535   Thumb Code   556  chassis_control.o(i.chassis_motor_control_loop_pid_control)
    dubs_data_init                           0x08009791   Thumb Code    24  bsp_dubs.o(i.dubs_data_init)
    float_constrain                          0x080099b5   Thumb Code    32  user_lib.o(i.float_constrain)
    float_rounding                           0x080099d5   Thumb Code    34  user_lib.o(i.float_rounding)
    game_model                               0x080099f9   Thumb Code   822  chassis_behavior.o(i.game_model)
    get_dbus_data                            0x08009d79   Thumb Code   256  bsp_dubs.o(i.get_dbus_data)
    intermediate_data_compensation           0x08009e85   Thumb Code   334  chassis_behavior.o(i.intermediate_data_compensation)
    io_init                                  0x0800a011   Thumb Code   150  bsp_io.o(i.io_init)
    led_show                                 0x0800a0b9   Thumb Code   426  bsp_io.o(i.led_show)
    led_show_color                           0x0800a269   Thumb Code    54  bsp_io.o(i.led_show_color)
    main                                     0x0800a2a9   Thumb Code   128  main.o(i.main)
    malloc                                   0x0800a361   Thumb Code    92  malloc.o(i.malloc)
    mpu_device_init                          0x0800a3cd   Thumb Code   142  bsp_imu.o(i.mpu_device_init)
    mpu_get_data                             0x0800a47d   Thumb Code   244  bsp_imu.o(i.mpu_get_data)
    mpu_read_byte                            0x0800a57d   Thumb Code    68  bsp_imu.o(i.mpu_read_byte)
    mpu_read_bytes                           0x0800a5c9   Thumb Code    84  bsp_imu.o(i.mpu_read_bytes)
    mpu_set_accel_fsr                        0x0800a625   Thumb Code    10  bsp_imu.o(i.mpu_set_accel_fsr)
    mpu_set_gyro_fsr                         0x0800a62f   Thumb Code    10  bsp_imu.o(i.mpu_set_gyro_fsr)
    mpu_write_byte                           0x0800a639   Thumb Code    72  bsp_imu.o(i.mpu_write_byte)
    osDelay                                  0x0800a689   Thumb Code    14  cmsis_os.o(i.osDelay)
    osKernelStart                            0x0800a697   Thumb Code    10  cmsis_os.o(i.osKernelStart)
    osThreadCreate                           0x0800a6a1   Thumb Code    84  cmsis_os.o(i.osThreadCreate)
    pid_abs_param_init                       0x0800a6f5   Thumb Code    60  pid.o(i.pid_abs_param_init)
    process_motor_encoder_to_serial          0x0800a731   Thumb Code   128  chassis_behavior.o(i.process_motor_encoder_to_serial)
    pvPortMalloc                             0x0800af59   Thumb Code   216  heap_4.o(i.pvPortMalloc)
    pxPortInitialiseStack                    0x0800b035   Thumb Code    40  port.o(i.pxPortInitialiseStack)
    rc_to_motor                              0x0800b061   Thumb Code   410  chassis_behavior.o(i.rc_to_motor)
    rc_to_task                               0x0800b22d   Thumb Code   256  chassis_behavior.o(i.rc_to_task)
    sqrtf                                    0x0800b361   Thumb Code    62  sqrtf_full.o(i.sqrtf)
    u8Arry2float                             0x0800b39f   Thumb Code    28  target_finder.o(i.u8Arry2float)
    uart_dma_printf                          0x0800b3bd   Thumb Code    46  debugtask.o(i.uart_dma_printf)
    uxListRemove                             0x0800b3f5   Thumb Code    38  list.o(i.uxListRemove)
    vApplicationGetIdleTaskMemory            0x0800b41d   Thumb Code    16  freertos.o(i.vApplicationGetIdleTaskMemory)
    vApplicationGetTimerTaskMemory           0x0800b431   Thumb Code    18  freertos.o(i.vApplicationGetTimerTaskMemory)
    vListInitialise                          0x0800b449   Thumb Code    22  list.o(i.vListInitialise)
    vListInitialiseItem                      0x0800b45f   Thumb Code     6  list.o(i.vListInitialiseItem)
    vListInsert                              0x0800b465   Thumb Code    48  list.o(i.vListInsert)
    vListInsertEnd                           0x0800b495   Thumb Code    24  list.o(i.vListInsertEnd)
    vPortEnterCritical                       0x0800b4ad   Thumb Code    54  port.o(i.vPortEnterCritical)
    vPortExitCritical                        0x0800b4ed   Thumb Code    34  port.o(i.vPortExitCritical)
    vPortFree                                0x0800b515   Thumb Code    94  heap_4.o(i.vPortFree)
    vPortSetupTimerInterrupt                 0x0800b579   Thumb Code    32  port.o(i.vPortSetupTimerInterrupt)
    vPortValidateInterruptPriority           0x0800b59d   Thumb Code    74  port.o(i.vPortValidateInterruptPriority)
    vQueueAddToRegistry                      0x0800b5f1   Thumb Code    34  queue.o(i.vQueueAddToRegistry)
    vQueueWaitForMessageRestricted           0x0800b619   Thumb Code    68  queue.o(i.vQueueWaitForMessageRestricted)
    vTaskDelay                               0x0800b65d   Thumb Code    66  tasks.o(i.vTaskDelay)
    vTaskInternalSetTimeOutState             0x0800b6a9   Thumb Code    12  tasks.o(i.vTaskInternalSetTimeOutState)
    vTaskMissedYield                         0x0800b6b9   Thumb Code     8  tasks.o(i.vTaskMissedYield)
    vTaskPlaceOnEventList                    0x0800b6c5   Thumb Code    44  tasks.o(i.vTaskPlaceOnEventList)
    vTaskPlaceOnEventListRestricted          0x0800b6f5   Thumb Code    52  tasks.o(i.vTaskPlaceOnEventListRestricted)
    vTaskStartScheduler                      0x0800b72d   Thumb Code   118  tasks.o(i.vTaskStartScheduler)
    vTaskSuspendAll                          0x0800b7b5   Thumb Code    10  tasks.o(i.vTaskSuspendAll)
    vTaskSwitchContext                       0x0800b7c5   Thumb Code    82  tasks.o(i.vTaskSwitchContext)
    xPortStartScheduler                      0x0800b821   Thumb Code   222  port.o(i.xPortStartScheduler)
    xQueueGenericCreateStatic                0x0800b915   Thumb Code   102  queue.o(i.xQueueGenericCreateStatic)
    xQueueGenericReset                       0x0800b97d   Thumb Code   132  queue.o(i.xQueueGenericReset)
    xQueueGenericSend                        0x0800ba05   Thumb Code   346  queue.o(i.xQueueGenericSend)
    xQueueGenericSendFromISR                 0x0800bb65   Thumb Code   190  queue.o(i.xQueueGenericSendFromISR)
    xQueueReceive                            0x0800bc25   Thumb Code   308  queue.o(i.xQueueReceive)
    xTaskCheckForTimeOut                     0x0800bd5d   Thumb Code   132  tasks.o(i.xTaskCheckForTimeOut)
    xTaskCreate                              0x0800bde5   Thumb Code    90  tasks.o(i.xTaskCreate)
    xTaskCreateStatic                        0x0800be3f   Thumb Code    86  tasks.o(i.xTaskCreateStatic)
    xTaskGetSchedulerState                   0x0800be95   Thumb Code    22  tasks.o(i.xTaskGetSchedulerState)
    xTaskGetTickCount                        0x0800beb1   Thumb Code     6  tasks.o(i.xTaskGetTickCount)
    xTaskIncrementTick                       0x0800bebd   Thumb Code   194  tasks.o(i.xTaskIncrementTick)
    xTaskPriorityDisinherit                  0x0800bf89   Thumb Code   144  tasks.o(i.xTaskPriorityDisinherit)
    xTaskRemoveFromEventList                 0x0800c021   Thumb Code   108  tasks.o(i.xTaskRemoveFromEventList)
    xTaskResumeAll                           0x0800c095   Thumb Code   182  tasks.o(i.xTaskResumeAll)
    xTimerCreateTimerTask                    0x0800c159   Thumb Code    78  timers.o(i.xTimerCreateTimerTask)
    xTimerGenericCommand                     0x0800c1b9   Thumb Code    92  timers.o(i.xTimerGenericCommand)
    AHBPrescTable                            0x0800c258   Data          16  system_stm32f4xx.o(.constdata)
    APBPrescTable                            0x0800c268   Data           8  system_stm32f4xx.o(.constdata)
    asc2_1206                                0x0800c270   Data        1140  oled.o(.constdata)
    asc2_1608                                0x0800c6e4   Data        1520  oled.o(.constdata)
    asc2_2412                                0x0800ccd4   Data        3420  oled.o(.constdata)
    dart_list                                0x0800da44   Data          48  chassis_behavior.o(.constdata)
    outpost_distance_list                    0x0800da74   Data         112  chassis_behavior.o(.constdata)
    base_distance_list                       0x0800dae4   Data         112  chassis_behavior.o(.constdata)
    xb                                       0x0800db94   Data          12  ins_task.o(.constdata)
    yb                                       0x0800dba0   Data          12  ins_task.o(.constdata)
    zb                                       0x0800dbac   Data          12  ins_task.o(.constdata)
    CRC8_TAB                                 0x0800dbc4   Data         256  crc.o(.constdata)
    wCRC_Table                               0x0800dcc4   Data         512  crc.o(.constdata)
    IMU_QuaternionEKF_F                      0x0800dec4   Data         144  quaternionekf.o(.constdata)
    sinTable_f32                             0x0800df54   Data        2052  arm_common_tables.o(.constdata)
    __ctype_categories                       0x0800e758   Data          64  ctype_c.o(.constdata)
    Region$$Table$$Base                      0x0800e818   Number         0  anon$$obj.o(Region$$Table)
    Region$$Table$$Limit                     0x0800e838   Number         0  anon$$obj.o(Region$$Table)
    debugTaskHandle                          0x20000000   Data           4  freertos.o(.data)
    motor_taskHandle                         0x20000004   Data           4  freertos.o(.data)
    uwTickFreq                               0x20000008   Data           1  stm32f4xx_hal.o(.data)
    uwTickPrio                               0x2000000c   Data           4  stm32f4xx_hal.o(.data)
    uwTick                                   0x20000010   Data           4  stm32f4xx_hal.o(.data)
    SystemCoreClock                          0x20000014   Data           4  system_stm32f4xx.o(.data)
    pxCurrentTCB                             0x20000018   Data           4  tasks.o(.data)
    usart7_rx_buffer                         0x2000009a   Data           1  bsp_usart.o(.data)
    usart3_updated_flag                      0x2000009b   Data           1  bsp_usart.o(.data)
    Hzk1                                     0x200000a4   Data         352  oled.o(.data)
    Hzk2                                     0x20000204   Data         216  oled.o(.data)
    Hzk3                                     0x200002dc   Data         512  oled.o(.data)
    Hzk4                                     0x200004dc   Data        4096  oled.o(.data)
    id                                       0x200014de   Data           1  bsp_imu.o(.data)
    caliCount                                0x200014e0   Data           2  bsp_imu.o(.data)
    MPU6500_ACCEL_SEN                        0x200014e8   Data           4  bsp_imu.o(.data)
    MPU6500_GYRO_SEN                         0x200014ec   Data           4  bsp_imu.o(.data)
    gNormDiff                                0x200014f4   Data           4  bsp_imu.o(.data)
    MPU6500_SPI                              0x200014f8   Data           4  bsp_imu.o(.data)
    SysTime                                  0x20001540   Data           8  bsp_dwt.o(.data)
    CYCCNT64                                 0x20001548   Data           8  bsp_dwt.o(.data)
    dart_num                                 0x20001550   Data           2  chassis_behavior.o(.data)
    last_dart_num                            0x20001552   Data           2  chassis_behavior.o(.data)
    FLV_count                                0x20001554   Data           2  chassis_behavior.o(.data)
    target_find_count                        0x20001556   Data           2  chassis_behavior.o(.data)
    ditl_state                               0x20001558   Data           2  chassis_behavior.o(.data)
    gymbal_state                             0x2000155a   Data           2  chassis_behavior.o(.data)
    s2_state                                 0x2000155c   Data           2  chassis_behavior.o(.data)
    last_s2_state                            0x2000155e   Data           2  chassis_behavior.o(.data)
    last_ditl_state                          0x20001560   Data           2  chassis_behavior.o(.data)
    outpost                                  0x20001568   Data           4  chassis_behavior.o(.data)
    base                                     0x2000156c   Data           4  chassis_behavior.o(.data)
    caled_yaw                                0x20001570   Data           4  chassis_behavior.o(.data)
    measure_distance                         0x20001574   Data           4  chassis_behavior.o(.data)
    last_measure_distance                    0x20001578   Data           4  chassis_behavior.o(.data)
    flag_zero                                0x2000157c   Data           4  chassis_behavior.o(.data)
    flag_zero_all                            0x20001580   Data           4  chassis_behavior.o(.data)
    flag_first_position                      0x20001584   Data           4  chassis_behavior.o(.data)
    FL_V_Init_flag                           0x20001588   Data           4  chassis_behavior.o(.data)
    dart_num_Init_flag                       0x2000158c   Data           4  chassis_behavior.o(.data)
    low_FLV_flag                             0x20001590   Data           4  chassis_behavior.o(.data)
    target_change_flag                       0x20001594   Data           4  chassis_behavior.o(.data)
    yaw_first_position                       0x20001598   Data           4  chassis_behavior.o(.data)
    pitch_first_position                     0x2000159c   Data           4  chassis_behavior.o(.data)
    flv_offset                               0x200015a0   Data           4  chassis_behavior.o(.data)
    motor_flag                               0x200015a4   Data           4  chassis_behavior.o(.data)
    motor1                                   0x200015a8   Data           4  chassis_behavior.o(.data)
    F_P                                      0x200015ac   Data           4  chassis_control.o(.data)
    F_I                                      0x200015b0   Data           4  chassis_control.o(.data)
    F_D                                      0x200015b4   Data           4  chassis_control.o(.data)
    F_F                                      0x200015b8   Data           4  chassis_control.o(.data)
    tmp_correct                              0x200015cc   Data           4  chassis_control.o(.data)
    INS_DWT_Count                            0x200015dc   Data           4  ins_task.o(.data)
    RefTemp                                  0x200015e8   Data           4  ins_task.o(.data)
    CRC_INIT                                 0x20001620   Data           2  crc.o(.data)
    datatype                                 0x20001628   Data           2  judge.o(.data)
    w2data                                   0x2000162a   Data           2  judge.o(.data)
    Judge_GameState                          0x2000162c   Data           3  judge.o(.data)
    JudgeReceivedNewData                     0x20001630   Data           4  judge.o(.data)
    fps                                      0x20001640   Data           4  judge.o(.data)
    w4data                                   0x20001644   Data           4  judge.o(.data)
    Judge_DartClientCmd                      0x20001648   Data           6  judge.o(.data)
    sizeof_float                             0x2000164e   Data           2  kalman_filter.o(.data)
    sizeof_double                            0x20001650   Data           2  kalman_filter.o(.data)
    IMU_QuaternionEKF_P                      0x200016ac   Data         144  quaternionekf.o(.data)
    __microlib_freelist                      0x2000173c   Data           4  mvars.o(.data)
    __microlib_freelist_initialised          0x20001740   Data           4  mvars.o(.data)
    hcan1                                    0x20001df0   Data          40  can.o(.bss)
    hspi1                                    0x20001e18   Data          88  spi.o(.bss)
    hspi5                                    0x20001e70   Data          88  spi.o(.bss)
    hdma_spi1_tx                             0x20001ec8   Data          96  spi.o(.bss)
    hdma_spi5_rx                             0x20001f28   Data          96  spi.o(.bss)
    hdma_spi5_tx                             0x20001f88   Data          96  spi.o(.bss)
    htim3                                    0x20001fe8   Data          72  tim.o(.bss)
    huart7                                   0x20002030   Data          68  usart.o(.bss)
    huart1                                   0x20002074   Data          68  usart.o(.bss)
    huart3                                   0x200020b8   Data          68  usart.o(.bss)
    huart6                                   0x200020fc   Data          68  usart.o(.bss)
    hdma_uart7_tx                            0x20002140   Data          96  usart.o(.bss)
    hdma_usart1_rx                           0x200021a0   Data          96  usart.o(.bss)
    htim2                                    0x20002200   Data          72  stm32f4xx_hal_timebase_tim.o(.bss)
    xQueueRegistry                           0x20002248   Data          64  queue.o(.bss)
    RC_Ctl                                   0x20008460   Data          22  bsp_dubs.o(.bss)
    usart6_rx_buffer                         0x20008476   Data          30  bsp_usart.o(.bss)
    usart3_rx_buffer                         0x20008494   Data          18  bsp_usart.o(.bss)
    usart1_rx_buffer                         0x200084a6   Data          18  bsp_usart.o(.bss)
    OLED_GRAM                                0x20008538   Data        1024  oled.o(.bss)
    mpu_buff                                 0x20008938   Data          14  bsp_imu.o(.bss)
    gyroDiff                                 0x20008948   Data          12  bsp_imu.o(.bss)
    MPU6500                                  0x20008954   Data          52  bsp_imu.o(.bss)
    LL                                       0x20008988   Data          12  chassis_behavior.o(.bss)
    PL                                       0x20008994   Data          12  chassis_behavior.o(.bss)
    YL                                       0x200089a0   Data          12  chassis_behavior.o(.bss)
    FL                                       0x200089ac   Data          12  chassis_behavior.o(.bss)
    MOTOR_S_PID                              0x200089b8   Data          56  chassis_control.o(.bss)
    MOTOR_P_PID                              0x200089f0   Data          56  chassis_control.o(.bss)
    YAW_S_PID                                0x20008a28   Data          56  chassis_control.o(.bss)
    YAW_P_PID                                0x20008a60   Data          56  chassis_control.o(.bss)
    PITCH_S_PID                              0x20008a98   Data          56  chassis_control.o(.bss)
    PITCH_P_PID                              0x20008ad0   Data          56  chassis_control.o(.bss)
    FIRE_L_S_PID                             0x20008b08   Data          56  chassis_control.o(.bss)
    FIRE_R_S_PID                             0x20008b40   Data          56  chassis_control.o(.bss)
    DEVIATION_PID                            0x20008b78   Data          56  chassis_control.o(.bss)
    motor                                    0x20008bb0   Data         112  chassis_control.o(.bss)
    yaw                                      0x20008c20   Data         112  chassis_control.o(.bss)
    pitch                                    0x20008c90   Data         112  chassis_control.o(.bss)
    fire_r                                   0x20008d00   Data         112  chassis_control.o(.bss)
    fire_l                                   0x20008d70   Data         112  chassis_control.o(.bss)
    TempCtrl                                 0x20008e60   Data         170  ins_task.o(.bss)
    INS                                      0x20008f0c   Data         152  ins_task.o(.bss)
    IMU_Param                                0x20008fa4   Data          28  ins_task.o(.bss)
    JudgeReceivedNewDataSignal               0x20008fc0   Data          16  judge.o(.bss)
    HeaderData                               0x20008fd0   Data          20  judge.o(.bss)
    ReceiveData                              0x20008fe4   Data         255  judge.o(.bss)
    UpData                                   0x200090e3   Data          50  judge.o(.bss)
    Judge_game_robot_HP                      0x20009115   Data          32  judge.o(.bss)
    Judge_GameRobotState                     0x20009135   Data          27  judge.o(.bss)
    QEKF_INS                                 0x20009150   Data         480  quaternionekf.o(.bss)
    IMU_QuaternionEKF_K                      0x20009330   Data          72  quaternionekf.o(.bss)
    IMU_QuaternionEKF_H                      0x20009378   Data          72  quaternionekf.o(.bss)
    __heap_base                              0x200093c0   Data           0  startup_stm32f427xx.o(HEAP)
    __heap_limit                             0x200095c0   Data           0  startup_stm32f427xx.o(HEAP)
    __initial_sp                             0x200099c0   Data           0  startup_stm32f427xx.o(STACK)



==============================================================================

Memory Map of the image

  Image Entry point : 0x080001ad

  Load Region LR_IROM1 (Base: 0x08000000, Size: 0x0000ff80, Max: 0x00200000, ABSOLUTE, COMPRESSED[0x0000ea34])

    Execution Region ER_IROM1 (Exec base: 0x08000000, Load base: 0x08000000, Size: 0x0000e838, Max: 0x00200000, ABSOLUTE)

    Exec Addr    Load Addr    Size         Type   Attr      Idx    E Section Name        Object

    0x08000000   0x08000000   0x000001ac   Data   RO            3    RESET               startup_stm32f427xx.o
    0x080001ac   0x080001ac   0x00000000   Code   RO         7851  * .ARM.Collect$$$$00000000  mc_w.l(entry.o)
    0x080001ac   0x080001ac   0x00000004   Code   RO         8191    .ARM.Collect$$$$00000001  mc_w.l(entry2.o)
    0x080001b0   0x080001b0   0x00000004   Code   RO         8194    .ARM.Collect$$$$00000004  mc_w.l(entry5.o)
    0x080001b4   0x080001b4   0x00000000   Code   RO         8196    .ARM.Collect$$$$00000008  mc_w.l(entry7b.o)
    0x080001b4   0x080001b4   0x00000000   Code   RO         8198    .ARM.Collect$$$$0000000A  mc_w.l(entry8b.o)
    0x080001b4   0x080001b4   0x00000008   Code   RO         8199    .ARM.Collect$$$$0000000B  mc_w.l(entry9a.o)
    0x080001bc   0x080001bc   0x00000004   Code   RO         8206    .ARM.Collect$$$$0000000E  mc_w.l(entry12b.o)
    0x080001c0   0x080001c0   0x00000000   Code   RO         8201    .ARM.Collect$$$$0000000F  mc_w.l(entry10a.o)
    0x080001c0   0x080001c0   0x00000000   Code   RO         8203    .ARM.Collect$$$$00000011  mc_w.l(entry11a.o)
    0x080001c0   0x080001c0   0x00000004   Code   RO         8192    .ARM.Collect$$$$00002712  mc_w.l(entry2.o)
    0x080001c4   0x080001c4   0x000000be   Code   RO         5328    .emb_text           port.o
    0x08000282   0x08000282   0x00000002   PAD
    0x08000284   0x08000284   0x00000024   Code   RO            4    .text               startup_stm32f427xx.o
    0x080002a8   0x080002a8   0x00000078   Code   RO         7480    .text               arm_cortexM4lf_math.lib(arm_cos_f32.o)
    0x08000320   0x08000320   0x00000094   Code   RO         7530    .text               arm_cortexM4lf_math.lib(arm_sin_f32.o)
    0x080003b4   0x080003b4   0x00000108   Code   RO         7554    .text               arm_cortexM4lf_math.lib(arm_mat_add_f32.o)
    0x080004bc   0x080004bc   0x00000008   Code   RO         7578    .text               arm_cortexM4lf_math.lib(arm_mat_init_f32.o)
    0x080004c4   0x080004c4   0x00000530   Code   RO         7602    .text               arm_cortexM4lf_math.lib(arm_mat_inverse_f32.o)
    0x080009f4   0x080009f4   0x0000013c   Code   RO         7626    .text               arm_cortexM4lf_math.lib(arm_mat_mult_f32.o)
    0x08000b30   0x08000b30   0x00000108   Code   RO         7650    .text               arm_cortexM4lf_math.lib(arm_mat_sub_f32.o)
    0x08000c38   0x08000c38   0x00000114   Code   RO         7674    .text               arm_cortexM4lf_math.lib(arm_mat_trans_f32.o)
    0x08000d4c   0x08000d4c   0x00000062   Code   RO         7854    .text               mc_w.l(uldiv.o)
    0x08000dae   0x08000dae   0x00000024   Code   RO         7856    .text               mc_w.l(memcpya.o)
    0x08000dd2   0x08000dd2   0x00000024   Code   RO         7860    .text               mc_w.l(memseta.o)
    0x08000df6   0x08000df6   0x0000014e   Code   RO         8155    .text               mf_w.l(dadd.o)
    0x08000f44   0x08000f44   0x000000e4   Code   RO         8157    .text               mf_w.l(dmul.o)
    0x08001028   0x08001028   0x000000de   Code   RO         8159    .text               mf_w.l(ddiv.o)
    0x08001106   0x08001106   0x0000002c   Code   RO         8163    .text               mf_w.l(ffltl.o)
    0x08001132   0x08001132   0x00000042   Code   RO         8169    .text               mf_w.l(ffixl.o)
    0x08001174   0x08001174   0x00000026   Code   RO         8171    .text               mf_w.l(f2d.o)
    0x0800119a   0x0800119a   0x00000038   Code   RO         8173    .text               mf_w.l(d2f.o)
    0x080011d2   0x080011d2   0x0000002c   Code   RO         8208    .text               mc_w.l(uidiv.o)
    0x080011fe   0x080011fe   0x0000001e   Code   RO         8210    .text               mc_w.l(llshl.o)
    0x0800121c   0x0800121c   0x00000020   Code   RO         8212    .text               mc_w.l(llushr.o)
    0x0800123c   0x0800123c   0x00000024   Code   RO         8214    .text               mc_w.l(llsshr.o)
    0x08001260   0x08001260   0x0000009c   Code   RO         8225    .text               mc_w.l(strtod.o)
    0x080012fc   0x080012fc   0x00000000   Code   RO         8227    .text               mc_w.l(iusefp.o)
    0x080012fc   0x080012fc   0x0000006e   Code   RO         8228    .text               mf_w.l(fepilogue.o)
    0x0800136a   0x0800136a   0x000000ba   Code   RO         8230    .text               mf_w.l(depilogue.o)
    0x08001424   0x08001424   0x00000030   Code   RO         8234    .text               mf_w.l(dfixul.o)
    0x08001454   0x08001454   0x00000030   Code   RO         8238    .text               mf_w.l(cdrcmple.o)
    0x08001484   0x08001484   0x00000036   Code   RO         8240    .text               mf_w.l(fcmp4.o)
    0x080014ba   0x080014ba   0x00000002   PAD
    0x080014bc   0x080014bc   0x00000024   Code   RO         8242    .text               mc_w.l(init.o)
    0x080014e0   0x080014e0   0x0000000a   Code   RO         8244    .text               mc_w.l(isspace_c.o)
    0x080014ea   0x080014ea   0x00000002   PAD
    0x080014ec   0x080014ec   0x00000360   Code   RO         8246    .text               mc_w.l(scanf_fp.o)
    0x0800184c   0x0800184c   0x00000040   Code   RO         8250    .text               mc_w.l(_sgetc.o)
    0x0800188c   0x0800188c   0x00000028   Code   RO         8252    .text               mc_w.l(ctype_c.o)
    0x080018b4   0x080018b4   0x00000018   Code   RO         8255    .text               mf_w.l(dfltul.o)
    0x080018cc   0x080018cc   0x00000056   Code   RO         8265    .text               mc_w.l(__dczerorl2.o)
    0x08001922   0x08001922   0x000000ea   Code   RO         6450    i.BodyFrameToEarthFrame  ins_task.o
    0x08001a0c   0x08001a0c   0x00000002   Code   RO          575    i.BusFault_Handler  stm32f4xx_it.o
    0x08001a0e   0x08001a0e   0x00000002   PAD
    0x08001a10   0x08001a10   0x0000000c   Code   RO          576    i.CAN1_RX0_IRQHandler  stm32f4xx_it.o
    0x08001a1c   0x08001a1c   0x0000000c   Code   RO          577    i.CAN1_TX_IRQHandler  stm32f4xx_it.o
    0x08001a28   0x08001a28   0x0000003c   Code   RO         5435    i.CANFilter_Enable  bsp_can.o
    0x08001a64   0x08001a64   0x0000004a   Code   RO         5436    i.CANTx_SendCurrent  bsp_can.o
    0x08001aae   0x08001aae   0x0000001a   Code   RO         5437    i.CAN_Enable        bsp_can.o
    0x08001ac8   0x08001ac8   0x00000398   Code   RO         5957    i.Calibrate_MPU_Offset  bsp_imu.o
    0x08001e60   0x08001e60   0x0000000c   Code   RO          578    i.DMA1_Stream1_IRQHandler  stm32f4xx_it.o
    0x08001e6c   0x08001e6c   0x0000000c   Code   RO          579    i.DMA2_Stream2_IRQHandler  stm32f4xx_it.o
    0x08001e78   0x08001e78   0x0000000c   Code   RO          580    i.DMA2_Stream3_IRQHandler  stm32f4xx_it.o
    0x08001e84   0x08001e84   0x0000000c   Code   RO          581    i.DMA2_Stream4_IRQHandler  stm32f4xx_it.o
    0x08001e90   0x08001e90   0x0000000c   Code   RO          582    i.DMA2_Stream5_IRQHandler  stm32f4xx_it.o
    0x08001e9c   0x08001e9c   0x00000028   Code   RO         1523    i.DMA_CalcBaseAndBitshift  stm32f4xx_hal_dma.o
    0x08001ec4   0x08001ec4   0x00000054   Code   RO         1524    i.DMA_CheckFifoParam  stm32f4xx_hal_dma.o
    0x08001f18   0x08001f18   0x00000028   Code   RO         1525    i.DMA_SetConfig     stm32f4xx_hal_dma.o
    0x08001f40   0x08001f40   0x00000028   Code   RO         6077    i.DWT_CNT_Update    bsp_dwt.o
    0x08001f68   0x08001f68   0x00000034   Code   RO         6078    i.DWT_Delay         bsp_dwt.o
    0x08001f9c   0x08001f9c   0x00000044   Code   RO         6079    i.DWT_GetDeltaT     bsp_dwt.o
    0x08001fe0   0x08001fe0   0x00000044   Code   RO         6082    i.DWT_GetTimeline_s  bsp_dwt.o
    0x08002024   0x08002024   0x00000048   Code   RO         6084    i.DWT_Init          bsp_dwt.o
    0x0800206c   0x0800206c   0x00000094   Code   RO         6085    i.DWT_SysTimeUpdate  bsp_dwt.o
    0x08002100   0x08002100   0x00000002   Code   RO          583    i.DebugMon_Handler  stm32f4xx_it.o
    0x08002102   0x08002102   0x00000008   Code   RO          584    i.EXTI9_5_IRQHandler  stm32f4xx_it.o
    0x0800210a   0x0800210a   0x000000ea   Code   RO         6451    i.EarthFrameToBodyFrame  ins_task.o
    0x080021f4   0x080021f4   0x00000002   Code   RO           13    i.Error_Handler     main.o
    0x080021f6   0x080021f6   0x00000002   PAD
    0x080021f8   0x080021f8   0x0000002c   Code   RO         6963    i.Get_CRC16_Check_Sum  crc.o
    0x08002224   0x08002224   0x0000001c   Code   RO         6964    i.Get_CRC8_Check_Sum  crc.o
    0x08002240   0x08002240   0x00000024   Code   RO          779    i.HAL_CAN_ActivateNotification  stm32f4xx_hal_can.o
    0x08002264   0x08002264   0x000000dc   Code   RO          780    i.HAL_CAN_AddTxMessage  stm32f4xx_hal_can.o
    0x08002340   0x08002340   0x0000010c   Code   RO          781    i.HAL_CAN_ConfigFilter  stm32f4xx_hal_can.o
    0x0800244c   0x0800244c   0x00000002   Code   RO          784    i.HAL_CAN_ErrorCallback  stm32f4xx_hal_can.o
    0x0800244e   0x0800244e   0x000000e8   Code   RO          787    i.HAL_CAN_GetRxMessage  stm32f4xx_hal_can.o
    0x08002536   0x08002536   0x000001fc   Code   RO          791    i.HAL_CAN_IRQHandler  stm32f4xx_hal_can.o
    0x08002732   0x08002732   0x0000011a   Code   RO          792    i.HAL_CAN_Init      stm32f4xx_hal_can.o
    0x0800284c   0x0800284c   0x00000088   Code   RO          354    i.HAL_CAN_MspInit   can.o
    0x080028d4   0x080028d4   0x00000002   Code   RO          799    i.HAL_CAN_RxFifo0FullCallback  stm32f4xx_hal_can.o
    0x080028d6   0x080028d6   0x00000002   PAD
    0x080028d8   0x080028d8   0x0000011c   Code   RO         5438    i.HAL_CAN_RxFifo0MsgPendingCallback  bsp_can.o
    0x080029f4   0x080029f4   0x00000002   Code   RO          801    i.HAL_CAN_RxFifo1FullCallback  stm32f4xx_hal_can.o
    0x080029f6   0x080029f6   0x00000002   Code   RO          802    i.HAL_CAN_RxFifo1MsgPendingCallback  stm32f4xx_hal_can.o
    0x080029f8   0x080029f8   0x00000002   Code   RO          803    i.HAL_CAN_SleepCallback  stm32f4xx_hal_can.o
    0x080029fa   0x080029fa   0x00000002   PAD
    0x080029fc   0x080029fc   0x00000058   Code   RO          804    i.HAL_CAN_Start     stm32f4xx_hal_can.o
    0x08002a54   0x08002a54   0x00000002   Code   RO          806    i.HAL_CAN_TxMailbox0AbortCallback  stm32f4xx_hal_can.o
    0x08002a56   0x08002a56   0x00000002   Code   RO          807    i.HAL_CAN_TxMailbox0CompleteCallback  stm32f4xx_hal_can.o
    0x08002a58   0x08002a58   0x00000002   Code   RO          808    i.HAL_CAN_TxMailbox1AbortCallback  stm32f4xx_hal_can.o
    0x08002a5a   0x08002a5a   0x00000002   Code   RO          809    i.HAL_CAN_TxMailbox1CompleteCallback  stm32f4xx_hal_can.o
    0x08002a5c   0x08002a5c   0x00000002   Code   RO          810    i.HAL_CAN_TxMailbox2AbortCallback  stm32f4xx_hal_can.o
    0x08002a5e   0x08002a5e   0x00000002   Code   RO          811    i.HAL_CAN_TxMailbox2CompleteCallback  stm32f4xx_hal_can.o
    0x08002a60   0x08002a60   0x00000002   Code   RO          813    i.HAL_CAN_WakeUpFromRxMsgCallback  stm32f4xx_hal_can.o
    0x08002a62   0x08002a62   0x00000092   Code   RO         1526    i.HAL_DMA_Abort     stm32f4xx_hal_dma.o
    0x08002af4   0x08002af4   0x00000024   Code   RO         1527    i.HAL_DMA_Abort_IT  stm32f4xx_hal_dma.o
    0x08002b18   0x08002b18   0x000001a0   Code   RO         1531    i.HAL_DMA_IRQHandler  stm32f4xx_hal_dma.o
    0x08002cb8   0x08002cb8   0x000000d4   Code   RO         1532    i.HAL_DMA_Init      stm32f4xx_hal_dma.o
    0x08002d8c   0x08002d8c   0x0000006e   Code   RO         1536    i.HAL_DMA_Start_IT  stm32f4xx_hal_dma.o
    0x08002dfa   0x08002dfa   0x00000002   PAD
    0x08002dfc   0x08002dfc   0x00000024   Code   RO         1963    i.HAL_Delay         stm32f4xx_hal.o
    0x08002e20   0x08002e20   0x00000002   Code   RO         1417    i.HAL_GPIO_EXTI_Callback  stm32f4xx_hal_gpio.o
    0x08002e22   0x08002e22   0x00000002   PAD
    0x08002e24   0x08002e24   0x00000018   Code   RO         1418    i.HAL_GPIO_EXTI_IRQHandler  stm32f4xx_hal_gpio.o
    0x08002e3c   0x08002e3c   0x00000234   Code   RO         1419    i.HAL_GPIO_Init     stm32f4xx_hal_gpio.o
    0x08003070   0x08003070   0x0000000a   Code   RO         1423    i.HAL_GPIO_WritePin  stm32f4xx_hal_gpio.o
    0x0800307a   0x0800307a   0x00000002   PAD
    0x0800307c   0x0800307c   0x0000000c   Code   RO         1971    i.HAL_GetTick       stm32f4xx_hal.o
    0x08003088   0x08003088   0x00000010   Code   RO         1977    i.HAL_IncTick       stm32f4xx_hal.o
    0x08003098   0x08003098   0x00000034   Code   RO         1978    i.HAL_Init          stm32f4xx_hal.o
    0x080030cc   0x080030cc   0x00000098   Code   RO          739    i.HAL_InitTick      stm32f4xx_hal_timebase_tim.o
    0x08003164   0x08003164   0x00000038   Code   RO          715    i.HAL_MspInit       stm32f4xx_hal_msp.o
    0x0800319c   0x0800319c   0x0000001a   Code   RO         1826    i.HAL_NVIC_EnableIRQ  stm32f4xx_hal_cortex.o
    0x080031b6   0x080031b6   0x00000002   PAD
    0x080031b8   0x080031b8   0x00000040   Code   RO         1832    i.HAL_NVIC_SetPriority  stm32f4xx_hal_cortex.o
    0x080031f8   0x080031f8   0x00000024   Code   RO         1833    i.HAL_NVIC_SetPriorityGrouping  stm32f4xx_hal_cortex.o
    0x0800321c   0x0800321c   0x00000070   Code   RO         1755    i.HAL_PWREx_EnableOverDrive  stm32f4xx_hal_pwr_ex.o
    0x0800328c   0x0800328c   0x00000134   Code   RO         1013    i.HAL_RCC_ClockConfig  stm32f4xx_hal_rcc.o
    0x080033c0   0x080033c0   0x00000040   Code   RO         1017    i.HAL_RCC_GetClockConfig  stm32f4xx_hal_rcc.o
    0x08003400   0x08003400   0x00000020   Code   RO         1020    i.HAL_RCC_GetPCLK1Freq  stm32f4xx_hal_rcc.o
    0x08003420   0x08003420   0x00000020   Code   RO         1021    i.HAL_RCC_GetPCLK2Freq  stm32f4xx_hal_rcc.o
    0x08003440   0x08003440   0x00000064   Code   RO         1022    i.HAL_RCC_GetSysClockFreq  stm32f4xx_hal_rcc.o
    0x080034a4   0x080034a4   0x0000036c   Code   RO         1025    i.HAL_RCC_OscConfig  stm32f4xx_hal_rcc.o
    0x08003810   0x08003810   0x00000002   Code   RO         2233    i.HAL_SPI_ErrorCallback  stm32f4xx_hal_spi.o
    0x08003812   0x08003812   0x000000bc   Code   RO         2237    i.HAL_SPI_Init      stm32f4xx_hal_spi.o
    0x080038ce   0x080038ce   0x00000002   PAD
    0x080038d0   0x080038d0   0x00000178   Code   RO          420    i.HAL_SPI_MspInit   spi.o
    0x08003a48   0x08003a48   0x000001e2   Code   RO         2246    i.HAL_SPI_TransmitReceive  stm32f4xx_hal_spi.o
    0x08003c2a   0x08003c2a   0x00000002   PAD
    0x08003c2c   0x08003c2c   0x000000d8   Code   RO         2249    i.HAL_SPI_Transmit_DMA  stm32f4xx_hal_spi.o
    0x08003d04   0x08003d04   0x00000002   Code   RO         2251    i.HAL_SPI_TxCpltCallback  stm32f4xx_hal_spi.o
    0x08003d06   0x08003d06   0x00000002   Code   RO         2252    i.HAL_SPI_TxHalfCpltCallback  stm32f4xx_hal_spi.o
    0x08003d08   0x08003d08   0x00000002   Code   RO         3254    i.HAL_TIMEx_BreakCallback  stm32f4xx_hal_tim_ex.o
    0x08003d0a   0x08003d0a   0x00000002   Code   RO         3255    i.HAL_TIMEx_CommutCallback  stm32f4xx_hal_tim_ex.o
    0x08003d0c   0x08003d0c   0x00000090   Code   RO         3273    i.HAL_TIMEx_MasterConfigSynchronization  stm32f4xx_hal_tim_ex.o
    0x08003d9c   0x08003d9c   0x0000005a   Code   RO         2550    i.HAL_TIM_Base_Init  stm32f4xx_hal_tim.o
    0x08003df6   0x08003df6   0x00000002   Code   RO         2552    i.HAL_TIM_Base_MspInit  stm32f4xx_hal_tim.o
    0x08003df8   0x08003df8   0x00000080   Code   RO         2555    i.HAL_TIM_Base_Start_IT  stm32f4xx_hal_tim.o
    0x08003e78   0x08003e78   0x00000002   Code   RO         2584    i.HAL_TIM_IC_CaptureCallback  stm32f4xx_hal_tim.o
    0x08003e7a   0x08003e7a   0x00000166   Code   RO         2598    i.HAL_TIM_IRQHandler  stm32f4xx_hal_tim.o
    0x08003fe0   0x08003fe0   0x00000050   Code   RO          467    i.HAL_TIM_MspPostInit  tim.o
    0x08004030   0x08004030   0x00000002   Code   RO         2601    i.HAL_TIM_OC_DelayElapsedCallback  stm32f4xx_hal_tim.o
    0x08004032   0x08004032   0x000000cc   Code   RO         2622    i.HAL_TIM_PWM_ConfigChannel  stm32f4xx_hal_tim.o
    0x080040fe   0x080040fe   0x0000005a   Code   RO         2625    i.HAL_TIM_PWM_Init  stm32f4xx_hal_tim.o
    0x08004158   0x08004158   0x00000028   Code   RO          469    i.HAL_TIM_PWM_MspInit  tim.o
    0x08004180   0x08004180   0x00000002   Code   RO         2628    i.HAL_TIM_PWM_PulseFinishedCallback  stm32f4xx_hal_tim.o
    0x08004182   0x08004182   0x00000002   PAD
    0x08004184   0x08004184   0x000000c8   Code   RO         2630    i.HAL_TIM_PWM_Start  stm32f4xx_hal_tim.o
    0x0800424c   0x0800424c   0x0000000e   Code   RO           14    i.HAL_TIM_PeriodElapsedCallback  main.o
    0x0800425a   0x0800425a   0x00000002   Code   RO         2641    i.HAL_TIM_TriggerCallback  stm32f4xx_hal_tim.o
    0x0800425c   0x0800425c   0x00000002   Code   RO         3532    i.HAL_UARTEx_RxEventCallback  stm32f4xx_hal_uart.o
    0x0800425e   0x0800425e   0x00000070   Code   RO         3544    i.HAL_UART_DMAStop  stm32f4xx_hal_uart.o
    0x080042ce   0x080042ce   0x00000012   Code   RO         5540    i.HAL_UART_ErrorCallback  bsp_usart.o
    0x080042e0   0x080042e0   0x00000268   Code   RO         3549    i.HAL_UART_IRQHandler  stm32f4xx_hal_uart.o
    0x08004548   0x08004548   0x00000062   Code   RO         3550    i.HAL_UART_Init     stm32f4xx_hal_uart.o
    0x080045aa   0x080045aa   0x00000002   PAD
    0x080045ac   0x080045ac   0x000001e0   Code   RO          516    i.HAL_UART_MspInit  usart.o
    0x0800478c   0x0800478c   0x0000002a   Code   RO         3554    i.HAL_UART_Receive_DMA  stm32f4xx_hal_uart.o
    0x080047b6   0x080047b6   0x0000002a   Code   RO         3555    i.HAL_UART_Receive_IT  stm32f4xx_hal_uart.o
    0x080047e0   0x080047e0   0x00000068   Code   RO         5541    i.HAL_UART_RxCpltCallback  bsp_usart.o
    0x08004848   0x08004848   0x00000002   Code   RO         3557    i.HAL_UART_RxHalfCpltCallback  stm32f4xx_hal_uart.o
    0x0800484a   0x0800484a   0x00000002   PAD
    0x0800484c   0x0800484c   0x0000008c   Code   RO         3559    i.HAL_UART_Transmit_DMA  stm32f4xx_hal_uart.o
    0x080048d8   0x080048d8   0x00000002   Code   RO         3561    i.HAL_UART_TxCpltCallback  stm32f4xx_hal_uart.o
    0x080048da   0x080048da   0x00000002   Code   RO         3562    i.HAL_UART_TxHalfCpltCallback  stm32f4xx_hal_uart.o
    0x080048dc   0x080048dc   0x000000fc   Code   RO         7064    i.H_K_R_Adjustment  kalman_filter.o
    0x080049d8   0x080049d8   0x00000002   Code   RO          585    i.HardFault_Handler  stm32f4xx_it.o
    0x080049da   0x080049da   0x00000002   PAD
    0x080049dc   0x080049dc   0x00000244   Code   RO         6453    i.IMU_Param_Correction  ins_task.o
    0x08004c20   0x08004c20   0x00000158   Code   RO         7386    i.IMU_QuaternionEKF_F_Linearization_P_Fading  quaternionekf.o
    0x08004d78   0x08004d78   0x000000dc   Code   RO         7387    i.IMU_QuaternionEKF_Init  quaternionekf.o
    0x08004e54   0x08004e54   0x00000034   Code   RO         7388    i.IMU_QuaternionEKF_Observe  quaternionekf.o
    0x08004e88   0x08004e88   0x000000c4   Code   RO         7389    i.IMU_QuaternionEKF_SetH  quaternionekf.o
    0x08004f4c   0x08004f4c   0x00000414   Code   RO         7390    i.IMU_QuaternionEKF_Update  quaternionekf.o
    0x08005360   0x08005360   0x000003b8   Code   RO         7391    i.IMU_QuaternionEKF_xhatUpdate  quaternionekf.o
    0x08005718   0x08005718   0x00000060   Code   RO         6454    i.IMU_Temperature_Ctrl  ins_task.o
    0x08005778   0x08005778   0x000000bc   Code   RO         6455    i.INS_Init          ins_task.o
    0x08005834   0x08005834   0x000001e4   Code   RO         6456    i.INS_Task          ins_task.o
    0x08005a18   0x08005a18   0x00000138   Code   RO         7022    i.JudgeData         judge.o
    0x08005b50   0x08005b50   0x000003e8   Code   RO         7065    i.Kalman_Filter_Init  kalman_filter.o
    0x08005f38   0x08005f38   0x00000048   Code   RO         7066    i.Kalman_Filter_Measure  kalman_filter.o
    0x08005f80   0x08005f80   0x0000006a   Code   RO         7067    i.Kalman_Filter_P_Update  kalman_filter.o
    0x08005fea   0x08005fea   0x0000006c   Code   RO         7068    i.Kalman_Filter_PminusUpdate  kalman_filter.o
    0x08006056   0x08006056   0x000000cc   Code   RO         7069    i.Kalman_Filter_SetK  kalman_filter.o
    0x08006122   0x08006122   0x00000002   PAD
    0x08006124   0x08006124   0x000000e8   Code   RO         7070    i.Kalman_Filter_Update  kalman_filter.o
    0x0800620c   0x0800620c   0x00000074   Code   RO         7071    i.Kalman_Filter_xhatMinusUpdate  kalman_filter.o
    0x08006280   0x08006280   0x00000084   Code   RO         7072    i.Kalman_Filter_xhatUpdate  kalman_filter.o
    0x08006304   0x08006304   0x00000044   Code   RO          355    i.MX_CAN1_Init      can.o
    0x08006348   0x08006348   0x0000007c   Code   RO          395    i.MX_DMA_Init       dma.o
    0x080063c4   0x080063c4   0x0000003c   Code   RO          291    i.MX_FREERTOS_Init  freertos.o
    0x08006400   0x08006400   0x000001bc   Code   RO          267    i.MX_GPIO_Init      gpio.o
    0x080065bc   0x080065bc   0x00000044   Code   RO          421    i.MX_SPI1_Init      spi.o
    0x08006600   0x08006600   0x00000048   Code   RO          422    i.MX_SPI5_Init      spi.o
    0x08006648   0x08006648   0x00000070   Code   RO          470    i.MX_TIM3_Init      tim.o
    0x080066b8   0x080066b8   0x00000038   Code   RO          517    i.MX_UART7_Init     usart.o
    0x080066f0   0x080066f0   0x0000003c   Code   RO          518    i.MX_USART1_UART_Init  usart.o
    0x0800672c   0x0800672c   0x00000038   Code   RO          519    i.MX_USART3_UART_Init  usart.o
    0x08006764   0x08006764   0x00000038   Code   RO          520    i.MX_USART6_UART_Init  usart.o
    0x0800679c   0x0800679c   0x00000002   Code   RO          586    i.MemManage_Handler  stm32f4xx_it.o
    0x0800679e   0x0800679e   0x00000002   Code   RO          587    i.NMI_Handler       stm32f4xx_it.o
    0x080067a0   0x080067a0   0x0000002c   Code   RO         5796    i.OLED_Clear        oled.o
    0x080067cc   0x080067cc   0x00000020   Code   RO         5797    i.OLED_ClearPoint   oled.o
    0x080067ec   0x080067ec   0x00000018   Code   RO         5798    i.OLED_ColorTurn    oled.o
    0x08006804   0x08006804   0x0000002c   Code   RO         5801    i.OLED_DisplayTurn  oled.o
    0x08006830   0x08006830   0x0000001c   Code   RO         5804    i.OLED_DrawPoint    oled.o
    0x0800684c   0x0800684c   0x0000002a   Code   RO         5805    i.OLED_DrawSquare   oled.o
    0x08006876   0x08006876   0x00000002   PAD
    0x08006878   0x08006878   0x00000110   Code   RO         5806    i.OLED_Init         oled.o
    0x08006988   0x08006988   0x00000044   Code   RO         5808    i.OLED_Printf       oled.o
    0x080069cc   0x080069cc   0x0000004c   Code   RO         5809    i.OLED_Refresh      oled.o
    0x08006a18   0x08006a18   0x000000ac   Code   RO         5811    i.OLED_ShowChar     oled.o
    0x08006ac4   0x08006ac4   0x00000040   Code   RO         5815    i.OLED_ShowString   oled.o
    0x08006b04   0x08006b04   0x00000038   Code   RO         5817    i.OLED_WR_Byte      oled.o
    0x08006b3c   0x08006b3c   0x000001f4   Code   RO         7146    i.OLS_Derivative    user_lib.o
    0x08006d30   0x08006d30   0x00000042   Code   RO         7147    i.OLS_Init          user_lib.o
    0x08006d72   0x08006d72   0x000000f2   Code   RO         5405    i.PID_AbsoluteMode  pid.o
    0x08006e64   0x08006e64   0x0000044c   Code   RO         7286    i.PID_Calculate     controller.o
    0x080072b0   0x080072b0   0x0000006e   Code   RO         7287    i.PID_Init          controller.o
    0x0800731e   0x0800731e   0x00000022   Code   RO         2265    i.SPI_DMAError      stm32f4xx_hal_spi.o
    0x08007340   0x08007340   0x0000000a   Code   RO         2267    i.SPI_DMAHalfTransmitCplt  stm32f4xx_hal_spi.o
    0x0800734a   0x0800734a   0x00000064   Code   RO         2271    i.SPI_DMATransmitCplt  stm32f4xx_hal_spi.o
    0x080073ae   0x080073ae   0x00000002   PAD
    0x080073b0   0x080073b0   0x00000058   Code   RO         2275    i.SPI_EndRxTxTransaction  stm32f4xx_hal_spi.o
    0x08007408   0x08007408   0x000000b8   Code   RO         2280    i.SPI_WaitFlagStateUntilTimeout  stm32f4xx_hal_spi.o
    0x080074c0   0x080074c0   0x000002e8   Code   RO         6338    i.StartdebugTask    debugtask.o
    0x080077a8   0x080077a8   0x000000f0   Code   RO         6420    i.Startmotor_task   motortask.o
    0x08007898   0x08007898   0x0000002c   Code   RO         5329    i.SysTick_Handler   port.o
    0x080078c4   0x080078c4   0x00000088   Code   RO           15    i.SystemClock_Config  main.o
    0x0800794c   0x0800794c   0x00000010   Code   RO         3879    i.SystemInit        system_stm32f4xx.o
    0x0800795c   0x0800795c   0x0000000c   Code   RO          588    i.TIM2_IRQHandler   stm32f4xx_it.o
    0x08007968   0x08007968   0x000000c8   Code   RO         2643    i.TIM_Base_SetConfig  stm32f4xx_hal_tim.o
    0x08007a30   0x08007a30   0x0000001a   Code   RO         2644    i.TIM_CCxChannelCmd  stm32f4xx_hal_tim.o
    0x08007a4a   0x08007a4a   0x00000002   PAD
    0x08007a4c   0x08007a4c   0x00000060   Code   RO         2656    i.TIM_OC1_SetConfig  stm32f4xx_hal_tim.o
    0x08007aac   0x08007aac   0x0000006c   Code   RO         2657    i.TIM_OC2_SetConfig  stm32f4xx_hal_tim.o
    0x08007b18   0x08007b18   0x00000068   Code   RO         2658    i.TIM_OC3_SetConfig  stm32f4xx_hal_tim.o
    0x08007b80   0x08007b80   0x00000050   Code   RO         2659    i.TIM_OC4_SetConfig  stm32f4xx_hal_tim.o
    0x08007bd0   0x08007bd0   0x0000002a   Code   RO         6154    i.TIM_Set_PWM       bsp_pwm.o
    0x08007bfa   0x08007bfa   0x00000002   PAD
    0x08007bfc   0x08007bfc   0x00000198   Code   RO         7447    i.TargetFindOut     target_finder.o
    0x08007d94   0x08007d94   0x0000002e   Code   RO         7448    i.TargetInit        target_finder.o
    0x08007dc2   0x08007dc2   0x00000002   PAD
    0x08007dc4   0x08007dc4   0x0000000c   Code   RO          589    i.UART7_IRQHandler  stm32f4xx_it.o
    0x08007dd0   0x08007dd0   0x00000010   Code   RO         3563    i.UART_DMAAbortOnError  stm32f4xx_hal_uart.o
    0x08007de0   0x08007de0   0x0000004a   Code   RO         3564    i.UART_DMAError     stm32f4xx_hal_uart.o
    0x08007e2a   0x08007e2a   0x00000082   Code   RO         3565    i.UART_DMAReceiveCplt  stm32f4xx_hal_uart.o
    0x08007eac   0x08007eac   0x0000001a   Code   RO         3567    i.UART_DMARxHalfCplt  stm32f4xx_hal_uart.o
    0x08007ec6   0x08007ec6   0x00000042   Code   RO         3569    i.UART_DMATransmitCplt  stm32f4xx_hal_uart.o
    0x08007f08   0x08007f08   0x0000000a   Code   RO         3571    i.UART_DMATxHalfCplt  stm32f4xx_hal_uart.o
    0x08007f12   0x08007f12   0x0000004e   Code   RO         3573    i.UART_EndRxTransfer  stm32f4xx_hal_uart.o
    0x08007f60   0x08007f60   0x0000001c   Code   RO         3574    i.UART_EndTxTransfer  stm32f4xx_hal_uart.o
    0x08007f7c   0x08007f7c   0x000000c0   Code   RO         3575    i.UART_Receive_IT   stm32f4xx_hal_uart.o
    0x0800803c   0x0800803c   0x0000010c   Code   RO         3576    i.UART_SetConfig    stm32f4xx_hal_uart.o
    0x08008148   0x08008148   0x00000094   Code   RO         3577    i.UART_Start_Receive_DMA  stm32f4xx_hal_uart.o
    0x080081dc   0x080081dc   0x0000003a   Code   RO         3578    i.UART_Start_Receive_IT  stm32f4xx_hal_uart.o
    0x08008216   0x08008216   0x00000002   PAD
    0x08008218   0x08008218   0x00000038   Code   RO         5542    i.USART1_IDLE_IRQ   bsp_usart.o
    0x08008250   0x08008250   0x00000004   Code   RO          590    i.USART1_IRQHandler  stm32f4xx_it.o
    0x08008254   0x08008254   0x0000000c   Code   RO          591    i.USART3_IRQHandler  stm32f4xx_it.o
    0x08008260   0x08008260   0x0000000c   Code   RO          592    i.USART6_IRQHandler  stm32f4xx_it.o
    0x0800826c   0x0800826c   0x00000024   Code   RO         5543    i.USART_DMA_Enable  bsp_usart.o
    0x08008290   0x08008290   0x00000014   Code   RO         5544    i.USART_Enable      bsp_usart.o
    0x080082a4   0x080082a4   0x00000002   Code   RO          593    i.UsageFault_Handler  stm32f4xx_it.o
    0x080082a6   0x080082a6   0x00000002   PAD
    0x080082a8   0x080082a8   0x0000003c   Code   RO         6965    i.Verify_CRC16_Check_Sum  crc.o
    0x080082e4   0x080082e4   0x00000026   Code   RO         6966    i.Verify_CRC8_Check_Sum  crc.o
    0x0800830a   0x0800830a   0x00000002   PAD
    0x0800830c   0x0800830c   0x00000024   Code   RO         8105    i.__0vsprintf       mc_w.l(printfa.o)
    0x08008330   0x08008330   0x00000026   Code   RO         8175    i.__ARM_fpclassifyf  m_wm.l(fpclassifyf.o)
    0x08008356   0x08008356   0x00000020   Code   RO         1839    i.__NVIC_SetPriority  stm32f4xx_hal_cortex.o
    0x08008376   0x08008376   0x00000002   PAD
    0x08008378   0x08008378   0x00000118   Code   RO         7777    i.__hardfp_acosf    m_wm.l(acosf.o)
    0x08008490   0x08008490   0x0000012c   Code   RO         7789    i.__hardfp_asinf    m_wm.l(asinf.o)
    0x080085bc   0x080085bc   0x000002ac   Code   RO         7801    i.__hardfp_atan2f   m_wm.l(atan2f.o)
    0x08008868   0x08008868   0x00000038   Code   RO         7813    i.__hardfp_atof     m_wm.l(atof.o)
    0x080088a0   0x080088a0   0x00000048   Code   RO         7819    i.__hardfp_fmaxf    m_wm.l(fmaxf.o)
    0x080088e8   0x080088e8   0x00000048   Code   RO         7823    i.__hardfp_fminf    m_wm.l(fminf.o)
    0x08008930   0x08008930   0x0000003a   Code   RO         7833    i.__hardfp_sqrtf    m_wm.l(sqrtf_full.o)
    0x0800896a   0x0800896a   0x00000006   Code   RO         8178    i.__mathlib_flt_infnan  m_wm.l(funder.o)
    0x08008970   0x08008970   0x00000006   Code   RO         8179    i.__mathlib_flt_infnan2  m_wm.l(funder.o)
    0x08008976   0x08008976   0x00000002   PAD
    0x08008978   0x08008978   0x00000010   Code   RO         8180    i.__mathlib_flt_invalid  m_wm.l(funder.o)
    0x08008988   0x08008988   0x00000010   Code   RO         8183    i.__mathlib_flt_underflow  m_wm.l(funder.o)
    0x08008998   0x08008998   0x0000000c   Code   RO         8219    i.__read_errno      mc_w.l(errno.o)
    0x080089a4   0x080089a4   0x0000000e   Code   RO         8259    i.__scatterload_copy  mc_w.l(handlers.o)
    0x080089b2   0x080089b2   0x00000002   Code   RO         8260    i.__scatterload_null  mc_w.l(handlers.o)
    0x080089b4   0x080089b4   0x0000000e   Code   RO         8261    i.__scatterload_zeroinit  mc_w.l(handlers.o)
    0x080089c2   0x080089c2   0x00000002   PAD
    0x080089c4   0x080089c4   0x0000000c   Code   RO         8220    i.__set_errno       mc_w.l(errno.o)
    0x080089d0   0x080089d0   0x00000184   Code   RO         8106    i._fp_digits        mc_w.l(printfa.o)
    0x08008b54   0x08008b54   0x0000000e   Code   RO         8248    i._is_digit         mc_w.l(scanf_fp.o)
    0x08008b62   0x08008b62   0x00000002   PAD
    0x08008b64   0x08008b64   0x000006b4   Code   RO         8107    i._printf_core      mc_w.l(printfa.o)
    0x08009218   0x08009218   0x00000024   Code   RO         8108    i._printf_post_padding  mc_w.l(printfa.o)
    0x0800923c   0x0800923c   0x0000002e   Code   RO         8109    i._printf_pre_padding  mc_w.l(printfa.o)
    0x0800926a   0x0800926a   0x0000000a   Code   RO         8111    i._sputc            mc_w.l(printfa.o)
    0x08009274   0x08009274   0x00000170   Code   RO         6279    i.chassis_control_loop_init  chassis_control.o
    0x080093e4   0x080093e4   0x00000150   Code   RO         6280    i.chassis_control_loop_reset  chassis_control.o
    0x08009534   0x08009534   0x0000025c   Code   RO         6281    i.chassis_motor_control_loop_pid_control  chassis_control.o
    0x08009790   0x08009790   0x0000001c   Code   RO         5499    i.dubs_data_init    bsp_dubs.o
    0x080097ac   0x080097ac   0x000000b2   Code   RO         7290    i.f_Changing_Integration_Rate  controller.o
    0x0800985e   0x0800985e   0x00000002   PAD
    0x08009860   0x08009860   0x000000ba   Code   RO         7291    i.f_Derivative_On_Measurement  controller.o
    0x0800991a   0x0800991a   0x0000009a   Code   RO         7292    i.f_Integral_Limit  controller.o
    0x080099b4   0x080099b4   0x00000020   Code   RO         7152    i.float_constrain   user_lib.o
    0x080099d4   0x080099d4   0x00000022   Code   RO         7154    i.float_rounding    user_lib.o
    0x080099f6   0x080099f6   0x00000002   PAD
    0x080099f8   0x080099f8   0x00000380   Code   RO         6182    i.game_model        chassis_behavior.o
    0x08009d78   0x08009d78   0x0000010c   Code   RO         5500    i.get_dbus_data     bsp_dubs.o
    0x08009e84   0x08009e84   0x00000160   Code   RO         6184    i.intermediate_data_compensation  chassis_behavior.o
    0x08009fe4   0x08009fe4   0x0000002c   Code   RO         7392    i.invSqrt           quaternionekf.o
    0x0800a010   0x0800a010   0x000000a8   Code   RO         5631    i.io_init           bsp_io.o
    0x0800a0b8   0x0800a0b8   0x000001b0   Code   RO         5632    i.led_show          bsp_io.o
    0x0800a268   0x0800a268   0x00000040   Code   RO         5633    i.led_show_color    bsp_io.o
    0x0800a2a8   0x0800a2a8   0x000000ac   Code   RO           16    i.main              main.o
    0x0800a354   0x0800a354   0x0000000c   Code   RO         4894    i.makeFreeRtosPriority  cmsis_os.o
    0x0800a360   0x0800a360   0x0000006c   Code   RO         8128    i.malloc            mc_w.l(malloc.o)
    0x0800a3cc   0x0800a3cc   0x000000b0   Code   RO         5962    i.mpu_device_init   bsp_imu.o
    0x0800a47c   0x0800a47c   0x00000100   Code   RO         5963    i.mpu_get_data      bsp_imu.o
    0x0800a57c   0x0800a57c   0x0000004c   Code   RO         5965    i.mpu_read_byte     bsp_imu.o
    0x0800a5c8   0x0800a5c8   0x0000005c   Code   RO         5966    i.mpu_read_bytes    bsp_imu.o
    0x0800a624   0x0800a624   0x0000000a   Code   RO         5967    i.mpu_set_accel_fsr  bsp_imu.o
    0x0800a62e   0x0800a62e   0x0000000a   Code   RO         5968    i.mpu_set_gyro_fsr  bsp_imu.o
    0x0800a638   0x0800a638   0x00000050   Code   RO         5969    i.mpu_write_byte    bsp_imu.o
    0x0800a688   0x0800a688   0x0000000e   Code   RO         4896    i.osDelay           cmsis_os.o
    0x0800a696   0x0800a696   0x0000000a   Code   RO         4899    i.osKernelStart     cmsis_os.o
    0x0800a6a0   0x0800a6a0   0x00000054   Code   RO         4933    i.osThreadCreate    cmsis_os.o
    0x0800a6f4   0x0800a6f4   0x0000003c   Code   RO         5407    i.pid_abs_param_init  pid.o
    0x0800a730   0x0800a730   0x0000008c   Code   RO         6187    i.process_motor_encoder_to_serial  chassis_behavior.o
    0x0800a7bc   0x0800a7bc   0x00000078   Code   RO         4400    i.prvAddCurrentTaskToDelayedList  tasks.o
    0x0800a834   0x0800a834   0x000000d0   Code   RO         4401    i.prvAddNewTaskToReadyList  tasks.o
    0x0800a904   0x0800a904   0x00000058   Code   RO         4748    i.prvCheckForValidListAndQueue  timers.o
    0x0800a95c   0x0800a95c   0x00000026   Code   RO         4057    i.prvCopyDataFromQueue  queue.o
    0x0800a982   0x0800a982   0x0000006c   Code   RO         4058    i.prvCopyDataToQueue  queue.o
    0x0800a9ee   0x0800a9ee   0x00000034   Code   RO         4402    i.prvDeleteTCB      tasks.o
    0x0800aa22   0x0800aa22   0x00000002   PAD
    0x0800aa24   0x0800aa24   0x0000004c   Code   RO         5273    i.prvHeapInit       heap_4.o
    0x0800aa70   0x0800aa70   0x00000060   Code   RO         4403    i.prvIdleTask       tasks.o
    0x0800aad0   0x0800aad0   0x00000016   Code   RO         4060    i.prvInitialiseNewQueue  queue.o
    0x0800aae6   0x0800aae6   0x00000002   PAD
    0x0800aae8   0x0800aae8   0x000000b4   Code   RO         4404    i.prvInitialiseNewTask  tasks.o
    0x0800ab9c   0x0800ab9c   0x0000004c   Code   RO         5274    i.prvInsertBlockIntoFreeList  heap_4.o
    0x0800abe8   0x0800abe8   0x00000038   Code   RO         4750    i.prvInsertTimerInActiveList  timers.o
    0x0800ac20   0x0800ac20   0x0000001c   Code   RO         4061    i.prvIsQueueEmpty   queue.o
    0x0800ac3c   0x0800ac3c   0x000000f0   Code   RO         4751    i.prvProcessReceivedCommands  timers.o
    0x0800ad2c   0x0800ad2c   0x000000c0   Code   RO         4752    i.prvProcessTimerOrBlockTask  timers.o
    0x0800adec   0x0800adec   0x00000020   Code   RO         4405    i.prvResetNextTaskUnblockTime  tasks.o
    0x0800ae0c   0x0800ae0c   0x00000028   Code   RO         4753    i.prvSampleTimeNow  timers.o
    0x0800ae34   0x0800ae34   0x0000006c   Code   RO         4754    i.prvSwitchTimerLists  timers.o
    0x0800aea0   0x0800aea0   0x00000028   Code   RO         5330    i.prvTaskExitError  port.o
    0x0800aec8   0x0800aec8   0x00000024   Code   RO         4755    i.prvTimerTask      timers.o
    0x0800aeec   0x0800aeec   0x0000006a   Code   RO         4062    i.prvUnlockQueue    queue.o
    0x0800af56   0x0800af56   0x00000002   PAD
    0x0800af58   0x0800af58   0x000000dc   Code   RO         5275    i.pvPortMalloc      heap_4.o
    0x0800b034   0x0800b034   0x0000002c   Code   RO         5331    i.pxPortInitialiseStack  port.o
    0x0800b060   0x0800b060   0x000001cc   Code   RO         6188    i.rc_to_motor       chassis_behavior.o
    0x0800b22c   0x0800b22c   0x00000134   Code   RO         6189    i.rc_to_task        chassis_behavior.o
    0x0800b360   0x0800b360   0x0000003e   Code   RO         7835    i.sqrtf             m_wm.l(sqrtf_full.o)
    0x0800b39e   0x0800b39e   0x0000001c   Code   RO         7449    i.u8Arry2float      target_finder.o
    0x0800b3ba   0x0800b3ba   0x00000002   PAD
    0x0800b3bc   0x0800b3bc   0x00000038   Code   RO         6339    i.uart_dma_printf   debugtask.o
    0x0800b3f4   0x0800b3f4   0x00000026   Code   RO         4017    i.uxListRemove      list.o
    0x0800b41a   0x0800b41a   0x00000002   PAD
    0x0800b41c   0x0800b41c   0x00000014   Code   RO          294    i.vApplicationGetIdleTaskMemory  freertos.o
    0x0800b430   0x0800b430   0x00000018   Code   RO          295    i.vApplicationGetTimerTaskMemory  freertos.o
    0x0800b448   0x0800b448   0x00000016   Code   RO         4018    i.vListInitialise   list.o
    0x0800b45e   0x0800b45e   0x00000006   Code   RO         4019    i.vListInitialiseItem  list.o
    0x0800b464   0x0800b464   0x00000030   Code   RO         4020    i.vListInsert       list.o
    0x0800b494   0x0800b494   0x00000018   Code   RO         4021    i.vListInsertEnd    list.o
    0x0800b4ac   0x0800b4ac   0x00000040   Code   RO         5333    i.vPortEnterCritical  port.o
    0x0800b4ec   0x0800b4ec   0x00000028   Code   RO         5334    i.vPortExitCritical  port.o
    0x0800b514   0x0800b514   0x00000064   Code   RO         5276    i.vPortFree         heap_4.o
    0x0800b578   0x0800b578   0x00000024   Code   RO         5335    i.vPortSetupTimerInterrupt  port.o
    0x0800b59c   0x0800b59c   0x00000054   Code   RO         5336    i.vPortValidateInterruptPriority  port.o
    0x0800b5f0   0x0800b5f0   0x00000028   Code   RO         4066    i.vQueueAddToRegistry  queue.o
    0x0800b618   0x0800b618   0x00000044   Code   RO         4069    i.vQueueWaitForMessageRestricted  queue.o
    0x0800b65c   0x0800b65c   0x0000004c   Code   RO         4416    i.vTaskDelay        tasks.o
    0x0800b6a8   0x0800b6a8   0x00000010   Code   RO         4420    i.vTaskInternalSetTimeOutState  tasks.o
    0x0800b6b8   0x0800b6b8   0x0000000c   Code   RO         4421    i.vTaskMissedYield  tasks.o
    0x0800b6c4   0x0800b6c4   0x00000030   Code   RO         4423    i.vTaskPlaceOnEventList  tasks.o
    0x0800b6f4   0x0800b6f4   0x00000038   Code   RO         4424    i.vTaskPlaceOnEventListRestricted  tasks.o
    0x0800b72c   0x0800b72c   0x00000088   Code   RO         4431    i.vTaskStartScheduler  tasks.o
    0x0800b7b4   0x0800b7b4   0x00000010   Code   RO         4433    i.vTaskSuspendAll   tasks.o
    0x0800b7c4   0x0800b7c4   0x0000005c   Code   RO         4434    i.vTaskSwitchContext  tasks.o
    0x0800b820   0x0800b820   0x000000f4   Code   RO         5337    i.xPortStartScheduler  port.o
    0x0800b914   0x0800b914   0x00000066   Code   RO         4073    i.xQueueGenericCreateStatic  queue.o
    0x0800b97a   0x0800b97a   0x00000002   PAD
    0x0800b97c   0x0800b97c   0x00000088   Code   RO         4074    i.xQueueGenericReset  queue.o
    0x0800ba04   0x0800ba04   0x00000160   Code   RO         4075    i.xQueueGenericSend  queue.o
    0x0800bb64   0x0800bb64   0x000000be   Code   RO         4076    i.xQueueGenericSendFromISR  queue.o
    0x0800bc22   0x0800bc22   0x00000002   PAD
    0x0800bc24   0x0800bc24   0x00000138   Code   RO         4084    i.xQueueReceive     queue.o
    0x0800bd5c   0x0800bd5c   0x00000088   Code   RO         4437    i.xTaskCheckForTimeOut  tasks.o
    0x0800bde4   0x0800bde4   0x0000005a   Code   RO         4438    i.xTaskCreate       tasks.o
    0x0800be3e   0x0800be3e   0x00000056   Code   RO         4439    i.xTaskCreateStatic  tasks.o
    0x0800be94   0x0800be94   0x0000001c   Code   RO         4444    i.xTaskGetSchedulerState  tasks.o
    0x0800beb0   0x0800beb0   0x0000000c   Code   RO         4445    i.xTaskGetTickCount  tasks.o
    0x0800bebc   0x0800bebc   0x000000cc   Code   RO         4447    i.xTaskIncrementTick  tasks.o
    0x0800bf88   0x0800bf88   0x00000098   Code   RO         4450    i.xTaskPriorityDisinherit  tasks.o
    0x0800c020   0x0800c020   0x00000074   Code   RO         4452    i.xTaskRemoveFromEventList  tasks.o
    0x0800c094   0x0800c094   0x000000c4   Code   RO         4453    i.xTaskResumeAll    tasks.o
    0x0800c158   0x0800c158   0x00000060   Code   RO         4762    i.xTimerCreateTimerTask  timers.o
    0x0800c1b8   0x0800c1b8   0x00000060   Code   RO         4763    i.xTimerGenericCommand  timers.o
    0x0800c218   0x0800c218   0x00000038   Data   RO          297    .constdata          freertos.o
    0x0800c250   0x0800c250   0x00000008   Data   RO         1538    .constdata          stm32f4xx_hal_dma.o
    0x0800c258   0x0800c258   0x00000010   Data   RO         3880    .constdata          system_stm32f4xx.o
    0x0800c268   0x0800c268   0x00000008   Data   RO         3881    .constdata          system_stm32f4xx.o
    0x0800c270   0x0800c270   0x000017c0   Data   RO         5819    .constdata          oled.o
    0x0800da30   0x0800da30   0x00000014   Data   RO         5971    .constdata          bsp_imu.o
    0x0800da44   0x0800da44   0x00000150   Data   RO         6191    .constdata          chassis_behavior.o
    0x0800db94   0x0800db94   0x00000030   Data   RO         6460    .constdata          ins_task.o
    0x0800dbc4   0x0800dbc4   0x00000300   Data   RO         6968    .constdata          crc.o
    0x0800dec4   0x0800dec4   0x00000090   Data   RO         7394    .constdata          quaternionekf.o
    0x0800df54   0x0800df54   0x00000804   Data   RO         7754    .constdata          arm_cortexM4lf_math.lib(arm_common_tables.o)
    0x0800e758   0x0800e758   0x00000040   Data   RO         8253    .constdata          mc_w.l(ctype_c.o)
    0x0800e798   0x0800e798   0x00000017   Data   RO          298    .conststring        freertos.o
    0x0800e7af   0x0800e7af   0x00000001   PAD
    0x0800e7b0   0x0800e7b0   0x00000065   Data   RO         6341    .conststring        debugtask.o
    0x0800e815   0x0800e815   0x00000003   PAD
    0x0800e818   0x0800e818   0x00000020   Data   RO         8257    Region$$Table       anon$$obj.o


    Execution Region RW_IRAM2 (Exec base: 0x10000000, Load base: 0x0800ea34, Size: 0x00000000, Max: 0x00010000, ABSOLUTE)

    **** No section assigned to this execution region ****


    Execution Region RW_IRAM1 (Exec base: 0x20000000, Load base: 0x0800e838, Size: 0x000099c0, Max: 0x00030000, ABSOLUTE, COMPRESSED[0x000001fc])

    Exec Addr    Load Addr    Size         Type   Attr      Idx    E Section Name        Object

    0x20000000   COMPRESSED   0x00000008   Data   RW          299    .data               freertos.o
    0x20000008   COMPRESSED   0x0000000c   Data   RW         1985    .data               stm32f4xx_hal.o
    0x20000014   COMPRESSED   0x00000004   Data   RW         3882    .data               system_stm32f4xx.o
    0x20000018   COMPRESSED   0x0000003c   Data   RW         4456    .data               tasks.o
    0x20000054   COMPRESSED   0x00000014   Data   RW         4769    .data               timers.o
    0x20000068   COMPRESSED   0x00000020   Data   RW         5282    .data               heap_4.o
    0x20000088   COMPRESSED   0x0000000c   Data   RW         5338    .data               port.o
    0x20000094   COMPRESSED   0x00000006   Data   RW         5502    .data               bsp_dubs.o
    0x2000009a   COMPRESSED   0x00000001   Data   RW         5549    .data               bsp_usart.o
    0x2000009b   COMPRESSED   0x00000001   Data   RW         5550    .data               bsp_usart.o
    0x2000009c   COMPRESSED   0x00001440   Data   RW         5820    .data               oled.o
    0x200014dc   COMPRESSED   0x0000002e   Data   RW         5972    .data               bsp_imu.o
    0x2000150a   COMPRESSED   0x00000006   PAD
    0x20001510   COMPRESSED   0x00000040   Data   RW         6086    .data               bsp_dwt.o
    0x20001550   COMPRESSED   0x0000005c   Data   RW         6192    .data               chassis_behavior.o
    0x200015ac   COMPRESSED   0x00000024   Data   RW         6283    .data               chassis_control.o
    0x200015d0   COMPRESSED   0x0000000c   Data   RW         6342    .data               debugtask.o
    0x200015dc   COMPRESSED   0x00000044   Data   RW         6461    .data               ins_task.o
    0x20001620   COMPRESSED   0x00000002   Data   RW         6969    .data               crc.o
    0x20001622   COMPRESSED   0x00000002   PAD
    0x20001624   COMPRESSED   0x0000002a   Data   RW         7027    .data               judge.o
    0x2000164e   COMPRESSED   0x00000004   Data   RW         7073    .data               kalman_filter.o
    0x20001652   COMPRESSED   0x00000002   PAD
    0x20001654   COMPRESSED   0x00000014   Data   RW         7163    .data               user_lib.o
    0x20001668   COMPRESSED   0x000000d4   Data   RW         7395    .data               quaternionekf.o
    0x2000173c   COMPRESSED   0x00000004   Data   RW         8216    .data               mc_w.l(mvars.o)
    0x20001740   COMPRESSED   0x00000004   Data   RW         8217    .data               mc_w.l(mvars.o)
    0x20001744   COMPRESSED   0x00000004   Data   RW         8221    .data               mc_w.l(errno.o)
    0x20001748        -       0x000006a8   Zero   RW          296    .bss                freertos.o
    0x20001df0        -       0x00000028   Zero   RW          356    .bss                can.o
    0x20001e18        -       0x000001d0   Zero   RW          423    .bss                spi.o
    0x20001fe8        -       0x00000048   Zero   RW          471    .bss                tim.o
    0x20002030        -       0x000001d0   Zero   RW          521    .bss                usart.o
    0x20002200        -       0x00000048   Zero   RW          742    .bss                stm32f4xx_hal_timebase_tim.o
    0x20002248        -       0x00000040   Zero   RW         4087    .bss                queue.o
    0x20002288        -       0x000000f0   Zero   RW         4455    .bss                tasks.o
    0x20002378        -       0x000000e8   Zero   RW         4768    .bss                timers.o
    0x20002460        -       0x00006000   Zero   RW         5281    .bss                heap_4.o
    0x20008460        -       0x00000016   Zero   RW         5501    .bss                bsp_dubs.o
    0x20008476        -       0x00000042   Zero   RW         5548    .bss                bsp_usart.o
    0x200084b8        -       0x00000480   Zero   RW         5818    .bss                oled.o
    0x20008938        -       0x00000050   Zero   RW         5970    .bss                bsp_imu.o
    0x20008988        -       0x00000030   Zero   RW         6190    .bss                chassis_behavior.o
    0x200089b8        -       0x00000428   Zero   RW         6282    .bss                chassis_control.o
    0x20008de0        -       0x00000080   Zero   RW         6340    .bss                debugtask.o
    0x20008e60        -       0x00000160   Zero   RW         6459    .bss                ins_task.o
    0x20008fc0        -       0x00000190   Zero   RW         7024    .bss                judge.o
    0x20009150        -       0x00000270   Zero   RW         7393    .bss                quaternionekf.o
    0x200093c0        -       0x00000200   Zero   RW            2    HEAP                startup_stm32f427xx.o
    0x200095c0        -       0x00000400   Zero   RW            1    STACK               startup_stm32f427xx.o


==============================================================================

Image component sizes


      Code (inc. data)   RO Data    RW Data    ZI Data      Debug   Object Name

       444         44          0          0          0       5738   bsp_can.o
       296         16          0          6         22       2906   bsp_dubs.o
       448         68          0         64          0       4522   bsp_dwt.o
      1620        136         20         46         80       8739   bsp_imu.o
       664         44          0          0          0       1874   bsp_io.o
        42          0          0          0          0        902   bsp_pwm.o
       234         34          0          2         66       4173   bsp_usart.o
       204         22          0          0         40       1697   can.o
      2156        206        336         92         48      12189   chassis_behavior.o
      1308        150          0         36       1064       5220   chassis_control.o
       120          0          0          0          0      23181   cmsis_os.o
      1728         12          0          0          0       9240   controller.o
       170         16        768          2          0       3571   crc.o
       800        142        101         12        128       1823   debugtask.o
       124          4          0          0          0        838   dma.o
         0          0          0          0          0      19748   event_groups.o
       104         18         79          8       1704       2775   freertos.o
       444         30          0          0          0       1203   gpio.o
       472         24          0         32      24576       4867   heap_4.o
      1816        118         48         68        352      26399   ins_task.o
       312         14          0         42        400       4988   judge.o
      2222         20          0          4          0       9255   kalman_filter.o
       138          0          0          0          0       3546   list.o
       324         52          0          0          0     792648   main.o
       240         44          0          0          0        654   motortask.o
       922         54       6080       5184       1152       9908   oled.o
       302          0          0          0          0       2580   pid.o
       786         82          0         12          0      11825   port.o
      2852        168        144        212        624       8622   quaternionekf.o
      1502         20          0          0         64      17280   queue.o
       516         50          0          0        464       2701   spi.o
        36          8        428          0       1536        832   startup_stm32f427xx.o
       116         18          0         12          0       8850   stm32f4xx_hal.o
      1658          6          0          0          0      14223   stm32f4xx_hal_can.o
       158         14          0          0          0      33162   stm32f4xx_hal_cortex.o
      1084         16          8          0          0       7330   stm32f4xx_hal_dma.o
       600         60          0          0          0       3376   stm32f4xx_hal_gpio.o
        56          4          0          0          0        862   stm32f4xx_hal_msp.o
       112         14          0          0          0       1284   stm32f4xx_hal_pwr_ex.o
      1412         86          0          0          0       5885   stm32f4xx_hal_rcc.o
      1308         26          0          0          0       9362   stm32f4xx_hal_spi.o
      1694        136          0          0          0      13519   stm32f4xx_hal_tim.o
       148         28          0          0          0       2449   stm32f4xx_hal_tim_ex.o
       152         18          0          0         72       1475   stm32f4xx_hal_timebase_tim.o
      2152         44          0          0          0      16870   stm32f4xx_hal_uart.o
       156         66          0          0          0       8892   stm32f4xx_it.o
         0          0          0          0          0        416   stream_buffer.o
        16          4         24          4          0       1123   system_stm32f4xx.o
       482         16          0          0          0       4648   target_finder.o
      2160        160          0         60        240      26812   tasks.o
       232         30          0          0         72       2291   tim.o
       952         80          0         20        232      29755   timers.o
       708         88          0          0        464       3984   usart.o
       632          4          0         20          0       6673   user_lib.o

    ----------------------------------------------------------------------
     39402       2514       8072       5948      33400    1209685   Object Totals
         0          0         32          0          0          0   (incl. Generated)
        68          0          4         10          0          0   (incl. Padding)

    ----------------------------------------------------------------------

      Code (inc. data)   RO Data    RW Data    ZI Data      Debug   Library Member Name

         0          0       2052          0          0       4704   arm_common_tables.o
       120         12          0          0          0      17170   arm_cos_f32.o
       264          0          0          0          0       1826   arm_mat_add_f32.o
         8          0          0          0          0        999   arm_mat_init_f32.o
      1328          4          0          0          0       4782   arm_mat_inverse_f32.o
       316          4          0          0          0       2375   arm_mat_mult_f32.o
       264          0          0          0          0       1826   arm_mat_sub_f32.o
       276          0          0          0          0       2240   arm_mat_trans_f32.o
       148         18          0          0          0        814   arm_sin_f32.o
       280         46          0          0          0        176   acosf.o
       300         42          0          0          0        176   asinf.o
       684         90          0          0          0        208   atan2f.o
        56         12          0          0          0        132   atof.o
        72          0          0          0          0        148   fmaxf.o
        72          0          0          0          0        148   fminf.o
        38          0          0          0          0        116   fpclassifyf.o
        44         12          0          0          0        464   funder.o
       120          0          0          0          0        272   sqrtf_full.o
        86          0          0          0          0          0   __dczerorl2.o
        64          0          0          0          0         84   _sgetc.o
        40          6         64          0          0         68   ctype_c.o
         0          0          0          0          0          0   entry.o
         0          0          0          0          0          0   entry10a.o
         0          0          0          0          0          0   entry11a.o
         4          0          0          0          0          0   entry12b.o
         8          4          0          0          0          0   entry2.o
         4          0          0          0          0          0   entry5.o
         0          0          0          0          0          0   entry7b.o
         0          0          0          0          0          0   entry8b.o
         8          4          0          0          0          0   entry9a.o
        24         12          0          4          0        136   errno.o
        30          0          0          0          0          0   handlers.o
        36          8          0          0          0         68   init.o
        10          0          0          0          0         68   isspace_c.o
         0          0          0          0          0          0   iusefp.o
        30          0          0          0          0         68   llshl.o
        36          0          0          0          0         68   llsshr.o
        32          0          0          0          0         68   llushr.o
       108         16          0          0          0         84   malloc.o
        36          0          0          0          0         68   memcpya.o
        36          0          0          0          0        108   memseta.o
         0          0          0          8          0          0   mvars.o
      2232         86          0          0          0        528   printfa.o
       878         12          0          0          0        216   scanf_fp.o
       156         12          0          0          0        120   strtod.o
        44          0          0          0          0         80   uidiv.o
        98          0          0          0          0         92   uldiv.o
        48          0          0          0          0         68   cdrcmple.o
        56          0          0          0          0         88   d2f.o
       334          0          0          0          0        148   dadd.o
       222          0          0          0          0        100   ddiv.o
       186          0          0          0          0        176   depilogue.o
        48          0          0          0          0         68   dfixul.o
        24          0          0          0          0         76   dfltul.o
       228          0          0          0          0         96   dmul.o
        38          0          0          0          0         68   f2d.o
        54          0          0          0          0         68   fcmp4.o
       110          0          0          0          0        168   fepilogue.o
        66          0          0          0          0         76   ffixl.o
        44          0          0          0          0         92   ffltl.o

    ----------------------------------------------------------------------
      9858        400       2116         12          0      41792   Library Totals
        10          0          0          0          0          0   (incl. Padding)

    ----------------------------------------------------------------------

      Code (inc. data)   RO Data    RW Data    ZI Data      Debug   Library Name

      2724         38       2052          0          0      36736   arm_cortexM4lf_math.lib
      1666        202          0          0          0       1840   m_wm.l
      4000        160         64         12          0       1924   mc_w.l
      1458          0          0          0          0       1292   mf_w.l

    ----------------------------------------------------------------------
      9858        400       2116         12          0      41792   Library Totals

    ----------------------------------------------------------------------

==============================================================================


      Code (inc. data)   RO Data    RW Data    ZI Data      Debug   

     49260       2914      10188       5960      33400    1219697   Grand Totals
     49260       2914      10188        508      33400    1219697   ELF Image Totals (compressed)
     49260       2914      10188        508          0          0   ROM Totals

==============================================================================

    Total RO  Size (Code + RO Data)                59448 (  58.05kB)
    Total RW  Size (RW Data + ZI Data)             39360 (  38.44kB)
    Total ROM Size (Code + RO Data + RW Data)      59956 (  58.55kB)

==============================================================================

